<!doctype html public "-//w3c//dtd html 4.0 transitional//en">
<html><head>
<title>Static Call Graph - [.\Out\Project.axf]</title></head>
<body><HR>
<H1>Static Call Graph for image .\Out\Project.axf</H1><HR>
<BR><P>#&#060CALLGRAPH&#062# ARM Linker, 5050106: Last Updated: Wed Aug 17 22:22:12 2016
<BR><P>
<H3>Maximum Stack Usage =        324 bytes + Unknown(Functions without stacksize, Cycles, Untraceable Function Pointers)</H3><H3>
Call chain for Maximum Stack Depth:</H3>
hb_task &rArr; upload_status_data &rArr; sendto_host &rArr; send_data &rArr; OSTimeDlyHMSM &rArr; OS_TickListInsert
<P>
<H3>
Functions with no stack information
</H3><UL>
 <LI><a href="#[138]">CPU_IntDis</a>
 <LI><a href="#[139]">CPU_IntEn</a>
 <LI><a href="#[6e]">CPU_SR_Save</a>
 <LI><a href="#[6f]">CPU_SR_Restore</a>
 <LI><a href="#[c9]">CPU_CntLeadZeros</a>
 <LI><a href="#[13a]">CPU_RevBits</a>
 <LI><a href="#[13b]">CPU_WaitForInt</a>
 <LI><a href="#[13c]">CPU_WaitForExcept</a>
 <LI><a href="#[98]">OSStartHighRdy</a>
 <LI><a href="#[8]">OS_CPU_PendSVHandler</a>
</UL>
</UL>
<P>
<H3>
Mutually Recursive functions
</H3> <LI><a href="#[1c]">ADC1_2_IRQHandler</a>&nbsp;&nbsp;&nbsp;&rArr;&nbsp;&nbsp;&nbsp;<a href="#[1c]">ADC1_2_IRQHandler</a><BR>
</UL>
<P>
<H3>
Function Pointers
</H3><UL>
 <LI><a href="#[1c]">ADC1_2_IRQHandler</a> from startup_stm32f10x_hd.o(.text) referenced from startup_stm32f10x_hd.o(RESET)
 <LI><a href="#[39]">ADC3_IRQHandler</a> from startup_stm32f10x_hd.o(.text) referenced from startup_stm32f10x_hd.o(RESET)
 <LI><a href="#[51]">AppTaskStart</a> from task.o(i.AppTaskStart) referenced from main.o(i.main)
 <LI><a href="#[4]">BusFault_Handler</a> from stm32f10x_it.o(i.BusFault_Handler) referenced from startup_stm32f10x_hd.o(RESET)
 <LI><a href="#[1f]">CAN1_RX1_IRQHandler</a> from startup_stm32f10x_hd.o(.text) referenced from startup_stm32f10x_hd.o(RESET)
 <LI><a href="#[20]">CAN1_SCE_IRQHandler</a> from startup_stm32f10x_hd.o(.text) referenced from startup_stm32f10x_hd.o(RESET)
 <LI><a href="#[15]">DMA1_Channel1_IRQHandler</a> from startup_stm32f10x_hd.o(.text) referenced from startup_stm32f10x_hd.o(RESET)
 <LI><a href="#[16]">DMA1_Channel2_IRQHandler</a> from startup_stm32f10x_hd.o(.text) referenced from startup_stm32f10x_hd.o(RESET)
 <LI><a href="#[17]">DMA1_Channel3_IRQHandler</a> from startup_stm32f10x_hd.o(.text) referenced from startup_stm32f10x_hd.o(RESET)
 <LI><a href="#[18]">DMA1_Channel4_IRQHandler</a> from startup_stm32f10x_hd.o(.text) referenced from startup_stm32f10x_hd.o(RESET)
 <LI><a href="#[19]">DMA1_Channel5_IRQHandler</a> from startup_stm32f10x_hd.o(.text) referenced from startup_stm32f10x_hd.o(RESET)
 <LI><a href="#[1a]">DMA1_Channel6_IRQHandler</a> from startup_stm32f10x_hd.o(.text) referenced from startup_stm32f10x_hd.o(RESET)
 <LI><a href="#[1b]">DMA1_Channel7_IRQHandler</a> from startup_stm32f10x_hd.o(.text) referenced from startup_stm32f10x_hd.o(RESET)
 <LI><a href="#[42]">DMA2_Channel1_IRQHandler</a> from startup_stm32f10x_hd.o(.text) referenced from startup_stm32f10x_hd.o(RESET)
 <LI><a href="#[43]">DMA2_Channel2_IRQHandler</a> from startup_stm32f10x_hd.o(.text) referenced from startup_stm32f10x_hd.o(RESET)
 <LI><a href="#[44]">DMA2_Channel3_IRQHandler</a> from startup_stm32f10x_hd.o(.text) referenced from startup_stm32f10x_hd.o(RESET)
 <LI><a href="#[45]">DMA2_Channel4_5_IRQHandler</a> from startup_stm32f10x_hd.o(.text) referenced from startup_stm32f10x_hd.o(RESET)
 <LI><a href="#[7]">DebugMon_Handler</a> from stm32f10x_it.o(i.DebugMon_Handler) referenced from startup_stm32f10x_hd.o(RESET)
 <LI><a href="#[10]">EXTI0_IRQHandler</a> from startup_stm32f10x_hd.o(.text) referenced from startup_stm32f10x_hd.o(RESET)
 <LI><a href="#[32]">EXTI15_10_IRQHandler</a> from startup_stm32f10x_hd.o(.text) referenced from startup_stm32f10x_hd.o(RESET)
 <LI><a href="#[11]">EXTI1_IRQHandler</a> from startup_stm32f10x_hd.o(.text) referenced from startup_stm32f10x_hd.o(RESET)
 <LI><a href="#[12]">EXTI2_IRQHandler</a> from startup_stm32f10x_hd.o(.text) referenced from startup_stm32f10x_hd.o(RESET)
 <LI><a href="#[13]">EXTI3_IRQHandler</a> from startup_stm32f10x_hd.o(.text) referenced from startup_stm32f10x_hd.o(RESET)
 <LI><a href="#[14]">EXTI4_IRQHandler</a> from startup_stm32f10x_hd.o(.text) referenced from startup_stm32f10x_hd.o(RESET)
 <LI><a href="#[21]">EXTI9_5_IRQHandler</a> from startup_stm32f10x_hd.o(.text) referenced from startup_stm32f10x_hd.o(RESET)
 <LI><a href="#[e]">FLASH_IRQHandler</a> from startup_stm32f10x_hd.o(.text) referenced from startup_stm32f10x_hd.o(RESET)
 <LI><a href="#[3a]">FSMC_IRQHandler</a> from startup_stm32f10x_hd.o(.text) referenced from startup_stm32f10x_hd.o(RESET)
 <LI><a href="#[2]">HardFault_Handler</a> from stm32f10x_it.o(i.HardFault_Handler) referenced from startup_stm32f10x_hd.o(RESET)
 <LI><a href="#[2a]">I2C1_ER_IRQHandler</a> from startup_stm32f10x_hd.o(.text) referenced from startup_stm32f10x_hd.o(RESET)
 <LI><a href="#[29]">I2C1_EV_IRQHandler</a> from irda.o(i.I2C1_EV_IRQHandler) referenced from startup_stm32f10x_hd.o(RESET)
 <LI><a href="#[2c]">I2C2_ER_IRQHandler</a> from startup_stm32f10x_hd.o(.text) referenced from startup_stm32f10x_hd.o(RESET)
 <LI><a href="#[2b]">I2C2_EV_IRQHandler</a> from startup_stm32f10x_hd.o(.text) referenced from startup_stm32f10x_hd.o(RESET)
 <LI><a href="#[3]">MemManage_Handler</a> from stm32f10x_it.o(i.MemManage_Handler) referenced from startup_stm32f10x_hd.o(RESET)
 <LI><a href="#[1]">NMI_Handler</a> from stm32f10x_it.o(i.NMI_Handler) referenced from startup_stm32f10x_hd.o(RESET)
 <LI><a href="#[49]">OSTaskSwHook</a> from os_cpu_c.o(i.OSTaskSwHook) referenced from os_cpu_a.o(.text)
 <LI><a href="#[8]">OS_CPU_PendSVHandler</a> from os_cpu_a.o(.text) referenced from startup_stm32f10x_hd.o(RESET)
 <LI><a href="#[9]">OS_CPU_SysTickHandler</a> from os_cpu_c.o(i.OS_CPU_SysTickHandler) referenced from startup_stm32f10x_hd.o(RESET)
 <LI><a href="#[4b]">OS_IdleTask</a> from os_core.o(i.OS_IdleTask) referenced from os_core.o(i.OS_IdleTaskInit)
 <LI><a href="#[4c]">OS_IntQTask</a> from os_int.o(i.OS_IntQTask) referenced from os_int.o(i.OS_IntQTaskInit)
 <LI><a href="#[4d]">OS_StatTask</a> from os_stat.o(i.OS_StatTask) referenced from os_stat.o(i.OS_StatTaskInit)
 <LI><a href="#[4a]">OS_TaskReturn</a> from os_task.o(i.OS_TaskReturn) referenced from os_cpu_c.o(i.OSTaskStkInit)
 <LI><a href="#[4e]">OS_TickTask</a> from os_tick.o(i.OS_TickTask) referenced from os_tick.o(i.OS_TickTaskInit)
 <LI><a href="#[4f]">OS_TmrTask</a> from os_tmr.o(i.OS_TmrTask) referenced from os_tmr.o(i.OS_TmrInit)
 <LI><a href="#[b]">PVD_IRQHandler</a> from startup_stm32f10x_hd.o(.text) referenced from startup_stm32f10x_hd.o(RESET)
 <LI><a href="#[f]">RCC_IRQHandler</a> from startup_stm32f10x_hd.o(.text) referenced from startup_stm32f10x_hd.o(RESET)
 <LI><a href="#[33]">RTCAlarm_IRQHandler</a> from startup_stm32f10x_hd.o(.text) referenced from startup_stm32f10x_hd.o(RESET)
 <LI><a href="#[d]">RTC_IRQHandler</a> from startup_stm32f10x_hd.o(.text) referenced from startup_stm32f10x_hd.o(RESET)
 <LI><a href="#[0]">Reset_Handler</a> from startup_stm32f10x_hd.o(.text) referenced from startup_stm32f10x_hd.o(RESET)
 <LI><a href="#[3b]">SDIO_IRQHandler</a> from startup_stm32f10x_hd.o(.text) referenced from startup_stm32f10x_hd.o(RESET)
 <LI><a href="#[2d]">SPI1_IRQHandler</a> from startup_stm32f10x_hd.o(.text) referenced from startup_stm32f10x_hd.o(RESET)
 <LI><a href="#[2e]">SPI2_IRQHandler</a> from startup_stm32f10x_hd.o(.text) referenced from startup_stm32f10x_hd.o(RESET)
 <LI><a href="#[3d]">SPI3_IRQHandler</a> from startup_stm32f10x_hd.o(.text) referenced from startup_stm32f10x_hd.o(RESET)
 <LI><a href="#[6]">SVC_Handler</a> from stm32f10x_it.o(i.SVC_Handler) referenced from startup_stm32f10x_hd.o(RESET)
 <LI><a href="#[47]">SystemInit</a> from system_stm32f10x.o(i.SystemInit) referenced from startup_stm32f10x_hd.o(.text)
 <LI><a href="#[c]">TAMPER_IRQHandler</a> from startup_stm32f10x_hd.o(.text) referenced from startup_stm32f10x_hd.o(RESET)
 <LI><a href="#[22]">TIM1_BRK_IRQHandler</a> from startup_stm32f10x_hd.o(.text) referenced from startup_stm32f10x_hd.o(RESET)
 <LI><a href="#[25]">TIM1_CC_IRQHandler</a> from startup_stm32f10x_hd.o(.text) referenced from startup_stm32f10x_hd.o(RESET)
 <LI><a href="#[24]">TIM1_TRG_COM_IRQHandler</a> from startup_stm32f10x_hd.o(.text) referenced from startup_stm32f10x_hd.o(RESET)
 <LI><a href="#[23]">TIM1_UP_IRQHandler</a> from startup_stm32f10x_hd.o(.text) referenced from startup_stm32f10x_hd.o(RESET)
 <LI><a href="#[26]">TIM2_IRQHandler</a> from startup_stm32f10x_hd.o(.text) referenced from startup_stm32f10x_hd.o(RESET)
 <LI><a href="#[27]">TIM3_IRQHandler</a> from startup_stm32f10x_hd.o(.text) referenced from startup_stm32f10x_hd.o(RESET)
 <LI><a href="#[28]">TIM4_IRQHandler</a> from startup_stm32f10x_hd.o(.text) referenced from startup_stm32f10x_hd.o(RESET)
 <LI><a href="#[3c]">TIM5_IRQHandler</a> from startup_stm32f10x_hd.o(.text) referenced from startup_stm32f10x_hd.o(RESET)
 <LI><a href="#[40]">TIM6_IRQHandler</a> from startup_stm32f10x_hd.o(.text) referenced from startup_stm32f10x_hd.o(RESET)
 <LI><a href="#[41]">TIM7_IRQHandler</a> from startup_stm32f10x_hd.o(.text) referenced from startup_stm32f10x_hd.o(RESET)
 <LI><a href="#[35]">TIM8_BRK_IRQHandler</a> from startup_stm32f10x_hd.o(.text) referenced from startup_stm32f10x_hd.o(RESET)
 <LI><a href="#[38]">TIM8_CC_IRQHandler</a> from startup_stm32f10x_hd.o(.text) referenced from startup_stm32f10x_hd.o(RESET)
 <LI><a href="#[37]">TIM8_TRG_COM_IRQHandler</a> from startup_stm32f10x_hd.o(.text) referenced from startup_stm32f10x_hd.o(RESET)
 <LI><a href="#[36]">TIM8_UP_IRQHandler</a> from startup_stm32f10x_hd.o(.text) referenced from startup_stm32f10x_hd.o(RESET)
 <LI><a href="#[3e]">UART4_IRQHandler</a> from startup_stm32f10x_hd.o(.text) referenced from startup_stm32f10x_hd.o(RESET)
 <LI><a href="#[3f]">UART5_IRQHandler</a> from startup_stm32f10x_hd.o(.text) referenced from startup_stm32f10x_hd.o(RESET)
 <LI><a href="#[2f]">USART1_IRQHandler</a> from usart.o(i.USART1_IRQHandler) referenced from startup_stm32f10x_hd.o(RESET)
 <LI><a href="#[30]">USART2_IRQHandler</a> from usart.o(i.USART2_IRQHandler) referenced from startup_stm32f10x_hd.o(RESET)
 <LI><a href="#[31]">USART3_IRQHandler</a> from startup_stm32f10x_hd.o(.text) referenced from startup_stm32f10x_hd.o(RESET)
 <LI><a href="#[34]">USBWakeUp_IRQHandler</a> from startup_stm32f10x_hd.o(.text) referenced from startup_stm32f10x_hd.o(RESET)
 <LI><a href="#[1d]">USB_HP_CAN1_TX_IRQHandler</a> from startup_stm32f10x_hd.o(.text) referenced from startup_stm32f10x_hd.o(RESET)
 <LI><a href="#[1e]">USB_LP_CAN1_RX0_IRQHandler</a> from startup_stm32f10x_hd.o(.text) referenced from startup_stm32f10x_hd.o(RESET)
 <LI><a href="#[5]">UsageFault_Handler</a> from stm32f10x_it.o(i.UsageFault_Handler) referenced from startup_stm32f10x_hd.o(RESET)
 <LI><a href="#[a]">WWDG_IRQHandler</a> from startup_stm32f10x_hd.o(.text) referenced from startup_stm32f10x_hd.o(RESET)
 <LI><a href="#[48]">__main</a> from entry.o(.ARM.Collect$$$$00000000) referenced from startup_stm32f10x_hd.o(.text)
 <LI><a href="#[50]">_sputc</a> from printf3.o(i._sputc) referenced from printf3.o(i.__0sprintf$3)
 <LI><a href="#[53]">hb_task</a> from clothes.o(i.hb_task) referenced from clothes.o(i.start_clothe_tasks)
 <LI><a href="#[46]">main</a> from main.o(i.main) referenced from entry9a.o(.ARM.Collect$$$$0000000B)
 <LI><a href="#[52]">recv_task</a> from clothes.o(i.recv_task) referenced from clothes.o(i.start_clothe_tasks)
 <LI><a href="#[55]">uart1_putc</a> from usart.o(i.uart1_putc) referenced from usart.o(i.uart_inint)
 <LI><a href="#[54]">uart2_putc</a> from usart.o(i.uart2_putc) referenced from usart.o(i.uart_inint)
 <LI><a href="#[56]">uart2_recieve</a> from usart.o(i.uart2_recieve) referenced from usart.o(i.uart_inint)
 <LI><a href="#[57]">uart2_send</a> from usart.o(i.uart2_send) referenced from usart.o(i.uart_inint)
</UL>
<P>
<H3>
Global Symbols
</H3>
<P><STRONG><a name="[48]"></a>__main</STRONG> (Thumb, 0 bytes, Stack size unknown bytes, entry.o(.ARM.Collect$$$$00000000))
<BR>[Address Reference Count : 1]<UL><LI> startup_stm32f10x_hd.o(.text)
</UL>
<P><STRONG><a name="[132]"></a>_main_stk</STRONG> (Thumb, 0 bytes, Stack size unknown bytes, entry2.o(.ARM.Collect$$$$00000001))

<P><STRONG><a name="[58]"></a>_main_scatterload</STRONG> (Thumb, 0 bytes, Stack size unknown bytes, entry5.o(.ARM.Collect$$$$00000004))
<BR><BR>[Calls]<UL><LI><a href="#[59]">&gt;&gt;</a>&nbsp;&nbsp;&nbsp;__scatterload
</UL>

<P><STRONG><a name="[60]"></a>__main_after_scatterload</STRONG> (Thumb, 0 bytes, Stack size unknown bytes, entry5.o(.ARM.Collect$$$$00000004))
<BR><BR>[Called By]<UL><LI><a href="#[59]">&gt;&gt;</a>&nbsp;&nbsp;&nbsp;__scatterload
</UL>

<P><STRONG><a name="[133]"></a>_main_clock</STRONG> (Thumb, 0 bytes, Stack size unknown bytes, entry7b.o(.ARM.Collect$$$$00000008))

<P><STRONG><a name="[134]"></a>_main_cpp_init</STRONG> (Thumb, 0 bytes, Stack size unknown bytes, entry8b.o(.ARM.Collect$$$$0000000A))

<P><STRONG><a name="[135]"></a>_main_init</STRONG> (Thumb, 0 bytes, Stack size unknown bytes, entry9a.o(.ARM.Collect$$$$0000000B))

<P><STRONG><a name="[136]"></a>__rt_final_cpp</STRONG> (Thumb, 0 bytes, Stack size unknown bytes, entry10a.o(.ARM.Collect$$$$0000000D))

<P><STRONG><a name="[137]"></a>__rt_final_exit</STRONG> (Thumb, 0 bytes, Stack size unknown bytes, entry11a.o(.ARM.Collect$$$$0000000F))

<P><STRONG><a name="[0]"></a>Reset_Handler</STRONG> (Thumb, 8 bytes, Stack size 0 bytes, startup_stm32f10x_hd.o(.text))
<BR>[Address Reference Count : 1]<UL><LI> startup_stm32f10x_hd.o(RESET)
</UL>
<P><STRONG><a name="[1c]"></a>ADC1_2_IRQHandler</STRONG> (Thumb, 0 bytes, Stack size 0 bytes, startup_stm32f10x_hd.o(.text))
<BR><BR>[Calls]<UL><LI><a href="#[1c]">&gt;&gt;</a>&nbsp;&nbsp;&nbsp;ADC1_2_IRQHandler
</UL>
<BR>[Called By]<UL><LI><a href="#[1c]">&gt;&gt;</a>&nbsp;&nbsp;&nbsp;ADC1_2_IRQHandler
</UL>
<BR>[Address Reference Count : 1]<UL><LI> startup_stm32f10x_hd.o(RESET)
</UL>
<P><STRONG><a name="[39]"></a>ADC3_IRQHandler</STRONG> (Thumb, 0 bytes, Stack size 0 bytes, startup_stm32f10x_hd.o(.text))
<BR>[Address Reference Count : 1]<UL><LI> startup_stm32f10x_hd.o(RESET)
</UL>
<P><STRONG><a name="[1f]"></a>CAN1_RX1_IRQHandler</STRONG> (Thumb, 0 bytes, Stack size 0 bytes, startup_stm32f10x_hd.o(.text))
<BR>[Address Reference Count : 1]<UL><LI> startup_stm32f10x_hd.o(RESET)
</UL>
<P><STRONG><a name="[20]"></a>CAN1_SCE_IRQHandler</STRONG> (Thumb, 0 bytes, Stack size 0 bytes, startup_stm32f10x_hd.o(.text))
<BR>[Address Reference Count : 1]<UL><LI> startup_stm32f10x_hd.o(RESET)
</UL>
<P><STRONG><a name="[15]"></a>DMA1_Channel1_IRQHandler</STRONG> (Thumb, 0 bytes, Stack size 0 bytes, startup_stm32f10x_hd.o(.text))
<BR>[Address Reference Count : 1]<UL><LI> startup_stm32f10x_hd.o(RESET)
</UL>
<P><STRONG><a name="[16]"></a>DMA1_Channel2_IRQHandler</STRONG> (Thumb, 0 bytes, Stack size 0 bytes, startup_stm32f10x_hd.o(.text))
<BR>[Address Reference Count : 1]<UL><LI> startup_stm32f10x_hd.o(RESET)
</UL>
<P><STRONG><a name="[17]"></a>DMA1_Channel3_IRQHandler</STRONG> (Thumb, 0 bytes, Stack size 0 bytes, startup_stm32f10x_hd.o(.text))
<BR>[Address Reference Count : 1]<UL><LI> startup_stm32f10x_hd.o(RESET)
</UL>
<P><STRONG><a name="[18]"></a>DMA1_Channel4_IRQHandler</STRONG> (Thumb, 0 bytes, Stack size 0 bytes, startup_stm32f10x_hd.o(.text))
<BR>[Address Reference Count : 1]<UL><LI> startup_stm32f10x_hd.o(RESET)
</UL>
<P><STRONG><a name="[19]"></a>DMA1_Channel5_IRQHandler</STRONG> (Thumb, 0 bytes, Stack size 0 bytes, startup_stm32f10x_hd.o(.text))
<BR>[Address Reference Count : 1]<UL><LI> startup_stm32f10x_hd.o(RESET)
</UL>
<P><STRONG><a name="[1a]"></a>DMA1_Channel6_IRQHandler</STRONG> (Thumb, 0 bytes, Stack size 0 bytes, startup_stm32f10x_hd.o(.text))
<BR>[Address Reference Count : 1]<UL><LI> startup_stm32f10x_hd.o(RESET)
</UL>
<P><STRONG><a name="[1b]"></a>DMA1_Channel7_IRQHandler</STRONG> (Thumb, 0 bytes, Stack size 0 bytes, startup_stm32f10x_hd.o(.text))
<BR>[Address Reference Count : 1]<UL><LI> startup_stm32f10x_hd.o(RESET)
</UL>
<P><STRONG><a name="[42]"></a>DMA2_Channel1_IRQHandler</STRONG> (Thumb, 0 bytes, Stack size 0 bytes, startup_stm32f10x_hd.o(.text))
<BR>[Address Reference Count : 1]<UL><LI> startup_stm32f10x_hd.o(RESET)
</UL>
<P><STRONG><a name="[43]"></a>DMA2_Channel2_IRQHandler</STRONG> (Thumb, 0 bytes, Stack size 0 bytes, startup_stm32f10x_hd.o(.text))
<BR>[Address Reference Count : 1]<UL><LI> startup_stm32f10x_hd.o(RESET)
</UL>
<P><STRONG><a name="[44]"></a>DMA2_Channel3_IRQHandler</STRONG> (Thumb, 0 bytes, Stack size 0 bytes, startup_stm32f10x_hd.o(.text))
<BR>[Address Reference Count : 1]<UL><LI> startup_stm32f10x_hd.o(RESET)
</UL>
<P><STRONG><a name="[45]"></a>DMA2_Channel4_5_IRQHandler</STRONG> (Thumb, 0 bytes, Stack size 0 bytes, startup_stm32f10x_hd.o(.text))
<BR>[Address Reference Count : 1]<UL><LI> startup_stm32f10x_hd.o(RESET)
</UL>
<P><STRONG><a name="[10]"></a>EXTI0_IRQHandler</STRONG> (Thumb, 0 bytes, Stack size 0 bytes, startup_stm32f10x_hd.o(.text))
<BR>[Address Reference Count : 1]<UL><LI> startup_stm32f10x_hd.o(RESET)
</UL>
<P><STRONG><a name="[32]"></a>EXTI15_10_IRQHandler</STRONG> (Thumb, 0 bytes, Stack size 0 bytes, startup_stm32f10x_hd.o(.text))
<BR>[Address Reference Count : 1]<UL><LI> startup_stm32f10x_hd.o(RESET)
</UL>
<P><STRONG><a name="[11]"></a>EXTI1_IRQHandler</STRONG> (Thumb, 0 bytes, Stack size 0 bytes, startup_stm32f10x_hd.o(.text))
<BR>[Address Reference Count : 1]<UL><LI> startup_stm32f10x_hd.o(RESET)
</UL>
<P><STRONG><a name="[12]"></a>EXTI2_IRQHandler</STRONG> (Thumb, 0 bytes, Stack size 0 bytes, startup_stm32f10x_hd.o(.text))
<BR>[Address Reference Count : 1]<UL><LI> startup_stm32f10x_hd.o(RESET)
</UL>
<P><STRONG><a name="[13]"></a>EXTI3_IRQHandler</STRONG> (Thumb, 0 bytes, Stack size 0 bytes, startup_stm32f10x_hd.o(.text))
<BR>[Address Reference Count : 1]<UL><LI> startup_stm32f10x_hd.o(RESET)
</UL>
<P><STRONG><a name="[14]"></a>EXTI4_IRQHandler</STRONG> (Thumb, 0 bytes, Stack size 0 bytes, startup_stm32f10x_hd.o(.text))
<BR>[Address Reference Count : 1]<UL><LI> startup_stm32f10x_hd.o(RESET)
</UL>
<P><STRONG><a name="[21]"></a>EXTI9_5_IRQHandler</STRONG> (Thumb, 0 bytes, Stack size 0 bytes, startup_stm32f10x_hd.o(.text))
<BR>[Address Reference Count : 1]<UL><LI> startup_stm32f10x_hd.o(RESET)
</UL>
<P><STRONG><a name="[e]"></a>FLASH_IRQHandler</STRONG> (Thumb, 0 bytes, Stack size 0 bytes, startup_stm32f10x_hd.o(.text))
<BR>[Address Reference Count : 1]<UL><LI> startup_stm32f10x_hd.o(RESET)
</UL>
<P><STRONG><a name="[3a]"></a>FSMC_IRQHandler</STRONG> (Thumb, 0 bytes, Stack size 0 bytes, startup_stm32f10x_hd.o(.text))
<BR>[Address Reference Count : 1]<UL><LI> startup_stm32f10x_hd.o(RESET)
</UL>
<P><STRONG><a name="[2a]"></a>I2C1_ER_IRQHandler</STRONG> (Thumb, 0 bytes, Stack size 0 bytes, startup_stm32f10x_hd.o(.text))
<BR>[Address Reference Count : 1]<UL><LI> startup_stm32f10x_hd.o(RESET)
</UL>
<P><STRONG><a name="[2c]"></a>I2C2_ER_IRQHandler</STRONG> (Thumb, 0 bytes, Stack size 0 bytes, startup_stm32f10x_hd.o(.text))
<BR>[Address Reference Count : 1]<UL><LI> startup_stm32f10x_hd.o(RESET)
</UL>
<P><STRONG><a name="[2b]"></a>I2C2_EV_IRQHandler</STRONG> (Thumb, 0 bytes, Stack size 0 bytes, startup_stm32f10x_hd.o(.text))
<BR>[Address Reference Count : 1]<UL><LI> startup_stm32f10x_hd.o(RESET)
</UL>
<P><STRONG><a name="[b]"></a>PVD_IRQHandler</STRONG> (Thumb, 0 bytes, Stack size 0 bytes, startup_stm32f10x_hd.o(.text))
<BR>[Address Reference Count : 1]<UL><LI> startup_stm32f10x_hd.o(RESET)
</UL>
<P><STRONG><a name="[f]"></a>RCC_IRQHandler</STRONG> (Thumb, 0 bytes, Stack size 0 bytes, startup_stm32f10x_hd.o(.text))
<BR>[Address Reference Count : 1]<UL><LI> startup_stm32f10x_hd.o(RESET)
</UL>
<P><STRONG><a name="[33]"></a>RTCAlarm_IRQHandler</STRONG> (Thumb, 0 bytes, Stack size 0 bytes, startup_stm32f10x_hd.o(.text))
<BR>[Address Reference Count : 1]<UL><LI> startup_stm32f10x_hd.o(RESET)
</UL>
<P><STRONG><a name="[d]"></a>RTC_IRQHandler</STRONG> (Thumb, 0 bytes, Stack size 0 bytes, startup_stm32f10x_hd.o(.text))
<BR>[Address Reference Count : 1]<UL><LI> startup_stm32f10x_hd.o(RESET)
</UL>
<P><STRONG><a name="[3b]"></a>SDIO_IRQHandler</STRONG> (Thumb, 0 bytes, Stack size 0 bytes, startup_stm32f10x_hd.o(.text))
<BR>[Address Reference Count : 1]<UL><LI> startup_stm32f10x_hd.o(RESET)
</UL>
<P><STRONG><a name="[2d]"></a>SPI1_IRQHandler</STRONG> (Thumb, 0 bytes, Stack size 0 bytes, startup_stm32f10x_hd.o(.text))
<BR>[Address Reference Count : 1]<UL><LI> startup_stm32f10x_hd.o(RESET)
</UL>
<P><STRONG><a name="[2e]"></a>SPI2_IRQHandler</STRONG> (Thumb, 0 bytes, Stack size 0 bytes, startup_stm32f10x_hd.o(.text))
<BR>[Address Reference Count : 1]<UL><LI> startup_stm32f10x_hd.o(RESET)
</UL>
<P><STRONG><a name="[3d]"></a>SPI3_IRQHandler</STRONG> (Thumb, 0 bytes, Stack size 0 bytes, startup_stm32f10x_hd.o(.text))
<BR>[Address Reference Count : 1]<UL><LI> startup_stm32f10x_hd.o(RESET)
</UL>
<P><STRONG><a name="[c]"></a>TAMPER_IRQHandler</STRONG> (Thumb, 0 bytes, Stack size 0 bytes, startup_stm32f10x_hd.o(.text))
<BR>[Address Reference Count : 1]<UL><LI> startup_stm32f10x_hd.o(RESET)
</UL>
<P><STRONG><a name="[22]"></a>TIM1_BRK_IRQHandler</STRONG> (Thumb, 0 bytes, Stack size 0 bytes, startup_stm32f10x_hd.o(.text))
<BR>[Address Reference Count : 1]<UL><LI> startup_stm32f10x_hd.o(RESET)
</UL>
<P><STRONG><a name="[25]"></a>TIM1_CC_IRQHandler</STRONG> (Thumb, 0 bytes, Stack size 0 bytes, startup_stm32f10x_hd.o(.text))
<BR>[Address Reference Count : 1]<UL><LI> startup_stm32f10x_hd.o(RESET)
</UL>
<P><STRONG><a name="[24]"></a>TIM1_TRG_COM_IRQHandler</STRONG> (Thumb, 0 bytes, Stack size 0 bytes, startup_stm32f10x_hd.o(.text))
<BR>[Address Reference Count : 1]<UL><LI> startup_stm32f10x_hd.o(RESET)
</UL>
<P><STRONG><a name="[23]"></a>TIM1_UP_IRQHandler</STRONG> (Thumb, 0 bytes, Stack size 0 bytes, startup_stm32f10x_hd.o(.text))
<BR>[Address Reference Count : 1]<UL><LI> startup_stm32f10x_hd.o(RESET)
</UL>
<P><STRONG><a name="[26]"></a>TIM2_IRQHandler</STRONG> (Thumb, 0 bytes, Stack size 0 bytes, startup_stm32f10x_hd.o(.text))
<BR>[Address Reference Count : 1]<UL><LI> startup_stm32f10x_hd.o(RESET)
</UL>
<P><STRONG><a name="[27]"></a>TIM3_IRQHandler</STRONG> (Thumb, 0 bytes, Stack size 0 bytes, startup_stm32f10x_hd.o(.text))
<BR>[Address Reference Count : 1]<UL><LI> startup_stm32f10x_hd.o(RESET)
</UL>
<P><STRONG><a name="[28]"></a>TIM4_IRQHandler</STRONG> (Thumb, 0 bytes, Stack size 0 bytes, startup_stm32f10x_hd.o(.text))
<BR>[Address Reference Count : 1]<UL><LI> startup_stm32f10x_hd.o(RESET)
</UL>
<P><STRONG><a name="[3c]"></a>TIM5_IRQHandler</STRONG> (Thumb, 0 bytes, Stack size 0 bytes, startup_stm32f10x_hd.o(.text))
<BR>[Address Reference Count : 1]<UL><LI> startup_stm32f10x_hd.o(RESET)
</UL>
<P><STRONG><a name="[40]"></a>TIM6_IRQHandler</STRONG> (Thumb, 0 bytes, Stack size 0 bytes, startup_stm32f10x_hd.o(.text))
<BR>[Address Reference Count : 1]<UL><LI> startup_stm32f10x_hd.o(RESET)
</UL>
<P><STRONG><a name="[41]"></a>TIM7_IRQHandler</STRONG> (Thumb, 0 bytes, Stack size 0 bytes, startup_stm32f10x_hd.o(.text))
<BR>[Address Reference Count : 1]<UL><LI> startup_stm32f10x_hd.o(RESET)
</UL>
<P><STRONG><a name="[35]"></a>TIM8_BRK_IRQHandler</STRONG> (Thumb, 0 bytes, Stack size 0 bytes, startup_stm32f10x_hd.o(.text))
<BR>[Address Reference Count : 1]<UL><LI> startup_stm32f10x_hd.o(RESET)
</UL>
<P><STRONG><a name="[38]"></a>TIM8_CC_IRQHandler</STRONG> (Thumb, 0 bytes, Stack size 0 bytes, startup_stm32f10x_hd.o(.text))
<BR>[Address Reference Count : 1]<UL><LI> startup_stm32f10x_hd.o(RESET)
</UL>
<P><STRONG><a name="[37]"></a>TIM8_TRG_COM_IRQHandler</STRONG> (Thumb, 0 bytes, Stack size 0 bytes, startup_stm32f10x_hd.o(.text))
<BR>[Address Reference Count : 1]<UL><LI> startup_stm32f10x_hd.o(RESET)
</UL>
<P><STRONG><a name="[36]"></a>TIM8_UP_IRQHandler</STRONG> (Thumb, 0 bytes, Stack size 0 bytes, startup_stm32f10x_hd.o(.text))
<BR>[Address Reference Count : 1]<UL><LI> startup_stm32f10x_hd.o(RESET)
</UL>
<P><STRONG><a name="[3e]"></a>UART4_IRQHandler</STRONG> (Thumb, 0 bytes, Stack size 0 bytes, startup_stm32f10x_hd.o(.text))
<BR>[Address Reference Count : 1]<UL><LI> startup_stm32f10x_hd.o(RESET)
</UL>
<P><STRONG><a name="[3f]"></a>UART5_IRQHandler</STRONG> (Thumb, 0 bytes, Stack size 0 bytes, startup_stm32f10x_hd.o(.text))
<BR>[Address Reference Count : 1]<UL><LI> startup_stm32f10x_hd.o(RESET)
</UL>
<P><STRONG><a name="[31]"></a>USART3_IRQHandler</STRONG> (Thumb, 0 bytes, Stack size 0 bytes, startup_stm32f10x_hd.o(.text))
<BR>[Address Reference Count : 1]<UL><LI> startup_stm32f10x_hd.o(RESET)
</UL>
<P><STRONG><a name="[34]"></a>USBWakeUp_IRQHandler</STRONG> (Thumb, 0 bytes, Stack size 0 bytes, startup_stm32f10x_hd.o(.text))
<BR>[Address Reference Count : 1]<UL><LI> startup_stm32f10x_hd.o(RESET)
</UL>
<P><STRONG><a name="[1d]"></a>USB_HP_CAN1_TX_IRQHandler</STRONG> (Thumb, 0 bytes, Stack size 0 bytes, startup_stm32f10x_hd.o(.text))
<BR>[Address Reference Count : 1]<UL><LI> startup_stm32f10x_hd.o(RESET)
</UL>
<P><STRONG><a name="[1e]"></a>USB_LP_CAN1_RX0_IRQHandler</STRONG> (Thumb, 0 bytes, Stack size 0 bytes, startup_stm32f10x_hd.o(.text))
<BR>[Address Reference Count : 1]<UL><LI> startup_stm32f10x_hd.o(RESET)
</UL>
<P><STRONG><a name="[a]"></a>WWDG_IRQHandler</STRONG> (Thumb, 0 bytes, Stack size 0 bytes, startup_stm32f10x_hd.o(.text))
<BR>[Address Reference Count : 1]<UL><LI> startup_stm32f10x_hd.o(RESET)
</UL>
<P><STRONG><a name="[138]"></a>CPU_IntDis</STRONG> (Thumb, 0 bytes, Stack size unknown bytes, cpu_a.o(.text), UNUSED)

<P><STRONG><a name="[139]"></a>CPU_IntEn</STRONG> (Thumb, 0 bytes, Stack size unknown bytes, cpu_a.o(.text), UNUSED)

<P><STRONG><a name="[6e]"></a>CPU_SR_Save</STRONG> (Thumb, 0 bytes, Stack size unknown bytes, cpu_a.o(.text))
<BR><BR>[Called By]<UL><LI><a href="#[a4]">&gt;&gt;</a>&nbsp;&nbsp;&nbsp;OS_Sched0
<LI><a href="#[b1]">&gt;&gt;</a>&nbsp;&nbsp;&nbsp;OSTimeDlyHMSM
<LI><a href="#[f3]">&gt;&gt;</a>&nbsp;&nbsp;&nbsp;bus_send_string
<LI><a href="#[9c]">&gt;&gt;</a>&nbsp;&nbsp;&nbsp;OSTaskCreate
<LI><a href="#[4b]">&gt;&gt;</a>&nbsp;&nbsp;&nbsp;OS_IdleTask
<LI><a href="#[95]">&gt;&gt;</a>&nbsp;&nbsp;&nbsp;OSSchedUnlock
<LI><a href="#[93]">&gt;&gt;</a>&nbsp;&nbsp;&nbsp;OSSchedLock
<LI><a href="#[92]">&gt;&gt;</a>&nbsp;&nbsp;&nbsp;OSSched
<LI><a href="#[90]">&gt;&gt;</a>&nbsp;&nbsp;&nbsp;OSIntExit
<LI><a href="#[9]">&gt;&gt;</a>&nbsp;&nbsp;&nbsp;OS_CPU_SysTickHandler
<LI><a href="#[72]">&gt;&gt;</a>&nbsp;&nbsp;&nbsp;CPU_IntDisMeasMaxGet
<LI><a href="#[71]">&gt;&gt;</a>&nbsp;&nbsp;&nbsp;CPU_IntDisMeasMaxCurReset
<LI><a href="#[6d]">&gt;&gt;</a>&nbsp;&nbsp;&nbsp;CPU_IntDisMeasMaxCurGet
<LI><a href="#[d0]">&gt;&gt;</a>&nbsp;&nbsp;&nbsp;OS_TickListUpdate
<LI><a href="#[ac]">&gt;&gt;</a>&nbsp;&nbsp;&nbsp;OSTaskSemPend
<LI><a href="#[a5]">&gt;&gt;</a>&nbsp;&nbsp;&nbsp;OSTaskDel
<LI><a href="#[af]">&gt;&gt;</a>&nbsp;&nbsp;&nbsp;OSTimeDly
<LI><a href="#[ae]">&gt;&gt;</a>&nbsp;&nbsp;&nbsp;OSTaskStkChk
<LI><a href="#[4d]">&gt;&gt;</a>&nbsp;&nbsp;&nbsp;OS_StatTask
<LI><a href="#[99]">&gt;&gt;</a>&nbsp;&nbsp;&nbsp;OSStatReset
<LI><a href="#[bd]">&gt;&gt;</a>&nbsp;&nbsp;&nbsp;OS_TaskSemPost
<LI><a href="#[bc]">&gt;&gt;</a>&nbsp;&nbsp;&nbsp;OS_TaskQPost
<LI><a href="#[bb]">&gt;&gt;</a>&nbsp;&nbsp;&nbsp;OS_SemPost
<LI><a href="#[ba]">&gt;&gt;</a>&nbsp;&nbsp;&nbsp;OS_QPost
<LI><a href="#[4c]">&gt;&gt;</a>&nbsp;&nbsp;&nbsp;OS_IntQTask
<LI><a href="#[b9]">&gt;&gt;</a>&nbsp;&nbsp;&nbsp;OS_IntQRePost
<LI><a href="#[b4]">&gt;&gt;</a>&nbsp;&nbsp;&nbsp;OS_IntQPost
<LI><a href="#[b5]">&gt;&gt;</a>&nbsp;&nbsp;&nbsp;OS_FlagPost
<LI><a href="#[be]">&gt;&gt;</a>&nbsp;&nbsp;&nbsp;OS_SchedRoundRobin
</UL>

<P><STRONG><a name="[6f]"></a>CPU_SR_Restore</STRONG> (Thumb, 0 bytes, Stack size unknown bytes, cpu_a.o(.text))
<BR><BR>[Called By]<UL><LI><a href="#[a4]">&gt;&gt;</a>&nbsp;&nbsp;&nbsp;OS_Sched0
<LI><a href="#[b1]">&gt;&gt;</a>&nbsp;&nbsp;&nbsp;OSTimeDlyHMSM
<LI><a href="#[f3]">&gt;&gt;</a>&nbsp;&nbsp;&nbsp;bus_send_string
<LI><a href="#[9c]">&gt;&gt;</a>&nbsp;&nbsp;&nbsp;OSTaskCreate
<LI><a href="#[4b]">&gt;&gt;</a>&nbsp;&nbsp;&nbsp;OS_IdleTask
<LI><a href="#[95]">&gt;&gt;</a>&nbsp;&nbsp;&nbsp;OSSchedUnlock
<LI><a href="#[93]">&gt;&gt;</a>&nbsp;&nbsp;&nbsp;OSSchedLock
<LI><a href="#[92]">&gt;&gt;</a>&nbsp;&nbsp;&nbsp;OSSched
<LI><a href="#[90]">&gt;&gt;</a>&nbsp;&nbsp;&nbsp;OSIntExit
<LI><a href="#[9]">&gt;&gt;</a>&nbsp;&nbsp;&nbsp;OS_CPU_SysTickHandler
<LI><a href="#[72]">&gt;&gt;</a>&nbsp;&nbsp;&nbsp;CPU_IntDisMeasMaxGet
<LI><a href="#[71]">&gt;&gt;</a>&nbsp;&nbsp;&nbsp;CPU_IntDisMeasMaxCurReset
<LI><a href="#[6d]">&gt;&gt;</a>&nbsp;&nbsp;&nbsp;CPU_IntDisMeasMaxCurGet
<LI><a href="#[d0]">&gt;&gt;</a>&nbsp;&nbsp;&nbsp;OS_TickListUpdate
<LI><a href="#[ac]">&gt;&gt;</a>&nbsp;&nbsp;&nbsp;OSTaskSemPend
<LI><a href="#[a5]">&gt;&gt;</a>&nbsp;&nbsp;&nbsp;OSTaskDel
<LI><a href="#[af]">&gt;&gt;</a>&nbsp;&nbsp;&nbsp;OSTimeDly
<LI><a href="#[ae]">&gt;&gt;</a>&nbsp;&nbsp;&nbsp;OSTaskStkChk
<LI><a href="#[4d]">&gt;&gt;</a>&nbsp;&nbsp;&nbsp;OS_StatTask
<LI><a href="#[99]">&gt;&gt;</a>&nbsp;&nbsp;&nbsp;OSStatReset
<LI><a href="#[bd]">&gt;&gt;</a>&nbsp;&nbsp;&nbsp;OS_TaskSemPost
<LI><a href="#[bc]">&gt;&gt;</a>&nbsp;&nbsp;&nbsp;OS_TaskQPost
<LI><a href="#[bb]">&gt;&gt;</a>&nbsp;&nbsp;&nbsp;OS_SemPost
<LI><a href="#[ba]">&gt;&gt;</a>&nbsp;&nbsp;&nbsp;OS_QPost
<LI><a href="#[4c]">&gt;&gt;</a>&nbsp;&nbsp;&nbsp;OS_IntQTask
<LI><a href="#[b9]">&gt;&gt;</a>&nbsp;&nbsp;&nbsp;OS_IntQRePost
<LI><a href="#[b4]">&gt;&gt;</a>&nbsp;&nbsp;&nbsp;OS_IntQPost
<LI><a href="#[b5]">&gt;&gt;</a>&nbsp;&nbsp;&nbsp;OS_FlagPost
<LI><a href="#[be]">&gt;&gt;</a>&nbsp;&nbsp;&nbsp;OS_SchedRoundRobin
</UL>

<P><STRONG><a name="[c9]"></a>CPU_CntLeadZeros</STRONG> (Thumb, 0 bytes, Stack size unknown bytes, cpu_a.o(.text))
<BR><BR>[Called By]<UL><LI><a href="#[91]">&gt;&gt;</a>&nbsp;&nbsp;&nbsp;OS_PrioGetHighest
</UL>

<P><STRONG><a name="[13a]"></a>CPU_RevBits</STRONG> (Thumb, 0 bytes, Stack size unknown bytes, cpu_a.o(.text), UNUSED)

<P><STRONG><a name="[13b]"></a>CPU_WaitForInt</STRONG> (Thumb, 0 bytes, Stack size unknown bytes, cpu_a.o(.text), UNUSED)

<P><STRONG><a name="[13c]"></a>CPU_WaitForExcept</STRONG> (Thumb, 0 bytes, Stack size unknown bytes, cpu_a.o(.text), UNUSED)

<P><STRONG><a name="[98]"></a>OSStartHighRdy</STRONG> (Thumb, 0 bytes, Stack size unknown bytes, os_cpu_a.o(.text))
<BR><BR>[Called By]<UL><LI><a href="#[97]">&gt;&gt;</a>&nbsp;&nbsp;&nbsp;OSStart
</UL>

<P><STRONG><a name="[8]"></a>OS_CPU_PendSVHandler</STRONG> (Thumb, 0 bytes, Stack size unknown bytes, os_cpu_a.o(.text))
<BR>[Address Reference Count : 1]<UL><LI> startup_stm32f10x_hd.o(RESET)
</UL>
<P><STRONG><a name="[5a]"></a>__aeabi_uldivmod</STRONG> (Thumb, 98 bytes, Stack size 40 bytes, uldiv.o(.text))
<BR><BR>[Stack]<UL><LI>Max Depth = 40<LI>Call Chain = __aeabi_uldivmod
</UL>
<BR>[Calls]<UL><LI><a href="#[5b]">&gt;&gt;</a>&nbsp;&nbsp;&nbsp;__aeabi_llsr
<LI><a href="#[5c]">&gt;&gt;</a>&nbsp;&nbsp;&nbsp;__aeabi_llsl
</UL>
<BR>[Called By]<UL><LI><a href="#[4d]">&gt;&gt;</a>&nbsp;&nbsp;&nbsp;OS_StatTask
</UL>

<P><STRONG><a name="[ff]"></a>__aeabi_memcpy</STRONG> (Thumb, 36 bytes, Stack size 0 bytes, memcpya.o(.text))
<BR><BR>[Called By]<UL><LI><a href="#[102]">&gt;&gt;</a>&nbsp;&nbsp;&nbsp;upload_status_data
<LI><a href="#[108]">&gt;&gt;</a>&nbsp;&nbsp;&nbsp;read_key_from_eeprom
<LI><a href="#[ea]">&gt;&gt;</a>&nbsp;&nbsp;&nbsp;get_key_sn
</UL>

<P><STRONG><a name="[10e]"></a>__aeabi_memcpy4</STRONG> (Thumb, 0 bytes, Stack size 0 bytes, memcpya.o(.text))
<BR><BR>[Called By]<UL><LI><a href="#[10a]">&gt;&gt;</a>&nbsp;&nbsp;&nbsp;net_init
</UL>

<P><STRONG><a name="[13d]"></a>__aeabi_memcpy8</STRONG> (Thumb, 0 bytes, Stack size 0 bytes, memcpya.o(.text), UNUSED)

<P><STRONG><a name="[5e]"></a>__aeabi_memset</STRONG> (Thumb, 14 bytes, Stack size 0 bytes, memseta.o(.text))
<BR><BR>[Called By]<UL><LI><a href="#[102]">&gt;&gt;</a>&nbsp;&nbsp;&nbsp;upload_status_data
<LI><a href="#[5f]">&gt;&gt;</a>&nbsp;&nbsp;&nbsp;_memset$wrapper
<LI><a href="#[5d]">&gt;&gt;</a>&nbsp;&nbsp;&nbsp;__aeabi_memclr
</UL>

<P><STRONG><a name="[13e]"></a>__aeabi_memset4</STRONG> (Thumb, 0 bytes, Stack size 0 bytes, memseta.o(.text), UNUSED)

<P><STRONG><a name="[13f]"></a>__aeabi_memset8</STRONG> (Thumb, 0 bytes, Stack size 0 bytes, memseta.o(.text), UNUSED)

<P><STRONG><a name="[5d]"></a>__aeabi_memclr</STRONG> (Thumb, 4 bytes, Stack size 0 bytes, memseta.o(.text), UNUSED)
<BR><BR>[Calls]<UL><LI><a href="#[5e]">&gt;&gt;</a>&nbsp;&nbsp;&nbsp;__aeabi_memset
</UL>

<P><STRONG><a name="[f1]"></a>__aeabi_memclr4</STRONG> (Thumb, 0 bytes, Stack size 0 bytes, memseta.o(.text))
<BR><BR>[Called By]<UL><LI><a href="#[f0]">&gt;&gt;</a>&nbsp;&nbsp;&nbsp;bus_recieve_string
</UL>

<P><STRONG><a name="[140]"></a>__aeabi_memclr8</STRONG> (Thumb, 0 bytes, Stack size 0 bytes, memseta.o(.text), UNUSED)

<P><STRONG><a name="[5f]"></a>_memset$wrapper</STRONG> (Thumb, 18 bytes, Stack size 8 bytes, memseta.o(.text), UNUSED)
<BR><BR>[Calls]<UL><LI><a href="#[5e]">&gt;&gt;</a>&nbsp;&nbsp;&nbsp;__aeabi_memset
</UL>

<P><STRONG><a name="[11b]"></a>strlen</STRONG> (Thumb, 14 bytes, Stack size 0 bytes, strlen.o(.text))
<BR><BR>[Called By]<UL><LI><a href="#[108]">&gt;&gt;</a>&nbsp;&nbsp;&nbsp;read_key_from_eeprom
</UL>

<P><STRONG><a name="[11d]"></a>strncmp</STRONG> (Thumb, 30 bytes, Stack size 12 bytes, strncmp.o(.text))
<BR><BR>[Stack]<UL><LI>Max Depth = 12<LI>Call Chain = strncmp
</UL>
<BR>[Called By]<UL><LI><a href="#[11c]">&gt;&gt;</a>&nbsp;&nbsp;&nbsp;recv_data
</UL>

<P><STRONG><a name="[141]"></a>__aeabi_uidiv</STRONG> (Thumb, 0 bytes, Stack size 12 bytes, uidiv.o(.text), UNUSED)

<P><STRONG><a name="[e7]"></a>__aeabi_uidivmod</STRONG> (Thumb, 44 bytes, Stack size 12 bytes, uidiv.o(.text), UNUSED)
<BR><BR>[Called By]<UL><LI><a href="#[e6]">&gt;&gt;</a>&nbsp;&nbsp;&nbsp;_printf_core
</UL>

<P><STRONG><a name="[5c]"></a>__aeabi_llsl</STRONG> (Thumb, 30 bytes, Stack size 0 bytes, llshl.o(.text))
<BR><BR>[Called By]<UL><LI><a href="#[5a]">&gt;&gt;</a>&nbsp;&nbsp;&nbsp;__aeabi_uldivmod
</UL>

<P><STRONG><a name="[142]"></a>_ll_shift_l</STRONG> (Thumb, 0 bytes, Stack size 0 bytes, llshl.o(.text), UNUSED)

<P><STRONG><a name="[5b]"></a>__aeabi_llsr</STRONG> (Thumb, 32 bytes, Stack size 0 bytes, llushr.o(.text))
<BR><BR>[Called By]<UL><LI><a href="#[5a]">&gt;&gt;</a>&nbsp;&nbsp;&nbsp;__aeabi_uldivmod
</UL>

<P><STRONG><a name="[143]"></a>_ll_ushift_r</STRONG> (Thumb, 0 bytes, Stack size 0 bytes, llushr.o(.text), UNUSED)

<P><STRONG><a name="[59]"></a>__scatterload</STRONG> (Thumb, 28 bytes, Stack size 0 bytes, init.o(.text))
<BR><BR>[Calls]<UL><LI><a href="#[60]">&gt;&gt;</a>&nbsp;&nbsp;&nbsp;__main_after_scatterload
</UL>
<BR>[Called By]<UL><LI><a href="#[58]">&gt;&gt;</a>&nbsp;&nbsp;&nbsp;_main_scatterload
</UL>

<P><STRONG><a name="[144]"></a>__scatterload_rt2</STRONG> (Thumb, 0 bytes, Stack size 0 bytes, init.o(.text), UNUSED)

<P><STRONG><a name="[145]"></a>__decompress</STRONG> (Thumb, 0 bytes, Stack size unknown bytes, __dczerorl2.o(.text), UNUSED)

<P><STRONG><a name="[146]"></a>__decompress1</STRONG> (Thumb, 86 bytes, Stack size unknown bytes, __dczerorl2.o(.text), UNUSED)

<P><STRONG><a name="[51]"></a>AppTaskStart</STRONG> (Thumb, 34 bytes, Stack size 16 bytes, task.o(i.AppTaskStart))
<BR><BR>[Stack]<UL><LI>Max Depth = 276 + Unknown Stack Size
<LI>Call Chain = AppTaskStart &rArr; main_loop &rArr; net_init &rArr; udp_setup &rArr; OSTimeDlyHMSM &rArr; OS_TickListInsert
</UL>
<BR>[Calls]<UL><LI><a href="#[64]">&gt;&gt;</a>&nbsp;&nbsp;&nbsp;main_loop
<LI><a href="#[63]">&gt;&gt;</a>&nbsp;&nbsp;&nbsp;BSP_Init
<LI><a href="#[61]">&gt;&gt;</a>&nbsp;&nbsp;&nbsp;BSP_CPU_ClkFreq
<LI><a href="#[62]">&gt;&gt;</a>&nbsp;&nbsp;&nbsp;OS_CPU_SysTickInit
</UL>
<BR>[Address Reference Count : 1]<UL><LI> main.o(i.main)
</UL>
<P><STRONG><a name="[61]"></a>BSP_CPU_ClkFreq</STRONG> (Thumb, 16 bytes, Stack size 24 bytes, bsp.o(i.BSP_CPU_ClkFreq))
<BR><BR>[Stack]<UL><LI>Max Depth = 36<LI>Call Chain = BSP_CPU_ClkFreq &rArr; RCC_GetClocksFreq
</UL>
<BR>[Calls]<UL><LI><a href="#[65]">&gt;&gt;</a>&nbsp;&nbsp;&nbsp;RCC_GetClocksFreq
</UL>
<BR>[Called By]<UL><LI><a href="#[51]">&gt;&gt;</a>&nbsp;&nbsp;&nbsp;AppTaskStart
</UL>

<P><STRONG><a name="[63]"></a>BSP_Init</STRONG> (Thumb, 32 bytes, Stack size 8 bytes, bsp.o(i.BSP_Init))
<BR><BR>[Stack]<UL><LI>Max Depth = 140 + Unknown Stack Size
<LI>Call Chain = BSP_Init &rArr; esp8266_gpio_init &rArr; reset_esp8266 &rArr; OSTimeDlyHMSM &rArr; OS_TickListInsert
</UL>
<BR>[Calls]<UL><LI><a href="#[67]">&gt;&gt;</a>&nbsp;&nbsp;&nbsp;uart_inint
<LI><a href="#[69]">&gt;&gt;</a>&nbsp;&nbsp;&nbsp;i2c_init
<LI><a href="#[68]">&gt;&gt;</a>&nbsp;&nbsp;&nbsp;esp8266_gpio_init
<LI><a href="#[6c]">&gt;&gt;</a>&nbsp;&nbsp;&nbsp;beep_init
<LI><a href="#[6a]">&gt;&gt;</a>&nbsp;&nbsp;&nbsp;at24c02_init
<LI><a href="#[6b]">&gt;&gt;</a>&nbsp;&nbsp;&nbsp;SPI3_init
<LI><a href="#[66]">&gt;&gt;</a>&nbsp;&nbsp;&nbsp;LED_Init
</UL>
<BR>[Called By]<UL><LI><a href="#[51]">&gt;&gt;</a>&nbsp;&nbsp;&nbsp;AppTaskStart
</UL>

<P><STRONG><a name="[4]"></a>BusFault_Handler</STRONG> (Thumb, 4 bytes, Stack size 0 bytes, stm32f10x_it.o(i.BusFault_Handler))
<BR>[Address Reference Count : 1]<UL><LI> startup_stm32f10x_hd.o(RESET)
</UL>
<P><STRONG><a name="[6d]"></a>CPU_IntDisMeasMaxCurGet</STRONG> (Thumb, 40 bytes, Stack size 16 bytes, cpu_core.o(i.CPU_IntDisMeasMaxCurGet))
<BR><BR>[Stack]<UL><LI>Max Depth = 16 + Unknown Stack Size
<LI>Call Chain = CPU_IntDisMeasMaxCurGet
</UL>
<BR>[Calls]<UL><LI><a href="#[6e]">&gt;&gt;</a>&nbsp;&nbsp;&nbsp;CPU_SR_Save
<LI><a href="#[6f]">&gt;&gt;</a>&nbsp;&nbsp;&nbsp;CPU_SR_Restore
<LI><a href="#[70]">&gt;&gt;</a>&nbsp;&nbsp;&nbsp;CPU_IntDisMeasMaxCalc
</UL>
<BR>[Called By]<UL><LI><a href="#[71]">&gt;&gt;</a>&nbsp;&nbsp;&nbsp;CPU_IntDisMeasMaxCurReset
</UL>

<P><STRONG><a name="[71]"></a>CPU_IntDisMeasMaxCurReset</STRONG> (Thumb, 40 bytes, Stack size 16 bytes, cpu_core.o(i.CPU_IntDisMeasMaxCurReset))
<BR><BR>[Stack]<UL><LI>Max Depth = 32 + Unknown Stack Size
<LI>Call Chain = CPU_IntDisMeasMaxCurReset &rArr; CPU_IntDisMeasMaxCurGet
</UL>
<BR>[Calls]<UL><LI><a href="#[6e]">&gt;&gt;</a>&nbsp;&nbsp;&nbsp;CPU_SR_Save
<LI><a href="#[6f]">&gt;&gt;</a>&nbsp;&nbsp;&nbsp;CPU_SR_Restore
<LI><a href="#[6d]">&gt;&gt;</a>&nbsp;&nbsp;&nbsp;CPU_IntDisMeasMaxCurGet
</UL>
<BR>[Called By]<UL><LI><a href="#[49]">&gt;&gt;</a>&nbsp;&nbsp;&nbsp;OSTaskSwHook
</UL>

<P><STRONG><a name="[72]"></a>CPU_IntDisMeasMaxGet</STRONG> (Thumb, 40 bytes, Stack size 16 bytes, cpu_core.o(i.CPU_IntDisMeasMaxGet))
<BR><BR>[Stack]<UL><LI>Max Depth = 16 + Unknown Stack Size
<LI>Call Chain = CPU_IntDisMeasMaxGet
</UL>
<BR>[Calls]<UL><LI><a href="#[6e]">&gt;&gt;</a>&nbsp;&nbsp;&nbsp;CPU_SR_Save
<LI><a href="#[6f]">&gt;&gt;</a>&nbsp;&nbsp;&nbsp;CPU_SR_Restore
<LI><a href="#[70]">&gt;&gt;</a>&nbsp;&nbsp;&nbsp;CPU_IntDisMeasMaxCalc
</UL>
<BR>[Called By]<UL><LI><a href="#[4d]">&gt;&gt;</a>&nbsp;&nbsp;&nbsp;OS_StatTask
</UL>

<P><STRONG><a name="[73]"></a>CPU_IntDisMeasStart</STRONG> (Thumb, 38 bytes, Stack size 8 bytes, cpu_core.o(i.CPU_IntDisMeasStart))
<BR><BR>[Stack]<UL><LI>Max Depth = 8<LI>Call Chain = CPU_IntDisMeasStart
</UL>
<BR>[Calls]<UL><LI><a href="#[74]">&gt;&gt;</a>&nbsp;&nbsp;&nbsp;CPU_TS_TmrRd
</UL>
<BR>[Called By]<UL><LI><a href="#[b1]">&gt;&gt;</a>&nbsp;&nbsp;&nbsp;OSTimeDlyHMSM
<LI><a href="#[f3]">&gt;&gt;</a>&nbsp;&nbsp;&nbsp;bus_send_string
<LI><a href="#[9c]">&gt;&gt;</a>&nbsp;&nbsp;&nbsp;OSTaskCreate
<LI><a href="#[4b]">&gt;&gt;</a>&nbsp;&nbsp;&nbsp;OS_IdleTask
<LI><a href="#[95]">&gt;&gt;</a>&nbsp;&nbsp;&nbsp;OSSchedUnlock
<LI><a href="#[93]">&gt;&gt;</a>&nbsp;&nbsp;&nbsp;OSSchedLock
<LI><a href="#[9]">&gt;&gt;</a>&nbsp;&nbsp;&nbsp;OS_CPU_SysTickHandler
<LI><a href="#[d0]">&gt;&gt;</a>&nbsp;&nbsp;&nbsp;OS_TickListUpdate
<LI><a href="#[ac]">&gt;&gt;</a>&nbsp;&nbsp;&nbsp;OSTaskSemPend
<LI><a href="#[a5]">&gt;&gt;</a>&nbsp;&nbsp;&nbsp;OSTaskDel
<LI><a href="#[af]">&gt;&gt;</a>&nbsp;&nbsp;&nbsp;OSTimeDly
<LI><a href="#[ae]">&gt;&gt;</a>&nbsp;&nbsp;&nbsp;OSTaskStkChk
<LI><a href="#[4d]">&gt;&gt;</a>&nbsp;&nbsp;&nbsp;OS_StatTask
<LI><a href="#[99]">&gt;&gt;</a>&nbsp;&nbsp;&nbsp;OSStatReset
<LI><a href="#[bd]">&gt;&gt;</a>&nbsp;&nbsp;&nbsp;OS_TaskSemPost
<LI><a href="#[bc]">&gt;&gt;</a>&nbsp;&nbsp;&nbsp;OS_TaskQPost
<LI><a href="#[bb]">&gt;&gt;</a>&nbsp;&nbsp;&nbsp;OS_SemPost
<LI><a href="#[ba]">&gt;&gt;</a>&nbsp;&nbsp;&nbsp;OS_QPost
<LI><a href="#[4c]">&gt;&gt;</a>&nbsp;&nbsp;&nbsp;OS_IntQTask
<LI><a href="#[b9]">&gt;&gt;</a>&nbsp;&nbsp;&nbsp;OS_IntQRePost
<LI><a href="#[b4]">&gt;&gt;</a>&nbsp;&nbsp;&nbsp;OS_IntQPost
<LI><a href="#[b5]">&gt;&gt;</a>&nbsp;&nbsp;&nbsp;OS_FlagPost
<LI><a href="#[be]">&gt;&gt;</a>&nbsp;&nbsp;&nbsp;OS_SchedRoundRobin
</UL>

<P><STRONG><a name="[75]"></a>CPU_IntDisMeasStop</STRONG> (Thumb, 62 bytes, Stack size 8 bytes, cpu_core.o(i.CPU_IntDisMeasStop))
<BR><BR>[Stack]<UL><LI>Max Depth = 8<LI>Call Chain = CPU_IntDisMeasStop
</UL>
<BR>[Calls]<UL><LI><a href="#[74]">&gt;&gt;</a>&nbsp;&nbsp;&nbsp;CPU_TS_TmrRd
</UL>
<BR>[Called By]<UL><LI><a href="#[b1]">&gt;&gt;</a>&nbsp;&nbsp;&nbsp;OSTimeDlyHMSM
<LI><a href="#[f3]">&gt;&gt;</a>&nbsp;&nbsp;&nbsp;bus_send_string
<LI><a href="#[9c]">&gt;&gt;</a>&nbsp;&nbsp;&nbsp;OSTaskCreate
<LI><a href="#[4b]">&gt;&gt;</a>&nbsp;&nbsp;&nbsp;OS_IdleTask
<LI><a href="#[95]">&gt;&gt;</a>&nbsp;&nbsp;&nbsp;OSSchedUnlock
<LI><a href="#[93]">&gt;&gt;</a>&nbsp;&nbsp;&nbsp;OSSchedLock
<LI><a href="#[9]">&gt;&gt;</a>&nbsp;&nbsp;&nbsp;OS_CPU_SysTickHandler
<LI><a href="#[d0]">&gt;&gt;</a>&nbsp;&nbsp;&nbsp;OS_TickListUpdate
<LI><a href="#[ac]">&gt;&gt;</a>&nbsp;&nbsp;&nbsp;OSTaskSemPend
<LI><a href="#[a5]">&gt;&gt;</a>&nbsp;&nbsp;&nbsp;OSTaskDel
<LI><a href="#[af]">&gt;&gt;</a>&nbsp;&nbsp;&nbsp;OSTimeDly
<LI><a href="#[ae]">&gt;&gt;</a>&nbsp;&nbsp;&nbsp;OSTaskStkChk
<LI><a href="#[4d]">&gt;&gt;</a>&nbsp;&nbsp;&nbsp;OS_StatTask
<LI><a href="#[99]">&gt;&gt;</a>&nbsp;&nbsp;&nbsp;OSStatReset
<LI><a href="#[bd]">&gt;&gt;</a>&nbsp;&nbsp;&nbsp;OS_TaskSemPost
<LI><a href="#[bc]">&gt;&gt;</a>&nbsp;&nbsp;&nbsp;OS_TaskQPost
<LI><a href="#[bb]">&gt;&gt;</a>&nbsp;&nbsp;&nbsp;OS_SemPost
<LI><a href="#[ba]">&gt;&gt;</a>&nbsp;&nbsp;&nbsp;OS_QPost
<LI><a href="#[4c]">&gt;&gt;</a>&nbsp;&nbsp;&nbsp;OS_IntQTask
<LI><a href="#[b9]">&gt;&gt;</a>&nbsp;&nbsp;&nbsp;OS_IntQRePost
<LI><a href="#[b4]">&gt;&gt;</a>&nbsp;&nbsp;&nbsp;OS_IntQPost
<LI><a href="#[b5]">&gt;&gt;</a>&nbsp;&nbsp;&nbsp;OS_FlagPost
<LI><a href="#[be]">&gt;&gt;</a>&nbsp;&nbsp;&nbsp;OS_SchedRoundRobin
</UL>

<P><STRONG><a name="[74]"></a>CPU_TS_TmrRd</STRONG> (Thumb, 6 bytes, Stack size 0 bytes, bsp.o(i.CPU_TS_TmrRd))
<BR><BR>[Called By]<UL><LI><a href="#[96]">&gt;&gt;</a>&nbsp;&nbsp;&nbsp;OS_SchedLockTimeMeasStop
<LI><a href="#[94]">&gt;&gt;</a>&nbsp;&nbsp;&nbsp;OS_SchedLockTimeMeasStart
<LI><a href="#[75]">&gt;&gt;</a>&nbsp;&nbsp;&nbsp;CPU_IntDisMeasStop
<LI><a href="#[73]">&gt;&gt;</a>&nbsp;&nbsp;&nbsp;CPU_IntDisMeasStart
<LI><a href="#[b2]">&gt;&gt;</a>&nbsp;&nbsp;&nbsp;OSTimeTick
<LI><a href="#[49]">&gt;&gt;</a>&nbsp;&nbsp;&nbsp;OSTaskSwHook
<LI><a href="#[d0]">&gt;&gt;</a>&nbsp;&nbsp;&nbsp;OS_TickListUpdate
<LI><a href="#[9d]">&gt;&gt;</a>&nbsp;&nbsp;&nbsp;OS_TaskInitTCB
<LI><a href="#[ac]">&gt;&gt;</a>&nbsp;&nbsp;&nbsp;OSTaskSemPend
<LI><a href="#[4d]">&gt;&gt;</a>&nbsp;&nbsp;&nbsp;OS_StatTask
<LI><a href="#[99]">&gt;&gt;</a>&nbsp;&nbsp;&nbsp;OSStatReset
<LI><a href="#[4c]">&gt;&gt;</a>&nbsp;&nbsp;&nbsp;OS_IntQTask
<LI><a href="#[b9]">&gt;&gt;</a>&nbsp;&nbsp;&nbsp;OS_IntQRePost
<LI><a href="#[4f]">&gt;&gt;</a>&nbsp;&nbsp;&nbsp;OS_TmrTask
</UL>

<P><STRONG><a name="[7]"></a>DebugMon_Handler</STRONG> (Thumb, 2 bytes, Stack size 0 bytes, stm32f10x_it.o(i.DebugMon_Handler))
<BR>[Address Reference Count : 1]<UL><LI> startup_stm32f10x_hd.o(RESET)
</UL>
<P><STRONG><a name="[7c]"></a>GPIO_Init</STRONG> (Thumb, 278 bytes, Stack size 24 bytes, stm32f10x_gpio.o(i.GPIO_Init))
<BR><BR>[Stack]<UL><LI>Max Depth = 24<LI>Call Chain = GPIO_Init
</UL>
<BR>[Called By]<UL><LI><a href="#[67]">&gt;&gt;</a>&nbsp;&nbsp;&nbsp;uart_inint
<LI><a href="#[69]">&gt;&gt;</a>&nbsp;&nbsp;&nbsp;i2c_init
<LI><a href="#[68]">&gt;&gt;</a>&nbsp;&nbsp;&nbsp;esp8266_gpio_init
<LI><a href="#[6a]">&gt;&gt;</a>&nbsp;&nbsp;&nbsp;at24c02_init
<LI><a href="#[6b]">&gt;&gt;</a>&nbsp;&nbsp;&nbsp;SPI3_init
<LI><a href="#[66]">&gt;&gt;</a>&nbsp;&nbsp;&nbsp;LED_Init
<LI><a href="#[db]">&gt;&gt;</a>&nbsp;&nbsp;&nbsp;TIM1_PWM_Init
</UL>

<P><STRONG><a name="[d5]"></a>GPIO_PinRemapConfig</STRONG> (Thumb, 138 bytes, Stack size 20 bytes, stm32f10x_gpio.o(i.GPIO_PinRemapConfig))
<BR><BR>[Stack]<UL><LI>Max Depth = 20<LI>Call Chain = GPIO_PinRemapConfig
</UL>
<BR>[Called By]<UL><LI><a href="#[6b]">&gt;&gt;</a>&nbsp;&nbsp;&nbsp;SPI3_init
</UL>

<P><STRONG><a name="[ef]"></a>GPIO_ResetBits</STRONG> (Thumb, 4 bytes, Stack size 0 bytes, stm32f10x_gpio.o(i.GPIO_ResetBits))
<BR><BR>[Called By]<UL><LI><a href="#[6a]">&gt;&gt;</a>&nbsp;&nbsp;&nbsp;at24c02_init
</UL>

<P><STRONG><a name="[d6]"></a>GPIO_SetBits</STRONG> (Thumb, 4 bytes, Stack size 0 bytes, stm32f10x_gpio.o(i.GPIO_SetBits))
<BR><BR>[Called By]<UL><LI><a href="#[6b]">&gt;&gt;</a>&nbsp;&nbsp;&nbsp;SPI3_init
</UL>

<P><STRONG><a name="[fa]"></a>GPIO_WriteBit</STRONG> (Thumb, 10 bytes, Stack size 0 bytes, stm32f10x_gpio.o(i.GPIO_WriteBit))
<BR><BR>[Called By]<UL><LI><a href="#[fb]">&gt;&gt;</a>&nbsp;&nbsp;&nbsp;work_esp8266
<LI><a href="#[fc]">&gt;&gt;</a>&nbsp;&nbsp;&nbsp;reset_esp8266
<LI><a href="#[f9]">&gt;&gt;</a>&nbsp;&nbsp;&nbsp;enbale_esp8266
<LI><a href="#[7d]">&gt;&gt;</a>&nbsp;&nbsp;&nbsp;yellow_led_on
<LI><a href="#[10c]">&gt;&gt;</a>&nbsp;&nbsp;&nbsp;red_led_on
<LI><a href="#[109]">&gt;&gt;</a>&nbsp;&nbsp;&nbsp;led_off
</UL>

<P><STRONG><a name="[2]"></a>HardFault_Handler</STRONG> (Thumb, 4 bytes, Stack size 0 bytes, stm32f10x_it.o(i.HardFault_Handler))
<BR>[Address Reference Count : 1]<UL><LI> startup_stm32f10x_hd.o(RESET)
</UL>
<P><STRONG><a name="[29]"></a>I2C1_EV_IRQHandler</STRONG> (Thumb, 72 bytes, Stack size 8 bytes, irda.o(i.I2C1_EV_IRQHandler))
<BR><BR>[Stack]<UL><LI>Max Depth = 20<LI>Call Chain = I2C1_EV_IRQHandler &rArr; I2C_GetITStatus
</UL>
<BR>[Calls]<UL><LI><a href="#[76]">&gt;&gt;</a>&nbsp;&nbsp;&nbsp;I2C_GetITStatus
<LI><a href="#[77]">&gt;&gt;</a>&nbsp;&nbsp;&nbsp;I2C_ClearITPendingBit
</UL>
<BR>[Address Reference Count : 1]<UL><LI> startup_stm32f10x_hd.o(RESET)
</UL>
<P><STRONG><a name="[105]"></a>I2C_AcknowledgeConfig</STRONG> (Thumb, 24 bytes, Stack size 0 bytes, stm32f10x_i2c.o(i.I2C_AcknowledgeConfig))
<BR><BR>[Called By]<UL><LI><a href="#[69]">&gt;&gt;</a>&nbsp;&nbsp;&nbsp;i2c_init
</UL>

<P><STRONG><a name="[77]"></a>I2C_ClearITPendingBit</STRONG> (Thumb, 12 bytes, Stack size 0 bytes, stm32f10x_i2c.o(i.I2C_ClearITPendingBit))
<BR><BR>[Called By]<UL><LI><a href="#[29]">&gt;&gt;</a>&nbsp;&nbsp;&nbsp;I2C1_EV_IRQHandler
</UL>

<P><STRONG><a name="[104]"></a>I2C_Cmd</STRONG> (Thumb, 24 bytes, Stack size 0 bytes, stm32f10x_i2c.o(i.I2C_Cmd))
<BR><BR>[Called By]<UL><LI><a href="#[69]">&gt;&gt;</a>&nbsp;&nbsp;&nbsp;i2c_init
</UL>

<P><STRONG><a name="[78]"></a>I2C_DeInit</STRONG> (Thumb, 50 bytes, Stack size 8 bytes, stm32f10x_i2c.o(i.I2C_DeInit))
<BR><BR>[Stack]<UL><LI>Max Depth = 8<LI>Call Chain = I2C_DeInit
</UL>
<BR>[Calls]<UL><LI><a href="#[79]">&gt;&gt;</a>&nbsp;&nbsp;&nbsp;RCC_APB1PeriphResetCmd
</UL>
<BR>[Called By]<UL><LI><a href="#[69]">&gt;&gt;</a>&nbsp;&nbsp;&nbsp;i2c_init
</UL>

<P><STRONG><a name="[76]"></a>I2C_GetITStatus</STRONG> (Thumb, 38 bytes, Stack size 12 bytes, stm32f10x_i2c.o(i.I2C_GetITStatus))
<BR><BR>[Stack]<UL><LI>Max Depth = 12<LI>Call Chain = I2C_GetITStatus
</UL>
<BR>[Called By]<UL><LI><a href="#[29]">&gt;&gt;</a>&nbsp;&nbsp;&nbsp;I2C1_EV_IRQHandler
</UL>

<P><STRONG><a name="[7a]"></a>I2C_Init</STRONG> (Thumb, 222 bytes, Stack size 48 bytes, stm32f10x_i2c.o(i.I2C_Init))
<BR><BR>[Stack]<UL><LI>Max Depth = 60<LI>Call Chain = I2C_Init &rArr; RCC_GetClocksFreq
</UL>
<BR>[Calls]<UL><LI><a href="#[65]">&gt;&gt;</a>&nbsp;&nbsp;&nbsp;RCC_GetClocksFreq
</UL>
<BR>[Called By]<UL><LI><a href="#[69]">&gt;&gt;</a>&nbsp;&nbsp;&nbsp;i2c_init
</UL>

<P><STRONG><a name="[66]"></a>LED_Init</STRONG> (Thumb, 98 bytes, Stack size 8 bytes, led.o(i.LED_Init))
<BR><BR>[Stack]<UL><LI>Max Depth = 32<LI>Call Chain = LED_Init &rArr; GPIO_Init
</UL>
<BR>[Calls]<UL><LI><a href="#[7c]">&gt;&gt;</a>&nbsp;&nbsp;&nbsp;GPIO_Init
<LI><a href="#[7b]">&gt;&gt;</a>&nbsp;&nbsp;&nbsp;RCC_APB2PeriphClockCmd
<LI><a href="#[7d]">&gt;&gt;</a>&nbsp;&nbsp;&nbsp;yellow_led_on
</UL>
<BR>[Called By]<UL><LI><a href="#[63]">&gt;&gt;</a>&nbsp;&nbsp;&nbsp;BSP_Init
</UL>

<P><STRONG><a name="[3]"></a>MemManage_Handler</STRONG> (Thumb, 4 bytes, Stack size 0 bytes, stm32f10x_it.o(i.MemManage_Handler))
<BR>[Address Reference Count : 1]<UL><LI> startup_stm32f10x_hd.o(RESET)
</UL>
<P><STRONG><a name="[1]"></a>NMI_Handler</STRONG> (Thumb, 2 bytes, Stack size 0 bytes, stm32f10x_it.o(i.NMI_Handler))
<BR>[Address Reference Count : 1]<UL><LI> startup_stm32f10x_hd.o(RESET)
</UL>
<P><STRONG><a name="[12c]"></a>NVIC_Init</STRONG> (Thumb, 100 bytes, Stack size 16 bytes, misc.o(i.NVIC_Init))
<BR><BR>[Stack]<UL><LI>Max Depth = 16<LI>Call Chain = NVIC_Init
</UL>
<BR>[Called By]<UL><LI><a href="#[67]">&gt;&gt;</a>&nbsp;&nbsp;&nbsp;uart_inint
</UL>

<P><STRONG><a name="[12b]"></a>NVIC_PriorityGroupConfig</STRONG> (Thumb, 10 bytes, Stack size 0 bytes, misc.o(i.NVIC_PriorityGroupConfig))
<BR><BR>[Called By]<UL><LI><a href="#[67]">&gt;&gt;</a>&nbsp;&nbsp;&nbsp;uart_inint
</UL>

<P><STRONG><a name="[8f]"></a>OSCfg_Init</STRONG> (Thumb, 86 bytes, Stack size 0 bytes, os_cfg_app.o(i.OSCfg_Init))
<BR><BR>[Called By]<UL><LI><a href="#[7e]">&gt;&gt;</a>&nbsp;&nbsp;&nbsp;OSInit
</UL>

<P><STRONG><a name="[b8]"></a>OSIdleTaskHook</STRONG> (Thumb, 16 bytes, Stack size 8 bytes, os_cpu_c.o(i.OSIdleTaskHook))
<BR><BR>[Stack]<UL><LI>Max Depth = 8<LI>Call Chain = OSIdleTaskHook
</UL>
<BR>[Called By]<UL><LI><a href="#[4b]">&gt;&gt;</a>&nbsp;&nbsp;&nbsp;OS_IdleTask
</UL>

<P><STRONG><a name="[7e]"></a>OSInit</STRONG> (Thumb, 276 bytes, Stack size 16 bytes, os_core.o(i.OSInit))
<BR><BR>[Stack]<UL><LI>Max Depth = 176 + Unknown Stack Size
<LI>Call Chain = OSInit &rArr; OS_TmrInit &rArr; OSTaskCreate &rArr; OSSched &rArr; OS_PrioGetHighest
</UL>
<BR>[Calls]<UL><LI><a href="#[84]">&gt;&gt;</a>&nbsp;&nbsp;&nbsp;OS_IdleTaskInit
<LI><a href="#[8f]">&gt;&gt;</a>&nbsp;&nbsp;&nbsp;OSCfg_Init
<LI><a href="#[7f]">&gt;&gt;</a>&nbsp;&nbsp;&nbsp;OSInitHook
<LI><a href="#[8d]">&gt;&gt;</a>&nbsp;&nbsp;&nbsp;OS_TmrInit
<LI><a href="#[85]">&gt;&gt;</a>&nbsp;&nbsp;&nbsp;OS_TickTaskInit
<LI><a href="#[82]">&gt;&gt;</a>&nbsp;&nbsp;&nbsp;OS_TaskInit
<LI><a href="#[86]">&gt;&gt;</a>&nbsp;&nbsp;&nbsp;OS_StatTaskInit
<LI><a href="#[8c]">&gt;&gt;</a>&nbsp;&nbsp;&nbsp;OS_SemInit
<LI><a href="#[8b]">&gt;&gt;</a>&nbsp;&nbsp;&nbsp;OS_QInit
<LI><a href="#[80]">&gt;&gt;</a>&nbsp;&nbsp;&nbsp;OS_PrioInit
<LI><a href="#[8a]">&gt;&gt;</a>&nbsp;&nbsp;&nbsp;OS_MutexInit
<LI><a href="#[89]">&gt;&gt;</a>&nbsp;&nbsp;&nbsp;OS_MsgPoolInit
<LI><a href="#[88]">&gt;&gt;</a>&nbsp;&nbsp;&nbsp;OS_MemInit
<LI><a href="#[83]">&gt;&gt;</a>&nbsp;&nbsp;&nbsp;OS_IntQTaskInit
<LI><a href="#[87]">&gt;&gt;</a>&nbsp;&nbsp;&nbsp;OS_FlagInit
<LI><a href="#[8e]">&gt;&gt;</a>&nbsp;&nbsp;&nbsp;OS_Dbg_Init
<LI><a href="#[81]">&gt;&gt;</a>&nbsp;&nbsp;&nbsp;OS_RdyListInit
</UL>
<BR>[Called By]<UL><LI><a href="#[46]">&gt;&gt;</a>&nbsp;&nbsp;&nbsp;main
</UL>

<P><STRONG><a name="[7f]"></a>OSInitHook</STRONG> (Thumb, 20 bytes, Stack size 0 bytes, os_cpu_c.o(i.OSInitHook))
<BR><BR>[Called By]<UL><LI><a href="#[7e]">&gt;&gt;</a>&nbsp;&nbsp;&nbsp;OSInit
</UL>

<P><STRONG><a name="[90]"></a>OSIntExit</STRONG> (Thumb, 192 bytes, Stack size 8 bytes, os_core.o(i.OSIntExit))
<BR><BR>[Stack]<UL><LI>Max Depth = 24 + Unknown Stack Size
<LI>Call Chain = OSIntExit &rArr; OS_PrioGetHighest
</UL>
<BR>[Calls]<UL><LI><a href="#[6e]">&gt;&gt;</a>&nbsp;&nbsp;&nbsp;CPU_SR_Save
<LI><a href="#[6f]">&gt;&gt;</a>&nbsp;&nbsp;&nbsp;CPU_SR_Restore
<LI><a href="#[91]">&gt;&gt;</a>&nbsp;&nbsp;&nbsp;OS_PrioGetHighest
</UL>
<BR>[Called By]<UL><LI><a href="#[9]">&gt;&gt;</a>&nbsp;&nbsp;&nbsp;OS_CPU_SysTickHandler
</UL>

<P><STRONG><a name="[92]"></a>OSSched</STRONG> (Thumb, 134 bytes, Stack size 8 bytes, os_core.o(i.OSSched))
<BR><BR>[Stack]<UL><LI>Max Depth = 24 + Unknown Stack Size
<LI>Call Chain = OSSched &rArr; OS_PrioGetHighest
</UL>
<BR>[Calls]<UL><LI><a href="#[6e]">&gt;&gt;</a>&nbsp;&nbsp;&nbsp;CPU_SR_Save
<LI><a href="#[6f]">&gt;&gt;</a>&nbsp;&nbsp;&nbsp;CPU_SR_Restore
<LI><a href="#[91]">&gt;&gt;</a>&nbsp;&nbsp;&nbsp;OS_PrioGetHighest
</UL>
<BR>[Called By]<UL><LI><a href="#[b1]">&gt;&gt;</a>&nbsp;&nbsp;&nbsp;OSTimeDlyHMSM
<LI><a href="#[9c]">&gt;&gt;</a>&nbsp;&nbsp;&nbsp;OSTaskCreate
<LI><a href="#[95]">&gt;&gt;</a>&nbsp;&nbsp;&nbsp;OSSchedUnlock
<LI><a href="#[ac]">&gt;&gt;</a>&nbsp;&nbsp;&nbsp;OSTaskSemPend
<LI><a href="#[a5]">&gt;&gt;</a>&nbsp;&nbsp;&nbsp;OSTaskDel
<LI><a href="#[af]">&gt;&gt;</a>&nbsp;&nbsp;&nbsp;OSTimeDly
<LI><a href="#[bd]">&gt;&gt;</a>&nbsp;&nbsp;&nbsp;OS_TaskSemPost
<LI><a href="#[bc]">&gt;&gt;</a>&nbsp;&nbsp;&nbsp;OS_TaskQPost
<LI><a href="#[bb]">&gt;&gt;</a>&nbsp;&nbsp;&nbsp;OS_SemPost
<LI><a href="#[ba]">&gt;&gt;</a>&nbsp;&nbsp;&nbsp;OS_QPost
<LI><a href="#[4c]">&gt;&gt;</a>&nbsp;&nbsp;&nbsp;OS_IntQTask
<LI><a href="#[b5]">&gt;&gt;</a>&nbsp;&nbsp;&nbsp;OS_FlagPost
</UL>

<P><STRONG><a name="[93]"></a>OSSchedLock</STRONG> (Thumb, 112 bytes, Stack size 16 bytes, os_core.o(i.OSSchedLock))
<BR><BR>[Stack]<UL><LI>Max Depth = 24 + Unknown Stack Size
<LI>Call Chain = OSSchedLock &rArr; OS_SchedLockTimeMeasStart
</UL>
<BR>[Calls]<UL><LI><a href="#[94]">&gt;&gt;</a>&nbsp;&nbsp;&nbsp;OS_SchedLockTimeMeasStart
<LI><a href="#[6e]">&gt;&gt;</a>&nbsp;&nbsp;&nbsp;CPU_SR_Save
<LI><a href="#[6f]">&gt;&gt;</a>&nbsp;&nbsp;&nbsp;CPU_SR_Restore
<LI><a href="#[75]">&gt;&gt;</a>&nbsp;&nbsp;&nbsp;CPU_IntDisMeasStop
<LI><a href="#[73]">&gt;&gt;</a>&nbsp;&nbsp;&nbsp;CPU_IntDisMeasStart
</UL>
<BR>[Called By]<UL><LI><a href="#[4f]">&gt;&gt;</a>&nbsp;&nbsp;&nbsp;OS_TmrTask
</UL>

<P><STRONG><a name="[95]"></a>OSSchedUnlock</STRONG> (Thumb, 148 bytes, Stack size 16 bytes, os_core.o(i.OSSchedUnlock))
<BR><BR>[Stack]<UL><LI>Max Depth = 40 + Unknown Stack Size
<LI>Call Chain = OSSchedUnlock &rArr; OSSched &rArr; OS_PrioGetHighest
</UL>
<BR>[Calls]<UL><LI><a href="#[96]">&gt;&gt;</a>&nbsp;&nbsp;&nbsp;OS_SchedLockTimeMeasStop
<LI><a href="#[6e]">&gt;&gt;</a>&nbsp;&nbsp;&nbsp;CPU_SR_Save
<LI><a href="#[6f]">&gt;&gt;</a>&nbsp;&nbsp;&nbsp;CPU_SR_Restore
<LI><a href="#[75]">&gt;&gt;</a>&nbsp;&nbsp;&nbsp;CPU_IntDisMeasStop
<LI><a href="#[73]">&gt;&gt;</a>&nbsp;&nbsp;&nbsp;CPU_IntDisMeasStart
<LI><a href="#[92]">&gt;&gt;</a>&nbsp;&nbsp;&nbsp;OSSched
</UL>
<BR>[Called By]<UL><LI><a href="#[4f]">&gt;&gt;</a>&nbsp;&nbsp;&nbsp;OS_TmrTask
</UL>

<P><STRONG><a name="[97]"></a>OSStart</STRONG> (Thumb, 78 bytes, Stack size 8 bytes, os_core.o(i.OSStart))
<BR><BR>[Stack]<UL><LI>Max Depth = 24 + Unknown Stack Size
<LI>Call Chain = OSStart &rArr; OS_PrioGetHighest
</UL>
<BR>[Calls]<UL><LI><a href="#[98]">&gt;&gt;</a>&nbsp;&nbsp;&nbsp;OSStartHighRdy
<LI><a href="#[91]">&gt;&gt;</a>&nbsp;&nbsp;&nbsp;OS_PrioGetHighest
</UL>
<BR>[Called By]<UL><LI><a href="#[46]">&gt;&gt;</a>&nbsp;&nbsp;&nbsp;main
</UL>

<P><STRONG><a name="[99]"></a>OSStatReset</STRONG> (Thumb, 204 bytes, Stack size 24 bytes, os_stat.o(i.OSStatReset))
<BR><BR>[Stack]<UL><LI>Max Depth = 32 + Unknown Stack Size
<LI>Call Chain = OSStatReset &rArr; CPU_IntDisMeasStop
</UL>
<BR>[Calls]<UL><LI><a href="#[6e]">&gt;&gt;</a>&nbsp;&nbsp;&nbsp;CPU_SR_Save
<LI><a href="#[6f]">&gt;&gt;</a>&nbsp;&nbsp;&nbsp;CPU_SR_Restore
<LI><a href="#[75]">&gt;&gt;</a>&nbsp;&nbsp;&nbsp;CPU_IntDisMeasStop
<LI><a href="#[73]">&gt;&gt;</a>&nbsp;&nbsp;&nbsp;CPU_IntDisMeasStart
<LI><a href="#[74]">&gt;&gt;</a>&nbsp;&nbsp;&nbsp;CPU_TS_TmrRd
<LI><a href="#[9b]">&gt;&gt;</a>&nbsp;&nbsp;&nbsp;OS_TmrResetPeak
<LI><a href="#[9a]">&gt;&gt;</a>&nbsp;&nbsp;&nbsp;OS_TickListResetPeak
</UL>
<BR>[Called By]<UL><LI><a href="#[4d]">&gt;&gt;</a>&nbsp;&nbsp;&nbsp;OS_StatTask
</UL>

<P><STRONG><a name="[ce]"></a>OSStatTaskHook</STRONG> (Thumb, 16 bytes, Stack size 8 bytes, os_cpu_c.o(i.OSStatTaskHook))
<BR><BR>[Stack]<UL><LI>Max Depth = 8<LI>Call Chain = OSStatTaskHook
</UL>
<BR>[Called By]<UL><LI><a href="#[4d]">&gt;&gt;</a>&nbsp;&nbsp;&nbsp;OS_StatTask
</UL>

<P><STRONG><a name="[9c]"></a>OSTaskCreate</STRONG> (Thumb, 624 bytes, Stack size 80 bytes, os_task.o(i.OSTaskCreate))
<BR><BR>[Stack]<UL><LI>Max Depth = 104 + Unknown Stack Size
<LI>Call Chain = OSTaskCreate &rArr; OSSched &rArr; OS_PrioGetHighest
</UL>
<BR>[Calls]<UL><LI><a href="#[96]">&gt;&gt;</a>&nbsp;&nbsp;&nbsp;OS_SchedLockTimeMeasStop
<LI><a href="#[94]">&gt;&gt;</a>&nbsp;&nbsp;&nbsp;OS_SchedLockTimeMeasStart
<LI><a href="#[a4]">&gt;&gt;</a>&nbsp;&nbsp;&nbsp;OS_Sched0
<LI><a href="#[6e]">&gt;&gt;</a>&nbsp;&nbsp;&nbsp;CPU_SR_Save
<LI><a href="#[6f]">&gt;&gt;</a>&nbsp;&nbsp;&nbsp;CPU_SR_Restore
<LI><a href="#[75]">&gt;&gt;</a>&nbsp;&nbsp;&nbsp;CPU_IntDisMeasStop
<LI><a href="#[73]">&gt;&gt;</a>&nbsp;&nbsp;&nbsp;CPU_IntDisMeasStart
<LI><a href="#[92]">&gt;&gt;</a>&nbsp;&nbsp;&nbsp;OSSched
<LI><a href="#[9e]">&gt;&gt;</a>&nbsp;&nbsp;&nbsp;OSTaskStkInit
<LI><a href="#[a0]">&gt;&gt;</a>&nbsp;&nbsp;&nbsp;OSTaskCreateHook
<LI><a href="#[9d]">&gt;&gt;</a>&nbsp;&nbsp;&nbsp;OS_TaskInitTCB
<LI><a href="#[a3]">&gt;&gt;</a>&nbsp;&nbsp;&nbsp;OS_TaskDbgListAdd
<LI><a href="#[9f]">&gt;&gt;</a>&nbsp;&nbsp;&nbsp;OS_MsgQInit
<LI><a href="#[a1]">&gt;&gt;</a>&nbsp;&nbsp;&nbsp;OS_PrioInsert
<LI><a href="#[a2]">&gt;&gt;</a>&nbsp;&nbsp;&nbsp;OS_RdyListInsertTail
</UL>
<BR>[Called By]<UL><LI><a href="#[10b]">&gt;&gt;</a>&nbsp;&nbsp;&nbsp;start_clothe_tasks
<LI><a href="#[46]">&gt;&gt;</a>&nbsp;&nbsp;&nbsp;main
<LI><a href="#[84]">&gt;&gt;</a>&nbsp;&nbsp;&nbsp;OS_IdleTaskInit
<LI><a href="#[8d]">&gt;&gt;</a>&nbsp;&nbsp;&nbsp;OS_TmrInit
<LI><a href="#[85]">&gt;&gt;</a>&nbsp;&nbsp;&nbsp;OS_TickTaskInit
<LI><a href="#[86]">&gt;&gt;</a>&nbsp;&nbsp;&nbsp;OS_StatTaskInit
<LI><a href="#[83]">&gt;&gt;</a>&nbsp;&nbsp;&nbsp;OS_IntQTaskInit
</UL>

<P><STRONG><a name="[a0]"></a>OSTaskCreateHook</STRONG> (Thumb, 20 bytes, Stack size 8 bytes, os_cpu_c.o(i.OSTaskCreateHook))
<BR><BR>[Stack]<UL><LI>Max Depth = 8<LI>Call Chain = OSTaskCreateHook
</UL>
<BR>[Called By]<UL><LI><a href="#[9c]">&gt;&gt;</a>&nbsp;&nbsp;&nbsp;OSTaskCreate
</UL>

<P><STRONG><a name="[a5]"></a>OSTaskDel</STRONG> (Thumb, 490 bytes, Stack size 16 bytes, os_task.o(i.OSTaskDel))
<BR><BR>[Stack]<UL><LI>Max Depth = 52 + Unknown Stack Size
<LI>Call Chain = OSTaskDel &rArr; OS_RdyListRemove &rArr; OS_PrioRemove
</UL>
<BR>[Calls]<UL><LI><a href="#[96]">&gt;&gt;</a>&nbsp;&nbsp;&nbsp;OS_SchedLockTimeMeasStop
<LI><a href="#[94]">&gt;&gt;</a>&nbsp;&nbsp;&nbsp;OS_SchedLockTimeMeasStart
<LI><a href="#[a4]">&gt;&gt;</a>&nbsp;&nbsp;&nbsp;OS_Sched0
<LI><a href="#[6e]">&gt;&gt;</a>&nbsp;&nbsp;&nbsp;CPU_SR_Save
<LI><a href="#[6f]">&gt;&gt;</a>&nbsp;&nbsp;&nbsp;CPU_SR_Restore
<LI><a href="#[75]">&gt;&gt;</a>&nbsp;&nbsp;&nbsp;CPU_IntDisMeasStop
<LI><a href="#[73]">&gt;&gt;</a>&nbsp;&nbsp;&nbsp;CPU_IntDisMeasStart
<LI><a href="#[92]">&gt;&gt;</a>&nbsp;&nbsp;&nbsp;OSSched
<LI><a href="#[aa]">&gt;&gt;</a>&nbsp;&nbsp;&nbsp;OSTaskDelHook
<LI><a href="#[9d]">&gt;&gt;</a>&nbsp;&nbsp;&nbsp;OS_TaskInitTCB
<LI><a href="#[ab]">&gt;&gt;</a>&nbsp;&nbsp;&nbsp;OS_TaskDbgListRemove
<LI><a href="#[a9]">&gt;&gt;</a>&nbsp;&nbsp;&nbsp;OS_MsgQFreeAll
<LI><a href="#[a7]">&gt;&gt;</a>&nbsp;&nbsp;&nbsp;OS_TickListRemove
<LI><a href="#[a6]">&gt;&gt;</a>&nbsp;&nbsp;&nbsp;OS_RdyListRemove
<LI><a href="#[a8]">&gt;&gt;</a>&nbsp;&nbsp;&nbsp;OS_PendListRemove
</UL>
<BR>[Called By]<UL><LI><a href="#[4a]">&gt;&gt;</a>&nbsp;&nbsp;&nbsp;OS_TaskReturn
</UL>

<P><STRONG><a name="[aa]"></a>OSTaskDelHook</STRONG> (Thumb, 20 bytes, Stack size 8 bytes, os_cpu_c.o(i.OSTaskDelHook))
<BR><BR>[Stack]<UL><LI>Max Depth = 8<LI>Call Chain = OSTaskDelHook
</UL>
<BR>[Called By]<UL><LI><a href="#[a5]">&gt;&gt;</a>&nbsp;&nbsp;&nbsp;OSTaskDel
</UL>

<P><STRONG><a name="[cf]"></a>OSTaskReturnHook</STRONG> (Thumb, 20 bytes, Stack size 8 bytes, os_cpu_c.o(i.OSTaskReturnHook))
<BR><BR>[Stack]<UL><LI>Max Depth = 8<LI>Call Chain = OSTaskReturnHook
</UL>
<BR>[Called By]<UL><LI><a href="#[4a]">&gt;&gt;</a>&nbsp;&nbsp;&nbsp;OS_TaskReturn
</UL>

<P><STRONG><a name="[ac]"></a>OSTaskSemPend</STRONG> (Thumb, 552 bytes, Stack size 32 bytes, os_task.o(i.OSTaskSemPend))
<BR><BR>[Stack]<UL><LI>Max Depth = 108 + Unknown Stack Size
<LI>Call Chain = OSTaskSemPend &rArr; OS_Pend &rArr; OS_TaskBlock &rArr; OS_TickListInsert
</UL>
<BR>[Calls]<UL><LI><a href="#[96]">&gt;&gt;</a>&nbsp;&nbsp;&nbsp;OS_SchedLockTimeMeasStop
<LI><a href="#[94]">&gt;&gt;</a>&nbsp;&nbsp;&nbsp;OS_SchedLockTimeMeasStart
<LI><a href="#[6e]">&gt;&gt;</a>&nbsp;&nbsp;&nbsp;CPU_SR_Save
<LI><a href="#[6f]">&gt;&gt;</a>&nbsp;&nbsp;&nbsp;CPU_SR_Restore
<LI><a href="#[75]">&gt;&gt;</a>&nbsp;&nbsp;&nbsp;CPU_IntDisMeasStop
<LI><a href="#[73]">&gt;&gt;</a>&nbsp;&nbsp;&nbsp;CPU_IntDisMeasStart
<LI><a href="#[74]">&gt;&gt;</a>&nbsp;&nbsp;&nbsp;CPU_TS_TmrRd
<LI><a href="#[ad]">&gt;&gt;</a>&nbsp;&nbsp;&nbsp;OS_Pend
<LI><a href="#[92]">&gt;&gt;</a>&nbsp;&nbsp;&nbsp;OSSched
</UL>
<BR>[Called By]<UL><LI><a href="#[4e]">&gt;&gt;</a>&nbsp;&nbsp;&nbsp;OS_TickTask
<LI><a href="#[4f]">&gt;&gt;</a>&nbsp;&nbsp;&nbsp;OS_TmrTask
</UL>

<P><STRONG><a name="[ae]"></a>OSTaskStkChk</STRONG> (Thumb, 220 bytes, Stack size 32 bytes, os_task.o(i.OSTaskStkChk))
<BR><BR>[Stack]<UL><LI>Max Depth = 40 + Unknown Stack Size
<LI>Call Chain = OSTaskStkChk &rArr; CPU_IntDisMeasStop
</UL>
<BR>[Calls]<UL><LI><a href="#[6e]">&gt;&gt;</a>&nbsp;&nbsp;&nbsp;CPU_SR_Save
<LI><a href="#[6f]">&gt;&gt;</a>&nbsp;&nbsp;&nbsp;CPU_SR_Restore
<LI><a href="#[75]">&gt;&gt;</a>&nbsp;&nbsp;&nbsp;CPU_IntDisMeasStop
<LI><a href="#[73]">&gt;&gt;</a>&nbsp;&nbsp;&nbsp;CPU_IntDisMeasStart
</UL>
<BR>[Called By]<UL><LI><a href="#[4d]">&gt;&gt;</a>&nbsp;&nbsp;&nbsp;OS_StatTask
</UL>

<P><STRONG><a name="[9e]"></a>OSTaskStkInit</STRONG> (Thumb, 188 bytes, Stack size 20 bytes, os_cpu_c.o(i.OSTaskStkInit))
<BR><BR>[Stack]<UL><LI>Max Depth = 20<LI>Call Chain = OSTaskStkInit
</UL>
<BR>[Called By]<UL><LI><a href="#[9c]">&gt;&gt;</a>&nbsp;&nbsp;&nbsp;OSTaskCreate
</UL>

<P><STRONG><a name="[49]"></a>OSTaskSwHook</STRONG> (Thumb, 154 bytes, Stack size 16 bytes, os_cpu_c.o(i.OSTaskSwHook))
<BR><BR>[Stack]<UL><LI>Max Depth = 48 + Unknown Stack Size
<LI>Call Chain = OSTaskSwHook &rArr; CPU_IntDisMeasMaxCurReset &rArr; CPU_IntDisMeasMaxCurGet
</UL>
<BR>[Calls]<UL><LI><a href="#[74]">&gt;&gt;</a>&nbsp;&nbsp;&nbsp;CPU_TS_TmrRd
<LI><a href="#[71]">&gt;&gt;</a>&nbsp;&nbsp;&nbsp;CPU_IntDisMeasMaxCurReset
</UL>
<BR>[Address Reference Count : 1]<UL><LI> os_cpu_a.o(.text)
</UL>
<P><STRONG><a name="[af]"></a>OSTimeDly</STRONG> (Thumb, 322 bytes, Stack size 24 bytes, os_time.o(i.OSTimeDly))
<BR><BR>[Stack]<UL><LI>Max Depth = 60 + Unknown Stack Size
<LI>Call Chain = OSTimeDly &rArr; OS_TickListInsert
</UL>
<BR>[Calls]<UL><LI><a href="#[96]">&gt;&gt;</a>&nbsp;&nbsp;&nbsp;OS_SchedLockTimeMeasStop
<LI><a href="#[94]">&gt;&gt;</a>&nbsp;&nbsp;&nbsp;OS_SchedLockTimeMeasStart
<LI><a href="#[6e]">&gt;&gt;</a>&nbsp;&nbsp;&nbsp;CPU_SR_Save
<LI><a href="#[6f]">&gt;&gt;</a>&nbsp;&nbsp;&nbsp;CPU_SR_Restore
<LI><a href="#[75]">&gt;&gt;</a>&nbsp;&nbsp;&nbsp;CPU_IntDisMeasStop
<LI><a href="#[73]">&gt;&gt;</a>&nbsp;&nbsp;&nbsp;CPU_IntDisMeasStart
<LI><a href="#[92]">&gt;&gt;</a>&nbsp;&nbsp;&nbsp;OSSched
<LI><a href="#[b0]">&gt;&gt;</a>&nbsp;&nbsp;&nbsp;OS_TickListInsert
<LI><a href="#[a6]">&gt;&gt;</a>&nbsp;&nbsp;&nbsp;OS_RdyListRemove
</UL>
<BR>[Called By]<UL><LI><a href="#[4d]">&gt;&gt;</a>&nbsp;&nbsp;&nbsp;OS_StatTask
</UL>

<P><STRONG><a name="[b1]"></a>OSTimeDlyHMSM</STRONG> (Thumb, 538 bytes, Stack size 56 bytes, os_time.o(i.OSTimeDlyHMSM))
<BR><BR>[Stack]<UL><LI>Max Depth = 92 + Unknown Stack Size
<LI>Call Chain = OSTimeDlyHMSM &rArr; OS_TickListInsert
</UL>
<BR>[Calls]<UL><LI><a href="#[96]">&gt;&gt;</a>&nbsp;&nbsp;&nbsp;OS_SchedLockTimeMeasStop
<LI><a href="#[94]">&gt;&gt;</a>&nbsp;&nbsp;&nbsp;OS_SchedLockTimeMeasStart
<LI><a href="#[6e]">&gt;&gt;</a>&nbsp;&nbsp;&nbsp;CPU_SR_Save
<LI><a href="#[6f]">&gt;&gt;</a>&nbsp;&nbsp;&nbsp;CPU_SR_Restore
<LI><a href="#[75]">&gt;&gt;</a>&nbsp;&nbsp;&nbsp;CPU_IntDisMeasStop
<LI><a href="#[73]">&gt;&gt;</a>&nbsp;&nbsp;&nbsp;CPU_IntDisMeasStart
<LI><a href="#[92]">&gt;&gt;</a>&nbsp;&nbsp;&nbsp;OSSched
<LI><a href="#[b0]">&gt;&gt;</a>&nbsp;&nbsp;&nbsp;OS_TickListInsert
<LI><a href="#[a6]">&gt;&gt;</a>&nbsp;&nbsp;&nbsp;OS_RdyListRemove
</UL>
<BR>[Called By]<UL><LI><a href="#[64]">&gt;&gt;</a>&nbsp;&nbsp;&nbsp;main_loop
<LI><a href="#[53]">&gt;&gt;</a>&nbsp;&nbsp;&nbsp;hb_task
<LI><a href="#[11a]">&gt;&gt;</a>&nbsp;&nbsp;&nbsp;udp_setup
<LI><a href="#[119]">&gt;&gt;</a>&nbsp;&nbsp;&nbsp;udp_close
<LI><a href="#[118]">&gt;&gt;</a>&nbsp;&nbsp;&nbsp;set_mux
<LI><a href="#[114]">&gt;&gt;</a>&nbsp;&nbsp;&nbsp;set_mode
<LI><a href="#[115]">&gt;&gt;</a>&nbsp;&nbsp;&nbsp;set_mac_addr
<LI><a href="#[116]">&gt;&gt;</a>&nbsp;&nbsp;&nbsp;set_ip
<LI><a href="#[113]">&gt;&gt;</a>&nbsp;&nbsp;&nbsp;set_echo
<LI><a href="#[110]">&gt;&gt;</a>&nbsp;&nbsp;&nbsp;set_bound
<LI><a href="#[112]">&gt;&gt;</a>&nbsp;&nbsp;&nbsp;set_auto_conn
<LI><a href="#[117]">&gt;&gt;</a>&nbsp;&nbsp;&nbsp;set_ap
<LI><a href="#[126]">&gt;&gt;</a>&nbsp;&nbsp;&nbsp;send_data
<LI><a href="#[fc]">&gt;&gt;</a>&nbsp;&nbsp;&nbsp;reset_esp8266
<LI><a href="#[11c]">&gt;&gt;</a>&nbsp;&nbsp;&nbsp;recv_data
<LI><a href="#[f8]">&gt;&gt;</a>&nbsp;&nbsp;&nbsp;connect_ap
<LI><a href="#[f5]">&gt;&gt;</a>&nbsp;&nbsp;&nbsp;close_conn
<LI><a href="#[68]">&gt;&gt;</a>&nbsp;&nbsp;&nbsp;esp8266_gpio_init
</UL>

<P><STRONG><a name="[b2]"></a>OSTimeTick</STRONG> (Thumb, 54 bytes, Stack size 32 bytes, os_time.o(i.OSTimeTick))
<BR><BR>[Stack]<UL><LI>Max Depth = 84 + Unknown Stack Size
<LI>Call Chain = OSTimeTick &rArr; OS_IntQPost &rArr; OS_PrioInsert
</UL>
<BR>[Calls]<UL><LI><a href="#[74]">&gt;&gt;</a>&nbsp;&nbsp;&nbsp;CPU_TS_TmrRd
<LI><a href="#[b3]">&gt;&gt;</a>&nbsp;&nbsp;&nbsp;OSTimeTickHook
<LI><a href="#[b4]">&gt;&gt;</a>&nbsp;&nbsp;&nbsp;OS_IntQPost
</UL>
<BR>[Called By]<UL><LI><a href="#[9]">&gt;&gt;</a>&nbsp;&nbsp;&nbsp;OS_CPU_SysTickHandler
</UL>

<P><STRONG><a name="[b3]"></a>OSTimeTickHook</STRONG> (Thumb, 16 bytes, Stack size 8 bytes, os_cpu_c.o(i.OSTimeTickHook))
<BR><BR>[Stack]<UL><LI>Max Depth = 8<LI>Call Chain = OSTimeTickHook
</UL>
<BR>[Called By]<UL><LI><a href="#[b2]">&gt;&gt;</a>&nbsp;&nbsp;&nbsp;OSTimeTick
</UL>

<P><STRONG><a name="[9]"></a>OS_CPU_SysTickHandler</STRONG> (Thumb, 60 bytes, Stack size 8 bytes, os_cpu_c.o(i.OS_CPU_SysTickHandler))
<BR><BR>[Stack]<UL><LI>Max Depth = 92 + Unknown Stack Size
<LI>Call Chain = OS_CPU_SysTickHandler &rArr; OSTimeTick &rArr; OS_IntQPost &rArr; OS_PrioInsert
</UL>
<BR>[Calls]<UL><LI><a href="#[6e]">&gt;&gt;</a>&nbsp;&nbsp;&nbsp;CPU_SR_Save
<LI><a href="#[6f]">&gt;&gt;</a>&nbsp;&nbsp;&nbsp;CPU_SR_Restore
<LI><a href="#[75]">&gt;&gt;</a>&nbsp;&nbsp;&nbsp;CPU_IntDisMeasStop
<LI><a href="#[73]">&gt;&gt;</a>&nbsp;&nbsp;&nbsp;CPU_IntDisMeasStart
<LI><a href="#[b2]">&gt;&gt;</a>&nbsp;&nbsp;&nbsp;OSTimeTick
<LI><a href="#[90]">&gt;&gt;</a>&nbsp;&nbsp;&nbsp;OSIntExit
</UL>
<BR>[Address Reference Count : 1]<UL><LI> startup_stm32f10x_hd.o(RESET)
</UL>
<P><STRONG><a name="[62]"></a>OS_CPU_SysTickInit</STRONG> (Thumb, 44 bytes, Stack size 0 bytes, os_cpu_c.o(i.OS_CPU_SysTickInit))
<BR><BR>[Called By]<UL><LI><a href="#[51]">&gt;&gt;</a>&nbsp;&nbsp;&nbsp;AppTaskStart
</UL>

<P><STRONG><a name="[8e]"></a>OS_Dbg_Init</STRONG> (Thumb, 146 bytes, Stack size 0 bytes, os_dbg.o(i.OS_Dbg_Init))
<BR><BR>[Called By]<UL><LI><a href="#[7e]">&gt;&gt;</a>&nbsp;&nbsp;&nbsp;OSInit
</UL>

<P><STRONG><a name="[87]"></a>OS_FlagInit</STRONG> (Thumb, 14 bytes, Stack size 0 bytes, os_flag.o(i.OS_FlagInit))
<BR><BR>[Called By]<UL><LI><a href="#[7e]">&gt;&gt;</a>&nbsp;&nbsp;&nbsp;OSInit
</UL>

<P><STRONG><a name="[b5]"></a>OS_FlagPost</STRONG> (Thumb, 626 bytes, Stack size 56 bytes, os_flag.o(i.OS_FlagPost))
<BR><BR>[Stack]<UL><LI>Max Depth = 104 + Unknown Stack Size
<LI>Call Chain = OS_FlagPost &rArr; OS_FlagTaskRdy &rArr; OS_PendListRemove &rArr; OS_PendListRemove1
</UL>
<BR>[Calls]<UL><LI><a href="#[96]">&gt;&gt;</a>&nbsp;&nbsp;&nbsp;OS_SchedLockTimeMeasStop
<LI><a href="#[94]">&gt;&gt;</a>&nbsp;&nbsp;&nbsp;OS_SchedLockTimeMeasStart
<LI><a href="#[a4]">&gt;&gt;</a>&nbsp;&nbsp;&nbsp;OS_Sched0
<LI><a href="#[6e]">&gt;&gt;</a>&nbsp;&nbsp;&nbsp;CPU_SR_Save
<LI><a href="#[6f]">&gt;&gt;</a>&nbsp;&nbsp;&nbsp;CPU_SR_Restore
<LI><a href="#[75]">&gt;&gt;</a>&nbsp;&nbsp;&nbsp;CPU_IntDisMeasStop
<LI><a href="#[73]">&gt;&gt;</a>&nbsp;&nbsp;&nbsp;CPU_IntDisMeasStart
<LI><a href="#[92]">&gt;&gt;</a>&nbsp;&nbsp;&nbsp;OSSched
<LI><a href="#[b6]">&gt;&gt;</a>&nbsp;&nbsp;&nbsp;OS_FlagTaskRdy
</UL>
<BR>[Called By]<UL><LI><a href="#[b9]">&gt;&gt;</a>&nbsp;&nbsp;&nbsp;OS_IntQRePost
</UL>

<P><STRONG><a name="[b6]"></a>OS_FlagTaskRdy</STRONG> (Thumb, 86 bytes, Stack size 16 bytes, os_flag.o(i.OS_FlagTaskRdy))
<BR><BR>[Stack]<UL><LI>Max Depth = 48<LI>Call Chain = OS_FlagTaskRdy &rArr; OS_PendListRemove &rArr; OS_PendListRemove1
</UL>
<BR>[Calls]<UL><LI><a href="#[b7]">&gt;&gt;</a>&nbsp;&nbsp;&nbsp;OS_TaskRdy
<LI><a href="#[a8]">&gt;&gt;</a>&nbsp;&nbsp;&nbsp;OS_PendListRemove
</UL>
<BR>[Called By]<UL><LI><a href="#[b5]">&gt;&gt;</a>&nbsp;&nbsp;&nbsp;OS_FlagPost
</UL>

<P><STRONG><a name="[4b]"></a>OS_IdleTask</STRONG> (Thumb, 68 bytes, Stack size 0 bytes, os_core.o(i.OS_IdleTask))
<BR><BR>[Stack]<UL><LI>Max Depth = 8 + Unknown Stack Size
<LI>Call Chain = OS_IdleTask &rArr; CPU_IntDisMeasStop
</UL>
<BR>[Calls]<UL><LI><a href="#[6e]">&gt;&gt;</a>&nbsp;&nbsp;&nbsp;CPU_SR_Save
<LI><a href="#[6f]">&gt;&gt;</a>&nbsp;&nbsp;&nbsp;CPU_SR_Restore
<LI><a href="#[75]">&gt;&gt;</a>&nbsp;&nbsp;&nbsp;CPU_IntDisMeasStop
<LI><a href="#[73]">&gt;&gt;</a>&nbsp;&nbsp;&nbsp;CPU_IntDisMeasStart
<LI><a href="#[b8]">&gt;&gt;</a>&nbsp;&nbsp;&nbsp;OSIdleTaskHook
</UL>
<BR>[Address Reference Count : 1]<UL><LI> os_core.o(i.OS_IdleTaskInit)
</UL>
<P><STRONG><a name="[84]"></a>OS_IdleTaskInit</STRONG> (Thumb, 66 bytes, Stack size 48 bytes, os_core.o(i.OS_IdleTaskInit))
<BR><BR>[Stack]<UL><LI>Max Depth = 152 + Unknown Stack Size
<LI>Call Chain = OS_IdleTaskInit &rArr; OSTaskCreate &rArr; OSSched &rArr; OS_PrioGetHighest
</UL>
<BR>[Calls]<UL><LI><a href="#[9c]">&gt;&gt;</a>&nbsp;&nbsp;&nbsp;OSTaskCreate
</UL>
<BR>[Called By]<UL><LI><a href="#[7e]">&gt;&gt;</a>&nbsp;&nbsp;&nbsp;OSInit
</UL>

<P><STRONG><a name="[b4]"></a>OS_IntQPost</STRONG> (Thumb, 218 bytes, Stack size 40 bytes, os_int.o(i.OS_IntQPost))
<BR><BR>[Stack]<UL><LI>Max Depth = 52 + Unknown Stack Size
<LI>Call Chain = OS_IntQPost &rArr; OS_PrioInsert
</UL>
<BR>[Calls]<UL><LI><a href="#[6e]">&gt;&gt;</a>&nbsp;&nbsp;&nbsp;CPU_SR_Save
<LI><a href="#[6f]">&gt;&gt;</a>&nbsp;&nbsp;&nbsp;CPU_SR_Restore
<LI><a href="#[75]">&gt;&gt;</a>&nbsp;&nbsp;&nbsp;CPU_IntDisMeasStop
<LI><a href="#[73]">&gt;&gt;</a>&nbsp;&nbsp;&nbsp;CPU_IntDisMeasStart
<LI><a href="#[a1]">&gt;&gt;</a>&nbsp;&nbsp;&nbsp;OS_PrioInsert
</UL>
<BR>[Called By]<UL><LI><a href="#[b2]">&gt;&gt;</a>&nbsp;&nbsp;&nbsp;OSTimeTick
</UL>

<P><STRONG><a name="[b9]"></a>OS_IntQRePost</STRONG> (Thumb, 320 bytes, Stack size 48 bytes, os_int.o(i.OS_IntQRePost))
<BR><BR>[Stack]<UL><LI>Max Depth = 168 + Unknown Stack Size
<LI>Call Chain = OS_IntQRePost &rArr; OS_SemPost &rArr; OS_Post &rArr; OS_PendListRemove &rArr; OS_PendListRemove1
</UL>
<BR>[Calls]<UL><LI><a href="#[6e]">&gt;&gt;</a>&nbsp;&nbsp;&nbsp;CPU_SR_Save
<LI><a href="#[6f]">&gt;&gt;</a>&nbsp;&nbsp;&nbsp;CPU_SR_Restore
<LI><a href="#[75]">&gt;&gt;</a>&nbsp;&nbsp;&nbsp;CPU_IntDisMeasStop
<LI><a href="#[73]">&gt;&gt;</a>&nbsp;&nbsp;&nbsp;CPU_IntDisMeasStart
<LI><a href="#[74]">&gt;&gt;</a>&nbsp;&nbsp;&nbsp;CPU_TS_TmrRd
<LI><a href="#[bd]">&gt;&gt;</a>&nbsp;&nbsp;&nbsp;OS_TaskSemPost
<LI><a href="#[bc]">&gt;&gt;</a>&nbsp;&nbsp;&nbsp;OS_TaskQPost
<LI><a href="#[bb]">&gt;&gt;</a>&nbsp;&nbsp;&nbsp;OS_SemPost
<LI><a href="#[ba]">&gt;&gt;</a>&nbsp;&nbsp;&nbsp;OS_QPost
<LI><a href="#[b5]">&gt;&gt;</a>&nbsp;&nbsp;&nbsp;OS_FlagPost
<LI><a href="#[be]">&gt;&gt;</a>&nbsp;&nbsp;&nbsp;OS_SchedRoundRobin
</UL>
<BR>[Called By]<UL><LI><a href="#[4c]">&gt;&gt;</a>&nbsp;&nbsp;&nbsp;OS_IntQTask
</UL>

<P><STRONG><a name="[4c]"></a>OS_IntQTask</STRONG> (Thumb, 154 bytes, Stack size 0 bytes, os_int.o(i.OS_IntQTask))
<BR><BR>[Stack]<UL><LI>Max Depth = 168 + Unknown Stack Size
<LI>Call Chain = OS_IntQTask &rArr; OS_IntQRePost &rArr; OS_SemPost &rArr; OS_Post &rArr; OS_PendListRemove &rArr; OS_PendListRemove1
</UL>
<BR>[Calls]<UL><LI><a href="#[6e]">&gt;&gt;</a>&nbsp;&nbsp;&nbsp;CPU_SR_Save
<LI><a href="#[6f]">&gt;&gt;</a>&nbsp;&nbsp;&nbsp;CPU_SR_Restore
<LI><a href="#[75]">&gt;&gt;</a>&nbsp;&nbsp;&nbsp;CPU_IntDisMeasStop
<LI><a href="#[73]">&gt;&gt;</a>&nbsp;&nbsp;&nbsp;CPU_IntDisMeasStart
<LI><a href="#[74]">&gt;&gt;</a>&nbsp;&nbsp;&nbsp;CPU_TS_TmrRd
<LI><a href="#[92]">&gt;&gt;</a>&nbsp;&nbsp;&nbsp;OSSched
<LI><a href="#[b9]">&gt;&gt;</a>&nbsp;&nbsp;&nbsp;OS_IntQRePost
<LI><a href="#[bf]">&gt;&gt;</a>&nbsp;&nbsp;&nbsp;OS_PrioRemove
</UL>
<BR>[Address Reference Count : 1]<UL><LI> os_int.o(i.OS_IntQTaskInit)
</UL>
<P><STRONG><a name="[83]"></a>OS_IntQTaskInit</STRONG> (Thumb, 206 bytes, Stack size 56 bytes, os_int.o(i.OS_IntQTaskInit))
<BR><BR>[Stack]<UL><LI>Max Depth = 160 + Unknown Stack Size
<LI>Call Chain = OS_IntQTaskInit &rArr; OSTaskCreate &rArr; OSSched &rArr; OS_PrioGetHighest
</UL>
<BR>[Calls]<UL><LI><a href="#[9c]">&gt;&gt;</a>&nbsp;&nbsp;&nbsp;OSTaskCreate
</UL>
<BR>[Called By]<UL><LI><a href="#[7e]">&gt;&gt;</a>&nbsp;&nbsp;&nbsp;OSInit
</UL>

<P><STRONG><a name="[88]"></a>OS_MemInit</STRONG> (Thumb, 14 bytes, Stack size 0 bytes, os_mem.o(i.OS_MemInit))
<BR><BR>[Called By]<UL><LI><a href="#[7e]">&gt;&gt;</a>&nbsp;&nbsp;&nbsp;OSInit
</UL>

<P><STRONG><a name="[c0]"></a>OS_MsgPoolCreate</STRONG> (Thumb, 54 bytes, Stack size 16 bytes, os_msg.o(i.OS_MsgPoolCreate))
<BR><BR>[Stack]<UL><LI>Max Depth = 16<LI>Call Chain = OS_MsgPoolCreate
</UL>
<BR>[Called By]<UL><LI><a href="#[89]">&gt;&gt;</a>&nbsp;&nbsp;&nbsp;OS_MsgPoolInit
</UL>

<P><STRONG><a name="[89]"></a>OS_MsgPoolInit</STRONG> (Thumb, 68 bytes, Stack size 8 bytes, os_msg.o(i.OS_MsgPoolInit))
<BR><BR>[Stack]<UL><LI>Max Depth = 24<LI>Call Chain = OS_MsgPoolInit &rArr; OS_MsgPoolCreate
</UL>
<BR>[Calls]<UL><LI><a href="#[c0]">&gt;&gt;</a>&nbsp;&nbsp;&nbsp;OS_MsgPoolCreate
</UL>
<BR>[Called By]<UL><LI><a href="#[7e]">&gt;&gt;</a>&nbsp;&nbsp;&nbsp;OSInit
</UL>

<P><STRONG><a name="[a9]"></a>OS_MsgQFreeAll</STRONG> (Thumb, 62 bytes, Stack size 8 bytes, os_msg.o(i.OS_MsgQFreeAll))
<BR><BR>[Stack]<UL><LI>Max Depth = 8<LI>Call Chain = OS_MsgQFreeAll
</UL>
<BR>[Called By]<UL><LI><a href="#[a5]">&gt;&gt;</a>&nbsp;&nbsp;&nbsp;OSTaskDel
</UL>

<P><STRONG><a name="[9f]"></a>OS_MsgQInit</STRONG> (Thumb, 14 bytes, Stack size 0 bytes, os_msg.o(i.OS_MsgQInit))
<BR><BR>[Called By]<UL><LI><a href="#[9c]">&gt;&gt;</a>&nbsp;&nbsp;&nbsp;OSTaskCreate
<LI><a href="#[9d]">&gt;&gt;</a>&nbsp;&nbsp;&nbsp;OS_TaskInitTCB
</UL>

<P><STRONG><a name="[ca]"></a>OS_MsgQPut</STRONG> (Thumb, 216 bytes, Stack size 24 bytes, os_msg.o(i.OS_MsgQPut))
<BR><BR>[Stack]<UL><LI>Max Depth = 24<LI>Call Chain = OS_MsgQPut
</UL>
<BR>[Called By]<UL><LI><a href="#[bc]">&gt;&gt;</a>&nbsp;&nbsp;&nbsp;OS_TaskQPost
<LI><a href="#[ba]">&gt;&gt;</a>&nbsp;&nbsp;&nbsp;OS_QPost
</UL>

<P><STRONG><a name="[8a]"></a>OS_MutexInit</STRONG> (Thumb, 14 bytes, Stack size 0 bytes, os_mutex.o(i.OS_MutexInit))
<BR><BR>[Called By]<UL><LI><a href="#[7e]">&gt;&gt;</a>&nbsp;&nbsp;&nbsp;OSInit
</UL>

<P><STRONG><a name="[ad]"></a>OS_Pend</STRONG> (Thumb, 98 bytes, Stack size 24 bytes, os_core.o(i.OS_Pend))
<BR><BR>[Stack]<UL><LI>Max Depth = 76<LI>Call Chain = OS_Pend &rArr; OS_TaskBlock &rArr; OS_TickListInsert
</UL>
<BR>[Calls]<UL><LI><a href="#[c4]">&gt;&gt;</a>&nbsp;&nbsp;&nbsp;OS_PendDbgNameAdd
<LI><a href="#[c2]">&gt;&gt;</a>&nbsp;&nbsp;&nbsp;OS_PendDataInit
<LI><a href="#[c1]">&gt;&gt;</a>&nbsp;&nbsp;&nbsp;OS_TaskBlock
<LI><a href="#[c3]">&gt;&gt;</a>&nbsp;&nbsp;&nbsp;OS_PendListInsertPrio
</UL>
<BR>[Called By]<UL><LI><a href="#[ac]">&gt;&gt;</a>&nbsp;&nbsp;&nbsp;OSTaskSemPend
</UL>

<P><STRONG><a name="[c2]"></a>OS_PendDataInit</STRONG> (Thumb, 38 bytes, Stack size 8 bytes, os_core.o(i.OS_PendDataInit))
<BR><BR>[Stack]<UL><LI>Max Depth = 8<LI>Call Chain = OS_PendDataInit
</UL>
<BR>[Called By]<UL><LI><a href="#[ad]">&gt;&gt;</a>&nbsp;&nbsp;&nbsp;OS_Pend
</UL>

<P><STRONG><a name="[c4]"></a>OS_PendDbgNameAdd</STRONG> (Thumb, 66 bytes, Stack size 12 bytes, os_core.o(i.OS_PendDbgNameAdd))
<BR><BR>[Stack]<UL><LI>Max Depth = 12<LI>Call Chain = OS_PendDbgNameAdd
</UL>
<BR>[Called By]<UL><LI><a href="#[ad]">&gt;&gt;</a>&nbsp;&nbsp;&nbsp;OS_Pend
</UL>

<P><STRONG><a name="[c8]"></a>OS_PendDbgNameRemove</STRONG> (Thumb, 30 bytes, Stack size 12 bytes, os_core.o(i.OS_PendDbgNameRemove))
<BR><BR>[Stack]<UL><LI>Max Depth = 12<LI>Call Chain = OS_PendDbgNameRemove
</UL>
<BR>[Called By]<UL><LI><a href="#[c6]">&gt;&gt;</a>&nbsp;&nbsp;&nbsp;OS_Post
</UL>

<P><STRONG><a name="[c3]"></a>OS_PendListInsertPrio</STRONG> (Thumb, 102 bytes, Stack size 20 bytes, os_core.o(i.OS_PendListInsertPrio))
<BR><BR>[Stack]<UL><LI>Max Depth = 20<LI>Call Chain = OS_PendListInsertPrio
</UL>
<BR>[Called By]<UL><LI><a href="#[ad]">&gt;&gt;</a>&nbsp;&nbsp;&nbsp;OS_Pend
</UL>

<P><STRONG><a name="[a8]"></a>OS_PendListRemove</STRONG> (Thumb, 48 bytes, Stack size 24 bytes, os_core.o(i.OS_PendListRemove))
<BR><BR>[Stack]<UL><LI>Max Depth = 32<LI>Call Chain = OS_PendListRemove &rArr; OS_PendListRemove1
</UL>
<BR>[Calls]<UL><LI><a href="#[c5]">&gt;&gt;</a>&nbsp;&nbsp;&nbsp;OS_PendListRemove1
</UL>
<BR>[Called By]<UL><LI><a href="#[d0]">&gt;&gt;</a>&nbsp;&nbsp;&nbsp;OS_TickListUpdate
<LI><a href="#[a5]">&gt;&gt;</a>&nbsp;&nbsp;&nbsp;OSTaskDel
<LI><a href="#[b6]">&gt;&gt;</a>&nbsp;&nbsp;&nbsp;OS_FlagTaskRdy
<LI><a href="#[c6]">&gt;&gt;</a>&nbsp;&nbsp;&nbsp;OS_Post
</UL>

<P><STRONG><a name="[c5]"></a>OS_PendListRemove1</STRONG> (Thumb, 66 bytes, Stack size 8 bytes, os_core.o(i.OS_PendListRemove1))
<BR><BR>[Stack]<UL><LI>Max Depth = 8<LI>Call Chain = OS_PendListRemove1
</UL>
<BR>[Called By]<UL><LI><a href="#[a8]">&gt;&gt;</a>&nbsp;&nbsp;&nbsp;OS_PendListRemove
</UL>

<P><STRONG><a name="[c6]"></a>OS_Post</STRONG> (Thumb, 192 bytes, Stack size 32 bytes, os_core.o(i.OS_Post))
<BR><BR>[Stack]<UL><LI>Max Depth = 64<LI>Call Chain = OS_Post &rArr; OS_PendListRemove &rArr; OS_PendListRemove1
</UL>
<BR>[Calls]<UL><LI><a href="#[c8]">&gt;&gt;</a>&nbsp;&nbsp;&nbsp;OS_PendDbgNameRemove
<LI><a href="#[a7]">&gt;&gt;</a>&nbsp;&nbsp;&nbsp;OS_TickListRemove
<LI><a href="#[b7]">&gt;&gt;</a>&nbsp;&nbsp;&nbsp;OS_TaskRdy
<LI><a href="#[c7]">&gt;&gt;</a>&nbsp;&nbsp;&nbsp;OS_Post1
<LI><a href="#[a8]">&gt;&gt;</a>&nbsp;&nbsp;&nbsp;OS_PendListRemove
</UL>
<BR>[Called By]<UL><LI><a href="#[bd]">&gt;&gt;</a>&nbsp;&nbsp;&nbsp;OS_TaskSemPost
<LI><a href="#[bc]">&gt;&gt;</a>&nbsp;&nbsp;&nbsp;OS_TaskQPost
<LI><a href="#[bb]">&gt;&gt;</a>&nbsp;&nbsp;&nbsp;OS_SemPost
<LI><a href="#[ba]">&gt;&gt;</a>&nbsp;&nbsp;&nbsp;OS_QPost
</UL>

<P><STRONG><a name="[c7]"></a>OS_Post1</STRONG> (Thumb, 42 bytes, Stack size 20 bytes, os_core.o(i.OS_Post1))
<BR><BR>[Stack]<UL><LI>Max Depth = 20<LI>Call Chain = OS_Post1
</UL>
<BR>[Called By]<UL><LI><a href="#[c6]">&gt;&gt;</a>&nbsp;&nbsp;&nbsp;OS_Post
</UL>

<P><STRONG><a name="[91]"></a>OS_PrioGetHighest</STRONG> (Thumb, 36 bytes, Stack size 16 bytes, os_prio.o(i.OS_PrioGetHighest))
<BR><BR>[Stack]<UL><LI>Max Depth = 16 + Unknown Stack Size
<LI>Call Chain = OS_PrioGetHighest
</UL>
<BR>[Calls]<UL><LI><a href="#[c9]">&gt;&gt;</a>&nbsp;&nbsp;&nbsp;CPU_CntLeadZeros
</UL>
[...]
</UL>
<BR>[Calls]<UL><LI><a href="#[b1]">&gt;&gt;</a>&nbsp;&nbsp;&nbsp;OSTimeDlyHMSM
<LI><a href="#[f7]">&gt;&gt;</a>&nbsp;&nbsp;&nbsp;str_include
<LI><a href="#[f3]">&gt;&gt;</a>&nbsp;&nbsp;&nbsp;bus_send_string
<LI><a href="#[f0]">&gt;&gt;</a>&nbsp;&nbsp;&nbsp;bus_recieve_string
<LI><a href="#[f6]">&gt;&gt;</a>&nbsp;&nbsp;&nbsp;__2sprintf
</UL>
<BR>[Called By]<UL><LI><a href="#[10a]">&gt;&gt;</a>&nbsp;&nbsp;&nbsp;net_init
</UL>

<P><STRONG><a name="[122]"></a>set_time</STRONG> (Thumb, 62 bytes, Stack size 20 bytes, time.o(i.set_time))
<BR><BR>[Stack]<UL><LI>Max Depth = 20<LI>Call Chain = set_time
</UL>
<BR>[Called By]<UL><LI><a href="#[121]">&gt;&gt;</a>&nbsp;&nbsp;&nbsp;recv_host_handler
</UL>

<P><STRONG><a name="[f7]"></a>str_include</STRONG> (Thumb, 82 bytes, Stack size 16 bytes, esp8266.o(i.str_include))
<BR><BR>[Stack]<UL><LI>Max Depth = 16<LI>Call Chain = str_include
</UL>
<BR>[Called By]<UL><LI><a href="#[11a]">&gt;&gt;</a>&nbsp;&nbsp;&nbsp;udp_setup
<LI><a href="#[119]">&gt;&gt;</a>&nbsp;&nbsp;&nbsp;udp_close
<LI><a href="#[118]">&gt;&gt;</a>&nbsp;&nbsp;&nbsp;set_mux
<LI><a href="#[114]">&gt;&gt;</a>&nbsp;&nbsp;&nbsp;set_mode
<LI><a href="#[115]">&gt;&gt;</a>&nbsp;&nbsp;&nbsp;set_mac_addr
<LI><a href="#[116]">&gt;&gt;</a>&nbsp;&nbsp;&nbsp;set_ip
<LI><a href="#[113]">&gt;&gt;</a>&nbsp;&nbsp;&nbsp;set_echo
<LI><a href="#[110]">&gt;&gt;</a>&nbsp;&nbsp;&nbsp;set_bound
<LI><a href="#[112]">&gt;&gt;</a>&nbsp;&nbsp;&nbsp;set_auto_conn
<LI><a href="#[117]">&gt;&gt;</a>&nbsp;&nbsp;&nbsp;set_ap
<LI><a href="#[126]">&gt;&gt;</a>&nbsp;&nbsp;&nbsp;send_data
<LI><a href="#[f8]">&gt;&gt;</a>&nbsp;&nbsp;&nbsp;connect_ap
<LI><a href="#[f5]">&gt;&gt;</a>&nbsp;&nbsp;&nbsp;close_conn
</UL>

<P><STRONG><a name="[55]"></a>uart1_putc</STRONG> (Thumb, 28 bytes, Stack size 8 bytes, usart.o(i.uart1_putc))
<BR><BR>[Stack]<UL><LI>Max Depth = 8<LI>Call Chain = uart1_putc
</UL>
<BR>[Calls]<UL><LI><a href="#[12a]">&gt;&gt;</a>&nbsp;&nbsp;&nbsp;USART_SendData
<LI><a href="#[129]">&gt;&gt;</a>&nbsp;&nbsp;&nbsp;USART_GetFlagStatus
</UL>
<BR>[Address Reference Count : 1]<UL><LI> usart.o(i.uart_inint)
</UL>
<P><STRONG><a name="[54]"></a>uart2_putc</STRONG> (Thumb, 28 bytes, Stack size 8 bytes, usart.o(i.uart2_putc))
<BR><BR>[Stack]<UL><LI>Max Depth = 8<LI>Call Chain = uart2_putc
</UL>
<BR>[Calls]<UL><LI><a href="#[12a]">&gt;&gt;</a>&nbsp;&nbsp;&nbsp;USART_SendData
<LI><a href="#[129]">&gt;&gt;</a>&nbsp;&nbsp;&nbsp;USART_GetFlagStatus
</UL>
<BR>[Called By]<UL><LI><a href="#[57]">&gt;&gt;</a>&nbsp;&nbsp;&nbsp;uart2_send
</UL>
<BR>[Address Reference Count : 1]<UL><LI> usart.o(i.uart_inint)
</UL>
<P><STRONG><a name="[67]"></a>uart_inint</STRONG> (Thumb, 300 bytes, Stack size 32 bytes, usart.o(i.uart_inint))
<BR><BR>[Stack]<UL><LI>Max Depth = 100<LI>Call Chain = uart_inint &rArr; USART_Init &rArr; RCC_GetClocksFreq
</UL>
<BR>[Calls]<UL><LI><a href="#[12b]">&gt;&gt;</a>&nbsp;&nbsp;&nbsp;NVIC_PriorityGroupConfig
<LI><a href="#[12c]">&gt;&gt;</a>&nbsp;&nbsp;&nbsp;NVIC_Init
<LI><a href="#[7c]">&gt;&gt;</a>&nbsp;&nbsp;&nbsp;GPIO_Init
<LI><a href="#[7b]">&gt;&gt;</a>&nbsp;&nbsp;&nbsp;RCC_APB2PeriphClockCmd
<LI><a href="#[d4]">&gt;&gt;</a>&nbsp;&nbsp;&nbsp;RCC_APB1PeriphClockCmd
<LI><a href="#[12f]">&gt;&gt;</a>&nbsp;&nbsp;&nbsp;register_bus
<LI><a href="#[e4]">&gt;&gt;</a>&nbsp;&nbsp;&nbsp;USART_Init
<LI><a href="#[12e]">&gt;&gt;</a>&nbsp;&nbsp;&nbsp;USART_ITConfig
<LI><a href="#[12d]">&gt;&gt;</a>&nbsp;&nbsp;&nbsp;USART_Cmd
</UL>
<BR>[Called By]<UL><LI><a href="#[63]">&gt;&gt;</a>&nbsp;&nbsp;&nbsp;BSP_Init
</UL>

<P><STRONG><a name="[119]"></a>udp_close</STRONG> (Thumb, 58 bytes, Stack size 24 bytes, esp8266.o(i.udp_close))
<BR><BR>[Stack]<UL><LI>Max Depth = 116 + Unknown Stack Size
<LI>Call Chain = udp_close &rArr; OSTimeDlyHMSM &rArr; OS_TickListInsert
</UL>
<BR>[Calls]<UL><LI><a href="#[b1]">&gt;&gt;</a>&nbsp;&nbsp;&nbsp;OSTimeDlyHMSM
<LI><a href="#[f7]">&gt;&gt;</a>&nbsp;&nbsp;&nbsp;str_include
<LI><a href="#[f3]">&gt;&gt;</a>&nbsp;&nbsp;&nbsp;bus_send_string
<LI><a href="#[f0]">&gt;&gt;</a>&nbsp;&nbsp;&nbsp;bus_recieve_string
<LI><a href="#[f6]">&gt;&gt;</a>&nbsp;&nbsp;&nbsp;__2sprintf
</UL>
<BR>[Called By]<UL><LI><a href="#[10a]">&gt;&gt;</a>&nbsp;&nbsp;&nbsp;net_init
</UL>

<P><STRONG><a name="[11a]"></a>udp_setup</STRONG> (Thumb, 152 bytes, Stack size 48 bytes, esp8266.o(i.udp_setup))
<BR><BR>[Stack]<UL><LI>Max Depth = 140 + Unknown Stack Size
<LI>Call Chain = udp_setup &rArr; OSTimeDlyHMSM &rArr; OS_TickListInsert
</UL>
<BR>[Calls]<UL><LI><a href="#[b1]">&gt;&gt;</a>&nbsp;&nbsp;&nbsp;OSTimeDlyHMSM
<LI><a href="#[f7]">&gt;&gt;</a>&nbsp;&nbsp;&nbsp;str_include
<LI><a href="#[f3]">&gt;&gt;</a>&nbsp;&nbsp;&nbsp;bus_send_string
<LI><a href="#[f0]">&gt;&gt;</a>&nbsp;&nbsp;&nbsp;bus_recieve_string
<LI><a href="#[f6]">&gt;&gt;</a>&nbsp;&nbsp;&nbsp;__2sprintf
</UL>
<BR>[Called By]<UL><LI><a href="#[10a]">&gt;&gt;</a>&nbsp;&nbsp;&nbsp;net_init
</UL>

<P><STRONG><a name="[fb]"></a>work_esp8266</STRONG> (Thumb, 24 bytes, Stack size 8 bytes, esp8266.o(i.work_esp8266))
<BR><BR>[Stack]<UL><LI>Max Depth = 8<LI>Call Chain = work_esp8266
</UL>
<BR>[Calls]<UL><LI><a href="#[fa]">&gt;&gt;</a>&nbsp;&nbsp;&nbsp;GPIO_WriteBit
</UL>
<BR>[Called By]<UL><LI><a href="#[68]">&gt;&gt;</a>&nbsp;&nbsp;&nbsp;esp8266_gpio_init
</UL>

<P><STRONG><a name="[7d]"></a>yellow_led_on</STRONG> (Thumb, 18 bytes, Stack size 8 bytes, led.o(i.yellow_led_on))
<BR><BR>[Stack]<UL><LI>Max Depth = 16<LI>Call Chain = yellow_led_on &rArr; led_off
</UL>
<BR>[Calls]<UL><LI><a href="#[fa]">&gt;&gt;</a>&nbsp;&nbsp;&nbsp;GPIO_WriteBit
<LI><a href="#[109]">&gt;&gt;</a>&nbsp;&nbsp;&nbsp;led_off
</UL>
<BR>[Called By]<UL><LI><a href="#[66]">&gt;&gt;</a>&nbsp;&nbsp;&nbsp;LED_Init
</UL>
<P>
<H3>
Local Symbols
</H3>
<P><STRONG><a name="[d9]"></a>SetSysClock</STRONG> (Thumb, 8 bytes, Stack size 8 bytes, system_stm32f10x.o(i.SetSysClock))
<BR><BR>[Stack]<UL><LI>Max Depth = 20<LI>Call Chain = SetSysClock &rArr; SetSysClockTo72
</UL>
<BR>[Calls]<UL><LI><a href="#[da]">&gt;&gt;</a>&nbsp;&nbsp;&nbsp;SetSysClockTo72
</UL>
<BR>[Called By]<UL><LI><a href="#[47]">&gt;&gt;</a>&nbsp;&nbsp;&nbsp;SystemInit
</UL>

<P><STRONG><a name="[da]"></a>SetSysClockTo72</STRONG> (Thumb, 214 bytes, Stack size 12 bytes, system_stm32f10x.o(i.SetSysClockTo72))
<BR><BR>[Stack]<UL><LI>Max Depth = 12<LI>Call Chain = SetSysClockTo72
</UL>
<BR>[Called By]<UL><LI><a href="#[d9]">&gt;&gt;</a>&nbsp;&nbsp;&nbsp;SetSysClock
</UL>

<P><STRONG><a name="[56]"></a>uart2_recieve</STRONG> (Thumb, 62 bytes, Stack size 8 bytes, usart.o(i.uart2_recieve))
<BR><BR>[Stack]<UL><LI>Max Depth = 8<LI>Call Chain = uart2_recieve
</UL>
<BR>[Address Reference Count : 1]<UL><LI> usart.o(i.uart_inint)
</UL>
<P><STRONG><a name="[57]"></a>uart2_send</STRONG> (Thumb, 24 bytes, Stack size 16 bytes, usart.o(i.uart2_send))
<BR><BR>[Stack]<UL><LI>Max Depth = 24<LI>Call Chain = uart2_send &rArr; uart2_putc
</UL>
<BR>[Calls]<UL><LI><a href="#[54]">&gt;&gt;</a>&nbsp;&nbsp;&nbsp;uart2_putc
</UL>
<BR>[Address Reference Count : 1]<UL><LI> usart.o(i.uart_inint)
</UL>
<P><STRONG><a name="[127]"></a>get_id</STRONG> (Thumb, 62 bytes, Stack size 8 bytes, esp8266.o(i.get_id))
<BR><BR>[Stack]<UL><LI>Max Depth = 8<LI>Call Chain = get_id
</UL>
<BR>[Called By]<UL><LI><a href="#[126]">&gt;&gt;</a>&nbsp;&nbsp;&nbsp;send_data
</UL>

<P><STRONG><a name="[11e]"></a>get_ip_port</STRONG> (Thumb, 10 bytes, Stack size 0 bytes, esp8266.o(i.get_ip_port))
<BR><BR>[Called By]<UL><LI><a href="#[11c]">&gt;&gt;</a>&nbsp;&nbsp;&nbsp;recv_data
</UL>

<P><STRONG><a name="[100]"></a>get_len</STRONG> (Thumb, 48 bytes, Stack size 16 bytes, esp8266.o(i.get_len))
<BR><BR>[Stack]<UL><LI>Max Depth = 24<LI>Call Chain = get_len &rArr; bus_recieve
</UL>
<BR>[Calls]<UL><LI><a href="#[f2]">&gt;&gt;</a>&nbsp;&nbsp;&nbsp;bus_recieve
</UL>
<BR>[Called By]<UL><LI><a href="#[11c]">&gt;&gt;</a>&nbsp;&nbsp;&nbsp;recv_data
</UL>

<P><STRONG><a name="[e8]"></a>active_request</STRONG> (Thumb, 68 bytes, Stack size 32 bytes, clothes.o(i.active_request))
<BR><BR>[Stack]<UL><LI>Max Depth = 180 + Unknown Stack Size
<LI>Call Chain = active_request &rArr; sendto_host &rArr; send_data &rArr; OSTimeDlyHMSM &rArr; OS_TickListInsert
</UL>
<BR>[Calls]<UL><LI><a href="#[e9]">&gt;&gt;</a>&nbsp;&nbsp;&nbsp;int2chars
<LI><a href="#[eb]">&gt;&gt;</a>&nbsp;&nbsp;&nbsp;sendto_host
<LI><a href="#[ea]">&gt;&gt;</a>&nbsp;&nbsp;&nbsp;get_key_sn
</UL>
<BR>[Called By]<UL><LI><a href="#[64]">&gt;&gt;</a>&nbsp;&nbsp;&nbsp;main_loop
</UL>

<P><STRONG><a name="[ec]"></a>add_lifeLeft</STRONG> (Thumb, 20 bytes, Stack size 8 bytes, clothes.o(i.add_lifeLeft))
<BR><BR>[Stack]<UL><LI>Max Depth = 8<LI>Call Chain = add_lifeLeft
</UL>
<BR>[Calls]<UL><LI><a href="#[ee]">&gt;&gt;</a>&nbsp;&nbsp;&nbsp;set_lifeLeft
<LI><a href="#[ed]">&gt;&gt;</a>&nbsp;&nbsp;&nbsp;get_lifeLeft
</UL>
<BR>[Called By]<UL><LI><a href="#[64]">&gt;&gt;</a>&nbsp;&nbsp;&nbsp;main_loop
</UL>

<P><STRONG><a name="[10d]"></a>dead</STRONG> (Thumb, 2 bytes, Stack size 0 bytes, clothes.o(i.dead))
<BR><BR>[Called By]<UL><LI><a href="#[64]">&gt;&gt;</a>&nbsp;&nbsp;&nbsp;main_loop
</UL>

<P><STRONG><a name="[130]"></a>get_deviceSubType</STRONG> (Thumb, 4 bytes, Stack size 0 bytes, clothes.o(i.get_deviceSubType))
<BR><BR>[Called By]<UL><LI><a href="#[102]">&gt;&gt;</a>&nbsp;&nbsp;&nbsp;upload_status_data
<LI><a href="#[101]">&gt;&gt;</a>&nbsp;&nbsp;&nbsp;upload_heartbeat
</UL>

<P><STRONG><a name="[ed]"></a>get_lifeLeft</STRONG> (Thumb, 8 bytes, Stack size 0 bytes, clothes.o(i.get_lifeLeft))
<BR><BR>[Called By]<UL><LI><a href="#[64]">&gt;&gt;</a>&nbsp;&nbsp;&nbsp;main_loop
<LI><a href="#[102]">&gt;&gt;</a>&nbsp;&nbsp;&nbsp;upload_status_data
<LI><a href="#[ec]">&gt;&gt;</a>&nbsp;&nbsp;&nbsp;add_lifeLeft
</UL>

<P><STRONG><a name="[131]"></a>get_power</STRONG> (Thumb, 4 bytes, Stack size 0 bytes, clothes.o(i.get_power))
<BR><BR>[Called By]<UL><LI><a href="#[102]">&gt;&gt;</a>&nbsp;&nbsp;&nbsp;upload_status_data
</UL>

<P><STRONG><a name="[53]"></a>hb_task</STRONG> (Thumb, 104 bytes, Stack size 16 bytes, clothes.o(i.hb_task))
<BR><BR>[Stack]<UL><LI>Max Depth = 324 + Unknown Stack Size
<LI>Call Chain = hb_task &rArr; upload_status_data &rArr; sendto_host &rArr; send_data &rArr; OSTimeDlyHMSM &rArr; OS_TickListInsert
</UL>
<BR>[Calls]<UL><LI><a href="#[103]">&gt;&gt;</a>&nbsp;&nbsp;&nbsp;reduce_blod
<LI><a href="#[102]">&gt;&gt;</a>&nbsp;&nbsp;&nbsp;upload_status_data
<LI><a href="#[101]">&gt;&gt;</a>&nbsp;&nbsp;&nbsp;upload_heartbeat
<LI><a href="#[b1]">&gt;&gt;</a>&nbsp;&nbsp;&nbsp;OSTimeDlyHMSM
</UL>
<BR>[Address Reference Count : 1]<UL><LI> clothes.o(i.start_clothe_tasks)
</UL>
<P><STRONG><a name="[10a]"></a>net_init</STRONG> (Thumb, 350 bytes, Stack size 104 bytes, clothes.o(i.net_init))
<BR><BR>[Stack]<UL><LI>Max Depth = 244 + Unknown Stack Size
<LI>Call Chain = net_init &rArr; udp_setup &rArr; OSTimeDlyHMSM &rArr; OS_TickListInsert
</UL>
<BR>[Calls]<UL><LI><a href="#[10f]">&gt;&gt;</a>&nbsp;&nbsp;&nbsp;get_ip_suffix
<LI><a href="#[111]">&gt;&gt;</a>&nbsp;&nbsp;&nbsp;err_log
<LI><a href="#[11a]">&gt;&gt;</a>&nbsp;&nbsp;&nbsp;udp_setup
<LI><a href="#[119]">&gt;&gt;</a>&nbsp;&nbsp;&nbsp;udp_close
<LI><a href="#[118]">&gt;&gt;</a>&nbsp;&nbsp;&nbsp;set_mux
<LI><a href="#[114]">&gt;&gt;</a>&nbsp;&nbsp;&nbsp;set_mode
<LI><a href="#[115]">&gt;&gt;</a>&nbsp;&nbsp;&nbsp;set_mac_addr
<LI><a href="#[116]">&gt;&gt;</a>&nbsp;&nbsp;&nbsp;set_ip
<LI><a href="#[113]">&gt;&gt;</a>&nbsp;&nbsp;&nbsp;set_echo
<LI><a href="#[110]">&gt;&gt;</a>&nbsp;&nbsp;&nbsp;set_bound
<LI><a href="#[112]">&gt;&gt;</a>&nbsp;&nbsp;&nbsp;set_auto_conn
<LI><a href="#[117]">&gt;&gt;</a>&nbsp;&nbsp;&nbsp;set_ap
<LI><a href="#[f8]">&gt;&gt;</a>&nbsp;&nbsp;&nbsp;connect_ap
<LI><a href="#[f5]">&gt;&gt;</a>&nbsp;&nbsp;&nbsp;close_conn
<LI><a href="#[10e]">&gt;&gt;</a>&nbsp;&nbsp;&nbsp;__aeabi_memcpy4
</UL>
<BR>[Called By]<UL><LI><a href="#[64]">&gt;&gt;</a>&nbsp;&nbsp;&nbsp;main_loop
</UL>

<P><STRONG><a name="[11f]"></a>recv_gun_handler</STRONG> (Thumb, 112 bytes, Stack size 40 bytes, clothes.o(i.recv_gun_handler))
<BR><BR>[Stack]<UL><LI>Max Depth = 188 + Unknown Stack Size
<LI>Call Chain = recv_gun_handler &rArr; sendto_host &rArr; send_data &rArr; OSTimeDlyHMSM &rArr; OS_TickListInsert
</UL>
<BR>[Calls]<UL><LI><a href="#[e9]">&gt;&gt;</a>&nbsp;&nbsp;&nbsp;int2chars
<LI><a href="#[eb]">&gt;&gt;</a>&nbsp;&nbsp;&nbsp;sendto_host
<LI><a href="#[120]">&gt;&gt;</a>&nbsp;&nbsp;&nbsp;sendto_gun
<LI><a href="#[fe]">&gt;&gt;</a>&nbsp;&nbsp;&nbsp;char2u32
</UL>
<BR>[Called By]<UL><LI><a href="#[52]">&gt;&gt;</a>&nbsp;&nbsp;&nbsp;recv_task
</UL>

<P><STRONG><a name="[121]"></a>recv_host_handler</STRONG> (Thumb, 54 bytes, Stack size 24 bytes, clothes.o(i.recv_host_handler))
<BR><BR>[Stack]<UL><LI>Max Depth = 44<LI>Call Chain = recv_host_handler &rArr; set_time
</UL>
<BR>[Calls]<UL><LI><a href="#[122]">&gt;&gt;</a>&nbsp;&nbsp;&nbsp;set_time
<LI><a href="#[fe]">&gt;&gt;</a>&nbsp;&nbsp;&nbsp;char2u32
</UL>
<BR>[Called By]<UL><LI><a href="#[52]">&gt;&gt;</a>&nbsp;&nbsp;&nbsp;recv_task
</UL>

<P><STRONG><a name="[123]"></a>recv_lcd_handler</STRONG> (Thumb, 16 bytes, Stack size 16 bytes, clothes.o(i.recv_lcd_handler))
<BR><BR>[Stack]<UL><LI>Max Depth = 164 + Unknown Stack Size
<LI>Call Chain = recv_lcd_handler &rArr; sendto_host &rArr; send_data &rArr; OSTimeDlyHMSM &rArr; OS_TickListInsert
</UL>
<BR>[Calls]<UL><LI><a href="#[eb]">&gt;&gt;</a>&nbsp;&nbsp;&nbsp;sendto_host
</UL>
<BR>[Called By]<UL><LI><a href="#[52]">&gt;&gt;</a>&nbsp;&nbsp;&nbsp;recv_task
</UL>

<P><STRONG><a name="[124]"></a>recv_rifle_handler</STRONG> (Thumb, 112 bytes, Stack size 40 bytes, clothes.o(i.recv_rifle_handler))
<BR><BR>[Stack]<UL><LI>Max Depth = 188 + Unknown Stack Size
<LI>Call Chain = recv_rifle_handler &rArr; sendto_rifle &rArr; send_data &rArr; OSTimeDlyHMSM &rArr; OS_TickListInsert
</UL>
<BR>[Calls]<UL><LI><a href="#[e9]">&gt;&gt;</a>&nbsp;&nbsp;&nbsp;int2chars
<LI><a href="#[125]">&gt;&gt;</a>&nbsp;&nbsp;&nbsp;sendto_rifle
<LI><a href="#[eb]">&gt;&gt;</a>&nbsp;&nbsp;&nbsp;sendto_host
<LI><a href="#[fe]">&gt;&gt;</a>&nbsp;&nbsp;&nbsp;char2u32
</UL>
<BR>[Called By]<UL><LI><a href="#[52]">&gt;&gt;</a>&nbsp;&nbsp;&nbsp;recv_task
</UL>

<P><STRONG><a name="[52]"></a>recv_task</STRONG> (Thumb, 104 bytes, Stack size 16 bytes, clothes.o(i.recv_task))
<BR><BR>[Stack]<UL><LI>Max Depth = 204 + Unknown Stack Size
<LI>Call Chain = recv_task &rArr; recv_rifle_handler &rArr; sendto_rifle &rArr; send_data &rArr; OSTimeDlyHMSM &rArr; OS_TickListInsert
</UL>
<BR>[Calls]<UL><LI><a href="#[eb]">&gt;&gt;</a>&nbsp;&nbsp;&nbsp;sendto_host
<LI><a href="#[124]">&gt;&gt;</a>&nbsp;&nbsp;&nbsp;recv_rifle_handler
<LI><a href="#[123]">&gt;&gt;</a>&nbsp;&nbsp;&nbsp;recv_lcd_handler
<LI><a href="#[121]">&gt;&gt;</a>&nbsp;&nbsp;&nbsp;recv_host_handler
<LI><a href="#[11f]">&gt;&gt;</a>&nbsp;&nbsp;&nbsp;recv_gun_handler
<LI><a href="#[11c]">&gt;&gt;</a>&nbsp;&nbsp;&nbsp;recv_data
</UL>
<BR>[Address Reference Count : 1]<UL><LI> clothes.o(i.start_clothe_tasks)
</UL>
<P><STRONG><a name="[120]"></a>sendto_gun</STRONG> (Thumb, 24 bytes, Stack size 16 bytes, clothes.o(i.sendto_gun))
<BR><BR>[Stack]<UL><LI>Max Depth = 148 + Unknown Stack Size
<LI>Call Chain = sendto_gun &rArr; send_data &rArr; OSTimeDlyHMSM &rArr; OS_TickListInsert
</UL>
<BR>[Calls]<UL><LI><a href="#[126]">&gt;&gt;</a>&nbsp;&nbsp;&nbsp;send_data
</UL>
<BR>[Called By]<UL><LI><a href="#[11f]">&gt;&gt;</a>&nbsp;&nbsp;&nbsp;recv_gun_handler
</UL>

<P><STRONG><a name="[eb]"></a>sendto_host</STRONG> (Thumb, 24 bytes, Stack size 16 bytes, clothes.o(i.sendto_host))
<BR><BR>[Stack]<UL><LI>Max Depth = 148 + Unknown Stack Size
<LI>Call Chain = sendto_host &rArr; send_data &rArr; OSTimeDlyHMSM &rArr; OS_TickListInsert
</UL>
<BR>[Calls]<UL><LI><a href="#[126]">&gt;&gt;</a>&nbsp;&nbsp;&nbsp;send_data
</UL>
<BR>[Called By]<UL><LI><a href="#[102]">&gt;&gt;</a>&nbsp;&nbsp;&nbsp;upload_status_data
<LI><a href="#[101]">&gt;&gt;</a>&nbsp;&nbsp;&nbsp;upload_heartbeat
<LI><a href="#[52]">&gt;&gt;</a>&nbsp;&nbsp;&nbsp;recv_task
<LI><a href="#[124]">&gt;&gt;</a>&nbsp;&nbsp;&nbsp;recv_rifle_handler
<LI><a href="#[123]">&gt;&gt;</a>&nbsp;&nbsp;&nbsp;recv_lcd_handler
<LI><a href="#[11f]">&gt;&gt;</a>&nbsp;&nbsp;&nbsp;recv_gun_handler
<LI><a href="#[e8]">&gt;&gt;</a>&nbsp;&nbsp;&nbsp;active_request
</UL>

<P><STRONG><a name="[125]"></a>sendto_rifle</STRONG> (Thumb, 24 bytes, Stack size 16 bytes, clothes.o(i.sendto_rifle))
<BR><BR>[Stack]<UL><LI>Max Depth = 148 + Unknown Stack Size
<LI>Call Chain = sendto_rifle &rArr; send_data &rArr; OSTimeDlyHMSM &rArr; OS_TickListInsert
</UL>
<BR>[Calls]<UL><LI><a href="#[126]">&gt;&gt;</a>&nbsp;&nbsp;&nbsp;send_data
</UL>
<BR>[Called By]<UL><LI><a href="#[124]">&gt;&gt;</a>&nbsp;&nbsp;&nbsp;recv_rifle_handler
</UL>

<P><STRONG><a name="[ee]"></a>set_lifeLeft</STRONG> (Thumb, 20 bytes, Stack size 0 bytes, clothes.o(i.set_lifeLeft))
<BR><BR>[Called By]<UL><LI><a href="#[ec]">&gt;&gt;</a>&nbsp;&nbsp;&nbsp;add_lifeLeft
</UL>

<P><STRONG><a name="[10b]"></a>start_clothe_tasks</STRONG> (Thumb, 100 bytes, Stack size 48 bytes, clothes.o(i.start_clothe_tasks))
<BR><BR>[Stack]<UL><LI>Max Depth = 152 + Unknown Stack Size
<LI>Call Chain = start_clothe_tasks &rArr; OSTaskCreate &rArr; OSSched &rArr; OS_PrioGetHighest
</UL>
<BR>[Calls]<UL><LI><a href="#[9c]">&gt;&gt;</a>&nbsp;&nbsp;&nbsp;OSTaskCreate
</UL>
<BR>[Called By]<UL><LI><a href="#[64]">&gt;&gt;</a>&nbsp;&nbsp;&nbsp;main_loop
</UL>

<P><STRONG><a name="[101]"></a>upload_heartbeat</STRONG> (Thumb, 96 bytes, Stack size 32 bytes, clothes.o(i.upload_heartbeat))
<BR><BR>[Stack]<UL><LI>Max Depth = 180 + Unknown Stack Size
<LI>Call Chain = upload_heartbeat &rArr; sendto_host &rArr; send_data &rArr; OSTimeDlyHMSM &rArr; OS_TickListInsert
</UL>
<BR>[Calls]<UL><LI><a href="#[e9]">&gt;&gt;</a>&nbsp;&nbsp;&nbsp;int2chars
<LI><a href="#[eb]">&gt;&gt;</a>&nbsp;&nbsp;&nbsp;sendto_host
<LI><a href="#[130]">&gt;&gt;</a>&nbsp;&nbsp;&nbsp;get_deviceSubType
<LI><a href="#[ea]">&gt;&gt;</a>&nbsp;&nbsp;&nbsp;get_key_sn
</UL>
<BR>[Called By]<UL><LI><a href="#[53]">&gt;&gt;</a>&nbsp;&nbsp;&nbsp;hb_task
</UL>

<P><STRONG><a name="[102]"></a>upload_status_data</STRONG> (Thumb, 152 bytes, Stack size 160 bytes, clothes.o(i.upload_status_data))
<BR><BR>[Stack]<UL><LI>Max Depth = 308 + Unknown Stack Size
<LI>Call Chain = upload_status_data &rArr; sendto_host &rArr; send_data &rArr; OSTimeDlyHMSM &rArr; OS_TickListInsert
</UL>
<BR>[Calls]<UL><LI><a href="#[e9]">&gt;&gt;</a>&nbsp;&nbsp;&nbsp;int2chars
<LI><a href="#[eb]">&gt;&gt;</a>&nbsp;&nbsp;&nbsp;sendto_host
<LI><a href="#[131]">&gt;&gt;</a>&nbsp;&nbsp;&nbsp;get_power
<LI><a href="#[ed]">&gt;&gt;</a>&nbsp;&nbsp;&nbsp;get_lifeLeft
<LI><a href="#[130]">&gt;&gt;</a>&nbsp;&nbsp;&nbsp;get_deviceSubType
<LI><a href="#[ea]">&gt;&gt;</a>&nbsp;&nbsp;&nbsp;get_key_sn
<LI><a href="#[5e]">&gt;&gt;</a>&nbsp;&nbsp;&nbsp;__aeabi_memset
<LI><a href="#[ff]">&gt;&gt;</a>&nbsp;&nbsp;&nbsp;__aeabi_memcpy
</UL>
<BR>[Called By]<UL><LI><a href="#[53]">&gt;&gt;</a>&nbsp;&nbsp;&nbsp;hb_task
</UL>

<P><STRONG><a name="[70]"></a>CPU_IntDisMeasMaxCalc</STRONG> (Thumb, 24 bytes, Stack size 0 bytes, cpu_core.o(i.CPU_IntDisMeasMaxCalc))
<BR><BR>[Called By]<UL><LI><a href="#[72]">&gt;&gt;</a>&nbsp;&nbsp;&nbsp;CPU_IntDisMeasMaxGet
<LI><a href="#[6d]">&gt;&gt;</a>&nbsp;&nbsp;&nbsp;CPU_IntDisMeasMaxCurGet
</UL>

<P><STRONG><a name="[e6]"></a>_printf_core</STRONG> (Thumb, 436 bytes, Stack size 96 bytes, printf3.o(i._printf_core), UNUSED)
<BR><BR>[Calls]<UL><LI><a href="#[e7]">&gt;&gt;</a>&nbsp;&nbsp;&nbsp;__aeabi_uidivmod
</UL>
<BR>[Called By]<UL><LI><a href="#[e5]">&gt;&gt;</a>&nbsp;&nbsp;&nbsp;__0sprintf$3
</UL>

<P><STRONG><a name="[50]"></a>_sputc</STRONG> (Thumb, 10 bytes, Stack size 0 bytes, printf3.o(i._sputc))
<BR><BR>[Called By]<UL><LI><a href="#[e5]">&gt;&gt;</a>&nbsp;&nbsp;&nbsp;__0sprintf$3
</UL>
<BR>[Address Reference Count : 1]<UL><LI> printf3.o(i.__0sprintf$3)
</UL><P>
<H3>
Undefined Global Symbols
</H3><HR></body></html>
