Component: ARM Compiler 5.05 update 1 (build 106) Tool: armlink [4d0efa]

==============================================================================

Section Cross References

    system_stm32f10x.o(i.SetSysClock) refers to system_stm32f10x.o(i.SetSysClockTo72) for SetSysClockTo72
    system_stm32f10x.o(i.SystemCoreClockUpdate) refers to system_stm32f10x.o(.data) for SystemCoreClock
    system_stm32f10x.o(i.SystemInit) refers to system_stm32f10x.o(i.SetSysClock) for SetSysClock
    stm32f10x_adc.o(i.ADC_DeInit) refers to stm32f10x_rcc.o(i.RCC_APB2PeriphResetCmd) for RCC_APB2PeriphResetCmd
    stm32f10x_bkp.o(i.BKP_DeInit) refers to stm32f10x_rcc.o(i.RCC_BackupResetCmd) for RCC_BackupResetCmd
    stm32f10x_can.o(i.CAN_DeInit) refers to stm32f10x_rcc.o(i.RCC_APB1PeriphResetCmd) for RCC_APB1PeriphResetCmd
    stm32f10x_can.o(i.CAN_GetITStatus) refers to stm32f10x_can.o(i.CheckITStatus) for CheckITStatus
    stm32f10x_cec.o(i.CEC_DeInit) refers to stm32f10x_rcc.o(i.RCC_APB1PeriphResetCmd) for RCC_APB1PeriphResetCmd
    stm32f10x_dac.o(i.DAC_DeInit) refers to stm32f10x_rcc.o(i.RCC_APB1PeriphResetCmd) for RCC_APB1PeriphResetCmd
    stm32f10x_flash.o(i.FLASH_EnableWriteProtection) refers to stm32f10x_flash.o(i.FLASH_WaitForLastOperation) for FLASH_WaitForLastOperation
    stm32f10x_flash.o(i.FLASH_EraseAllBank1Pages) refers to stm32f10x_flash.o(i.FLASH_WaitForLastBank1Operation) for FLASH_WaitForLastBank1Operation
    stm32f10x_flash.o(i.FLASH_EraseAllPages) refers to stm32f10x_flash.o(i.FLASH_WaitForLastOperation) for FLASH_WaitForLastOperation
    stm32f10x_flash.o(i.FLASH_EraseOptionBytes) refers to stm32f10x_flash.o(i.FLASH_GetReadOutProtectionStatus) for FLASH_GetReadOutProtectionStatus
    stm32f10x_flash.o(i.FLASH_EraseOptionBytes) refers to stm32f10x_flash.o(i.FLASH_WaitForLastOperation) for FLASH_WaitForLastOperation
    stm32f10x_flash.o(i.FLASH_ErasePage) refers to stm32f10x_flash.o(i.FLASH_WaitForLastOperation) for FLASH_WaitForLastOperation
    stm32f10x_flash.o(i.FLASH_ProgramHalfWord) refers to stm32f10x_flash.o(i.FLASH_WaitForLastOperation) for FLASH_WaitForLastOperation
    stm32f10x_flash.o(i.FLASH_ProgramOptionByteData) refers to stm32f10x_flash.o(i.FLASH_WaitForLastOperation) for FLASH_WaitForLastOperation
    stm32f10x_flash.o(i.FLASH_ProgramWord) refers to stm32f10x_flash.o(i.FLASH_WaitForLastOperation) for FLASH_WaitForLastOperation
    stm32f10x_flash.o(i.FLASH_ReadOutProtection) refers to stm32f10x_flash.o(i.FLASH_WaitForLastOperation) for FLASH_WaitForLastOperation
    stm32f10x_flash.o(i.FLASH_UserOptionByteConfig) refers to stm32f10x_flash.o(i.FLASH_WaitForLastOperation) for FLASH_WaitForLastOperation
    stm32f10x_flash.o(i.FLASH_WaitForLastBank1Operation) refers to stm32f10x_flash.o(i.FLASH_GetBank1Status) for FLASH_GetBank1Status
    stm32f10x_flash.o(i.FLASH_WaitForLastOperation) refers to stm32f10x_flash.o(i.FLASH_GetBank1Status) for FLASH_GetBank1Status
    stm32f10x_gpio.o(i.GPIO_AFIODeInit) refers to stm32f10x_rcc.o(i.RCC_APB2PeriphResetCmd) for RCC_APB2PeriphResetCmd
    stm32f10x_gpio.o(i.GPIO_DeInit) refers to stm32f10x_rcc.o(i.RCC_APB2PeriphResetCmd) for RCC_APB2PeriphResetCmd
    stm32f10x_i2c.o(i.I2C_DeInit) refers to stm32f10x_rcc.o(i.RCC_APB1PeriphResetCmd) for RCC_APB1PeriphResetCmd
    stm32f10x_i2c.o(i.I2C_Init) refers to stm32f10x_rcc.o(i.RCC_GetClocksFreq) for RCC_GetClocksFreq
    stm32f10x_pwr.o(i.PWR_DeInit) refers to stm32f10x_rcc.o(i.RCC_APB1PeriphResetCmd) for RCC_APB1PeriphResetCmd
    stm32f10x_rcc.o(i.RCC_GetClocksFreq) refers to stm32f10x_rcc.o(.data) for APBAHBPrescTable
    stm32f10x_rcc.o(i.RCC_WaitForHSEStartUp) refers to stm32f10x_rcc.o(i.RCC_GetFlagStatus) for RCC_GetFlagStatus
    stm32f10x_rtc.o(i.RTC_SetAlarm) refers to stm32f10x_rtc.o(i.RTC_EnterConfigMode) for RTC_EnterConfigMode
    stm32f10x_rtc.o(i.RTC_SetAlarm) refers to stm32f10x_rtc.o(i.RTC_ExitConfigMode) for RTC_ExitConfigMode
    stm32f10x_rtc.o(i.RTC_SetCounter) refers to stm32f10x_rtc.o(i.RTC_EnterConfigMode) for RTC_EnterConfigMode
    stm32f10x_rtc.o(i.RTC_SetCounter) refers to stm32f10x_rtc.o(i.RTC_ExitConfigMode) for RTC_ExitConfigMode
    stm32f10x_rtc.o(i.RTC_SetPrescaler) refers to stm32f10x_rtc.o(i.RTC_EnterConfigMode) for RTC_EnterConfigMode
    stm32f10x_rtc.o(i.RTC_SetPrescaler) refers to stm32f10x_rtc.o(i.RTC_ExitConfigMode) for RTC_ExitConfigMode
    stm32f10x_spi.o(i.I2S_Init) refers to stm32f10x_rcc.o(i.RCC_GetClocksFreq) for RCC_GetClocksFreq
    stm32f10x_spi.o(i.SPI_I2S_DeInit) refers to stm32f10x_rcc.o(i.RCC_APB2PeriphResetCmd) for RCC_APB2PeriphResetCmd
    stm32f10x_spi.o(i.SPI_I2S_DeInit) refers to stm32f10x_rcc.o(i.RCC_APB1PeriphResetCmd) for RCC_APB1PeriphResetCmd
    stm32f10x_tim.o(i.TIM_DeInit) refers to stm32f10x_rcc.o(i.RCC_APB2PeriphResetCmd) for RCC_APB2PeriphResetCmd
    stm32f10x_tim.o(i.TIM_DeInit) refers to stm32f10x_rcc.o(i.RCC_APB1PeriphResetCmd) for RCC_APB1PeriphResetCmd
[...]
    i.set_mux                                0x080060f8   Section        0  esp8266.o(i.set_mux)
    i.set_time                               0x08006150   Section        0  time.o(i.set_time)
    i.start_clothe_tasks                     0x08006194   Section        0  clothes.o(i.start_clothe_tasks)
    start_clothe_tasks                       0x08006195   Thumb Code   100  clothes.o(i.start_clothe_tasks)
    i.str_include                            0x08006230   Section        0  esp8266.o(i.str_include)
    i.uart1_putc                             0x08006284   Section        0  usart.o(i.uart1_putc)
    i.uart2_putc                             0x080062a4   Section        0  usart.o(i.uart2_putc)
    i.uart2_recieve                          0x080062c4   Section        0  usart.o(i.uart2_recieve)
    uart2_recieve                            0x080062c5   Thumb Code    62  usart.o(i.uart2_recieve)
    i.uart2_send                             0x08006310   Section        0  usart.o(i.uart2_send)
    uart2_send                               0x08006311   Thumb Code    24  usart.o(i.uart2_send)
    i.uart_inint                             0x08006328   Section        0  usart.o(i.uart_inint)
    i.udp_close                              0x08006478   Section        0  esp8266.o(i.udp_close)
    i.udp_setup                              0x080064d4   Section        0  esp8266.o(i.udp_setup)
    i.upload_heartbeat                       0x080065b0   Section        0  clothes.o(i.upload_heartbeat)
    upload_heartbeat                         0x080065b1   Thumb Code    96  clothes.o(i.upload_heartbeat)
    i.upload_status_data                     0x08006614   Section        0  clothes.o(i.upload_status_data)
    upload_status_data                       0x08006615   Thumb Code   152  clothes.o(i.upload_status_data)
    i.work_esp8266                           0x080066b4   Section        0  esp8266.o(i.work_esp8266)
    i.yellow_led_on                          0x080066d4   Section        0  led.o(i.yellow_led_on)
    .constdata                               0x080066ec   Section       96  clothes.o(.constdata)
    .constdata                               0x0800674c   Section      164  os_cfg_app.o(.constdata)
    .constdata                               0x080067f0   Section      364  os_dbg.o(.constdata)
    .data                                    0x20000000   Section       20  stm32f10x_rcc.o(.data)
    APBAHBPrescTable                         0x20000000   Data          16  stm32f10x_rcc.o(.data)
    ADCPrescTable                            0x20000010   Data           4  stm32f10x_rcc.o(.data)
    .data                                    0x20000014   Section       16  usart.o(.data)
    w_index                                  0x20000014   Data           4  usart.o(.data)
    r_start                                  0x20000018   Data           4  usart.o(.data)
    .data                                    0x20000024   Section        1  esp8266.o(.data)
    gID                                      0x20000024   Data           1  esp8266.o(.data)
    .data                                    0x20000028   Section        8  bus.o(.data)
    bus                                      0x20000028   Data           8  bus.o(.data)
    .data                                    0x20000030   Section       43  key.o(.data)
    status                                   0x2000005a   Data           1  key.o(.data)
    .data                                    0x2000005c   Section      156  clothes.o(.data)
    characCode                               0x2000005c   Data           2  clothes.o(.data)
    blod                                     0x2000005e   Data           1  clothes.o(.data)
    actived                                  0x2000005f   Data           1  clothes.o(.data)
    packageID                                0x20000060   Data           2  clothes.o(.data)
    test_string                              0x20000062   Data         150  clothes.o(.data)
    .data                                    0x200000f8   Section        8  time.o(.data)
    time                                     0x200000f8   Data           8  time.o(.data)
    .data                                    0x20000100   Section       28  cpu_core.o(.data)
    .data                                    0x2000011c   Section        4  os_cpu_c.o(.data)
    .data                                    0x20000120   Section        8  os_prio.o(.data)
    .data                                    0x20000128   Section      216  os_var.o(.data)
    .bss                                     0x20000200   Section     1232  main.o(.bss)
    AppTaskStartTCB                          0x20000200   Data         208  main.o(.bss)
    AppTaskStartStk                          0x200002d0   Data        1024  main.o(.bss)
    .bss                                     0x200006d0   Section     2048  usart.o(.bss)
    RxBuf                                    0x200006d0   Data        2048  usart.o(.bss)
    .bss                                     0x20000ed0   Section     2408  esp8266.o(.bss)
    temp                                     0x20000f70   Data         100  esp8266.o(.bss)
    output                                   0x20000fd4   Data        2048  esp8266.o(.bss)
    .bss                                     0x20001838   Section       41  key.o(.bss)
    key                                      0x20001838   Data          41  key.o(.bss)
    .bss                                     0x20001868   Section     2208  clothes.o(.bss)
    RecvTaskStk                              0x20001868   Data         512  clothes.o(.bss)
    RecvTaskStkTCB                           0x20001a68   Data         208  clothes.o(.bss)
    HBTaskStk                                0x20001b38   Data         256  clothes.o(.bss)
    HBTaskStkTCB                             0x20001c38   Data         208  clothes.o(.bss)
    recv_buf                                 0x20001d08   Data        1024  clothes.o(.bss)
    .bss                                     0x20002108   Section     5200  os_cfg_app.o(.bss)
    .bss                                     0x20003558   Section     1808  os_var.o(.bss)
    STACK                                    0x20003c68   Section     1024  startup_stm32f10x_hd.o(STACK)

    Global Symbols

    Symbol Name                              Value     Ov Type        Size  Object(Section)

    BuildAttributes$$THM_ISAv4$P$D$K$B$S$PE$A:L22UL41UL21$X:L11$S22US41US21$IEEE1$IW$USESV6$~STKCKD$USESV7$~SHL$OTIME$ROPI$IEEEX$EBA8$MICROLIB$REQ8$PRES8$EABIv2 0x00000000   Number         0  anon$$obj.o ABSOLUTE
    __ARM_use_no_argv                        0x00000000   Number         0  main.o ABSOLUTE
    _printf_a                                0x00000000   Number         0  stubs.o ABSOLUTE
    _printf_c                                0x00000000   Number         0  stubs.o ABSOLUTE
    _printf_charcount                        0x00000000   Number         0  stubs.o ABSOLUTE
    _printf_d                                0x00000000   Number         0  stubs.o ABSOLUTE
    _printf_e                                0x00000000   Number         0  stubs.o ABSOLUTE
    _printf_f                                0x00000000   Number         0  stubs.o ABSOLUTE
    _printf_flags                            0x00000000   Number         0  stubs.o ABSOLUTE
    _printf_fp_dec                           0x00000000   Number         0  stubs.o ABSOLUTE
    _printf_fp_hex                           0x00000000   Number         0  stubs.o ABSOLUTE
    _printf_g                                0x00000000   Number         0  stubs.o ABSOLUTE
    _printf_i                                0x00000000   Number         0  stubs.o ABSOLUTE
    _printf_int_dec                          0x00000000   Number         0  stubs.o ABSOLUTE
    _printf_l                                0x00000000   Number         0  stubs.o ABSOLUTE
    _printf_lc                               0x00000000   Number         0  stubs.o ABSOLUTE
    _printf_ll                               0x00000000   Number         0  stubs.o ABSOLUTE
    _printf_lld                              0x00000000   Number         0  stubs.o ABSOLUTE
    _printf_lli                              0x00000000   Number         0  stubs.o ABSOLUTE
    _printf_llo                              0x00000000   Number         0  stubs.o ABSOLUTE
    _printf_llu                              0x00000000   Number         0  stubs.o ABSOLUTE
    _printf_llx                              0x00000000   Number         0  stubs.o ABSOLUTE
    _printf_longlong_dec                     0x00000000   Number         0  stubs.o ABSOLUTE
    _printf_longlong_hex                     0x00000000   Number         0  stubs.o ABSOLUTE
    _printf_longlong_oct                     0x00000000   Number         0  stubs.o ABSOLUTE
    _printf_ls                               0x00000000   Number         0  stubs.o ABSOLUTE
    _printf_mbtowc                           0x00000000   Number         0  stubs.o ABSOLUTE
    _printf_n                                0x00000000   Number         0  stubs.o ABSOLUTE
    _printf_o                                0x00000000   Number         0  stubs.o ABSOLUTE
    _printf_p                                0x00000000   Number         0  stubs.o ABSOLUTE
    _printf_percent                          0x00000000   Number         0  stubs.o ABSOLUTE
    _printf_pre_padding                      0x00000000   Number         0  stubs.o ABSOLUTE
    _printf_return_value                     0x00000000   Number         0  stubs.o ABSOLUTE
    _printf_s                                0x00000000   Number         0  stubs.o ABSOLUTE
    _printf_sizespec                         0x00000000   Number         0  stubs.o ABSOLUTE
    _printf_str                              0x00000000   Number         0  stubs.o ABSOLUTE
    _printf_truncate_signed                  0x00000000   Number         0  stubs.o ABSOLUTE
    _printf_truncate_unsigned                0x00000000   Number         0  stubs.o ABSOLUTE
    _printf_u                                0x00000000   Number         0  stubs.o ABSOLUTE
    _printf_wc                               0x00000000   Number         0  stubs.o ABSOLUTE
    _printf_wctomb                           0x00000000   Number         0  stubs.o ABSOLUTE
    _printf_widthprec                        0x00000000   Number         0  stubs.o ABSOLUTE
    _printf_x                                0x00000000   Number         0  stubs.o ABSOLUTE
    __cpp_initialize__aeabi_                  - Undefined Weak Reference
    __cxa_finalize                            - Undefined Weak Reference
    _clock_init                               - Undefined Weak Reference
    _microlib_exit                            - Undefined Weak Reference
    __Vectors_Size                           0x00000130   Number         0  startup_stm32f10x_hd.o ABSOLUTE
    __Vectors                                0x08000000   Data           4  startup_stm32f10x_hd.o(RESET)
    __Vectors_End                            0x08000130   Data           0  startup_stm32f10x_hd.o(RESET)
    __main                                   0x08000131   Thumb Code     0  entry.o(.ARM.Collect$$$$00000000)
    _main_stk                                0x08000131   Thumb Code     0  entry2.o(.ARM.Collect$$$$00000001)
    _main_scatterload                        0x08000135   Thumb Code     0  entry5.o(.ARM.Collect$$$$00000004)
    __main_after_scatterload                 0x08000139   Thumb Code     0  entry5.o(.ARM.Collect$$$$00000004)
    _main_clock                              0x08000139   Thumb Code     0  entry7b.o(.ARM.Collect$$$$00000008)
    _main_cpp_init                           0x08000139   Thumb Code     0  entry8b.o(.ARM.Collect$$$$0000000A)
    _main_init                               0x08000139   Thumb Code     0  entry9a.o(.ARM.Collect$$$$0000000B)
    __rt_final_cpp                           0x08000141   Thumb Code     0  entry10a.o(.ARM.Collect$$$$0000000D)
    __rt_final_exit                          0x08000141   Thumb Code     0  entry11a.o(.ARM.Collect$$$$0000000F)
    Reset_Handler                            0x08000145   Thumb Code     8  startup_stm32f10x_hd.o(.text)
    ADC1_2_IRQHandler                        0x0800015f   Thumb Code     0  startup_stm32f10x_hd.o(.text)
    ADC3_IRQHandler                          0x0800015f   Thumb Code     0  startup_stm32f10x_hd.o(.text)
    CAN1_RX1_IRQHandler                      0x0800015f   Thumb Code     0  startup_stm32f10x_hd.o(.text)
    CAN1_SCE_IRQHandler                      0x0800015f   Thumb Code     0  startup_stm32f10x_hd.o(.text)
    DMA1_Channel1_IRQHandler                 0x0800015f   Thumb Code     0  startup_stm32f10x_hd.o(.text)
    DMA1_Channel2_IRQHandler                 0x0800015f   Thumb Code     0  startup_stm32f10x_hd.o(.text)
    DMA1_Channel3_IRQHandler                 0x0800015f   Thumb Code     0  startup_stm32f10x_hd.o(.text)
    DMA1_Channel4_IRQHandler                 0x0800015f   Thumb Code     0  startup_stm32f10x_hd.o(.text)
    DMA1_Channel5_IRQHandler                 0x0800015f   Thumb Code     0  startup_stm32f10x_hd.o(.text)
    DMA1_Channel6_IRQHandler                 0x0800015f   Thumb Code     0  startup_stm32f10x_hd.o(.text)
    DMA1_Channel7_IRQHandler                 0x0800015f   Thumb Code     0  startup_stm32f10x_hd.o(.text)
    DMA2_Channel1_IRQHandler                 0x0800015f   Thumb Code     0  startup_stm32f10x_hd.o(.text)
    DMA2_Channel2_IRQHandler                 0x0800015f   Thumb Code     0  startup_stm32f10x_hd.o(.text)
    DMA2_Channel3_IRQHandler                 0x0800015f   Thumb Code     0  startup_stm32f10x_hd.o(.text)
    DMA2_Channel4_5_IRQHandler               0x0800015f   Thumb Code     0  startup_stm32f10x_hd.o(.text)
    EXTI0_IRQHandler                         0x0800015f   Thumb Code     0  startup_stm32f10x_hd.o(.text)
    EXTI15_10_IRQHandler                     0x0800015f   Thumb Code     0  startup_stm32f10x_hd.o(.text)
    EXTI1_IRQHandler                         0x0800015f   Thumb Code     0  startup_stm32f10x_hd.o(.text)
    EXTI2_IRQHandler                         0x0800015f   Thumb Code     0  startup_stm32f10x_hd.o(.text)
    EXTI3_IRQHandler                         0x0800015f   Thumb Code     0  startup_stm32f10x_hd.o(.text)
    EXTI4_IRQHandler                         0x0800015f   Thumb Code     0  startup_stm32f10x_hd.o(.text)
    EXTI9_5_IRQHandler                       0x0800015f   Thumb Code     0  startup_stm32f10x_hd.o(.text)
    FLASH_IRQHandler                         0x0800015f   Thumb Code     0  startup_stm32f10x_hd.o(.text)
    FSMC_IRQHandler                          0x0800015f   Thumb Code     0  startup_stm32f10x_hd.o(.text)
    I2C1_ER_IRQHandler                       0x0800015f   Thumb Code     0  startup_stm32f10x_hd.o(.text)
    I2C2_ER_IRQHandler                       0x0800015f   Thumb Code     0  startup_stm32f10x_hd.o(.text)
    I2C2_EV_IRQHandler                       0x0800015f   Thumb Code     0  startup_stm32f10x_hd.o(.text)
    PVD_IRQHandler                           0x0800015f   Thumb Code     0  startup_stm32f10x_hd.o(.text)
    RCC_IRQHandler                           0x0800015f   Thumb Code     0  startup_stm32f10x_hd.o(.text)
    RTCAlarm_IRQHandler                      0x0800015f   Thumb Code     0  startup_stm32f10x_hd.o(.text)
    RTC_IRQHandler                           0x0800015f   Thumb Code     0  startup_stm32f10x_hd.o(.text)
    SDIO_IRQHandler                          0x0800015f   Thumb Code     0  startup_stm32f10x_hd.o(.text)
    SPI1_IRQHandler                          0x0800015f   Thumb Code     0  startup_stm32f10x_hd.o(.text)
    SPI2_IRQHandler                          0x0800015f   Thumb Code     0  startup_stm32f10x_hd.o(.text)
    SPI3_IRQHandler                          0x0800015f   Thumb Code     0  startup_stm32f10x_hd.o(.text)
    TAMPER_IRQHandler                        0x0800015f   Thumb Code     0  startup_stm32f10x_hd.o(.text)
    TIM1_BRK_IRQHandler                      0x0800015f   Thumb Code     0  startup_stm32f10x_hd.o(.text)
    TIM1_CC_IRQHandler                       0x0800015f   Thumb Code     0  startup_stm32f10x_hd.o(.text)
    TIM1_TRG_COM_IRQHandler                  0x0800015f   Thumb Code     0  startup_stm32f10x_hd.o(.text)
    TIM1_UP_IRQHandler                       0x0800015f   Thumb Code     0  startup_stm32f10x_hd.o(.text)
    TIM2_IRQHandler                          0x0800015f   Thumb Code     0  startup_stm32f10x_hd.o(.text)
    TIM3_IRQHandler                          0x0800015f   Thumb Code     0  startup_stm32f10x_hd.o(.text)
    TIM4_IRQHandler                          0x0800015f   Thumb Code     0  startup_stm32f10x_hd.o(.text)
    TIM5_IRQHandler                          0x0800015f   Thumb Code     0  startup_stm32f10x_hd.o(.text)
    TIM6_IRQHandler                          0x0800015f   Thumb Code     0  startup_stm32f10x_hd.o(.text)
    TIM7_IRQHandler                          0x0800015f   Thumb Code     0  startup_stm32f10x_hd.o(.text)
    TIM8_BRK_IRQHandler                      0x0800015f   Thumb Code     0  startup_stm32f10x_hd.o(.text)
    TIM8_CC_IRQHandler                       0x0800015f   Thumb Code     0  startup_stm32f10x_hd.o(.text)
    TIM8_TRG_COM_IRQHandler                  0x0800015f   Thumb Code     0  startup_stm32f10x_hd.o(.text)
    TIM8_UP_IRQHandler                       0x0800015f   Thumb Code     0  startup_stm32f10x_hd.o(.text)
    UART4_IRQHandler                         0x0800015f   Thumb Code     0  startup_stm32f10x_hd.o(.text)
    UART5_IRQHandler                         0x0800015f   Thumb Code     0  startup_stm32f10x_hd.o(.text)
    USART3_IRQHandler                        0x0800015f   Thumb Code     0  startup_stm32f10x_hd.o(.text)
    USBWakeUp_IRQHandler                     0x0800015f   Thumb Code     0  startup_stm32f10x_hd.o(.text)
    USB_HP_CAN1_TX_IRQHandler                0x0800015f   Thumb Code     0  startup_stm32f10x_hd.o(.text)
    USB_LP_CAN1_RX0_IRQHandler               0x0800015f   Thumb Code     0  startup_stm32f10x_hd.o(.text)
    WWDG_IRQHandler                          0x0800015f   Thumb Code     0  startup_stm32f10x_hd.o(.text)
    CPU_IntDis                               0x08000169   Thumb Code     0  cpu_a.o(.text)
    CPU_IntEn                                0x0800016d   Thumb Code     0  cpu_a.o(.text)
    CPU_SR_Save                              0x08000171   Thumb Code     0  cpu_a.o(.text)
    CPU_SR_Restore                           0x08000179   Thumb Code     0  cpu_a.o(.text)
    CPU_CntLeadZeros                         0x0800017f   Thumb Code     0  cpu_a.o(.text)
    CPU_RevBits                              0x08000185   Thumb Code     0  cpu_a.o(.text)
    CPU_WaitForInt                           0x0800018b   Thumb Code     0  cpu_a.o(.text)
    CPU_WaitForExcept                        0x0800018f   Thumb Code     0  cpu_a.o(.text)
    OSStartHighRdy                           0x08000195   Thumb Code     0  os_cpu_a.o(.text)
    OS_CPU_PendSVHandler                     0x080001b7   Thumb Code     0  os_cpu_a.o(.text)
    __aeabi_uldivmod                         0x08000219   Thumb Code    98  uldiv.o(.text)
    __aeabi_memcpy                           0x0800027b   Thumb Code    36  memcpya.o(.text)
    __aeabi_memcpy4                          0x0800027b   Thumb Code     0  memcpya.o(.text)
    __aeabi_memcpy8                          0x0800027b   Thumb Code     0  memcpya.o(.text)
    __aeabi_memset                           0x0800029f   Thumb Code    14  memseta.o(.text)
    __aeabi_memset4                          0x0800029f   Thumb Code     0  memseta.o(.text)
    __aeabi_memset8                          0x0800029f   Thumb Code     0  memseta.o(.text)
    __aeabi_memclr                           0x080002ad   Thumb Code     4  memseta.o(.text)
    __aeabi_memclr4                          0x080002ad   Thumb Code     0  memseta.o(.text)
    __aeabi_memclr8                          0x080002ad   Thumb Code     0  memseta.o(.text)
    _memset$wrapper                          0x080002b1   Thumb Code    18  memseta.o(.text)
    strlen                                   0x080002c3   Thumb Code    14  strlen.o(.text)
    strncmp                                  0x080002d1   Thumb Code    30  strncmp.o(.text)
    __aeabi_uidiv                            0x080002ef   Thumb Code     0  uidiv.o(.text)
    __aeabi_uidivmod                         0x080002ef   Thumb Code    44  uidiv.o(.text)
    __aeabi_llsl                             0x0800031b   Thumb Code    30  llshl.o(.text)
    _ll_shift_l                              0x0800031b   Thumb Code     0  llshl.o(.text)
    __aeabi_llsr                             0x08000339   Thumb Code    32  llushr.o(.text)
    _ll_ushift_r                             0x08000339   Thumb Code     0  llushr.o(.text)
    __scatterload                            0x08000359   Thumb Code    28  init.o(.text)
    __scatterload_rt2                        0x08000359   Thumb Code     0  init.o(.text)
    __decompress                             0x0800037d   Thumb Code     0  __dczerorl2.o(.text)
    __decompress1                            0x0800037d   Thumb Code    86  __dczerorl2.o(.text)
    AppTaskStart                             0x080003d5   Thumb Code    34  task.o(i.AppTaskStart)
    BSP_CPU_ClkFreq                          0x080003fd   Thumb Code    16  bsp.o(i.BSP_CPU_ClkFreq)
    BSP_Init                                 0x0800040d   Thumb Code    32  bsp.o(i.BSP_Init)
    BusFault_Handler                         0x0800042d   Thumb Code     4  stm32f10x_it.o(i.BusFault_Handler)
    CPU_IntDisMeasMaxCurGet                  0x0800044d   Thumb Code    40  cpu_core.o(i.CPU_IntDisMeasMaxCurGet)
    CPU_IntDisMeasMaxCurReset                0x08000479   Thumb Code    40  cpu_core.o(i.CPU_IntDisMeasMaxCurReset)
    CPU_IntDisMeasMaxGet                     0x080004a5   Thumb Code    40  cpu_core.o(i.CPU_IntDisMeasMaxGet)
    CPU_IntDisMeasStart                      0x080004d1   Thumb Code    38  cpu_core.o(i.CPU_IntDisMeasStart)
    CPU_IntDisMeasStop                       0x08000505   Thumb Code    62  cpu_core.o(i.CPU_IntDisMeasStop)
    CPU_TS_TmrRd                             0x08000559   Thumb Code     6  bsp.o(i.CPU_TS_TmrRd)
    DebugMon_Handler                         0x08000565   Thumb Code     2  stm32f10x_it.o(i.DebugMon_Handler)
    GPIO_Init                                0x08000567   Thumb Code   278  stm32f10x_gpio.o(i.GPIO_Init)
    GPIO_PinRemapConfig                      0x0800067d   Thumb Code   138  stm32f10x_gpio.o(i.GPIO_PinRemapConfig)
    GPIO_ResetBits                           0x0800070d   Thumb Code     4  stm32f10x_gpio.o(i.GPIO_ResetBits)
    GPIO_SetBits                             0x08000711   Thumb Code     4  stm32f10x_gpio.o(i.GPIO_SetBits)
    GPIO_WriteBit                            0x08000715   Thumb Code    10  stm32f10x_gpio.o(i.GPIO_WriteBit)
    HardFault_Handler                        0x0800071f   Thumb Code     4  stm32f10x_it.o(i.HardFault_Handler)
    I2C1_EV_IRQHandler                       0x08000725   Thumb Code    72  irda.o(i.I2C1_EV_IRQHandler)
    I2C_AcknowledgeConfig                    0x08000779   Thumb Code    24  stm32f10x_i2c.o(i.I2C_AcknowledgeConfig)
    I2C_ClearITPendingBit                    0x08000791   Thumb Code    12  stm32f10x_i2c.o(i.I2C_ClearITPendingBit)
    I2C_Cmd                                  0x0800079d   Thumb Code    24  stm32f10x_i2c.o(i.I2C_Cmd)
    I2C_DeInit                               0x080007b5   Thumb Code    50  stm32f10x_i2c.o(i.I2C_DeInit)
    I2C_GetITStatus                          0x080007ed   Thumb Code    38  stm32f10x_i2c.o(i.I2C_GetITStatus)
    I2C_Init                                 0x08000815   Thumb Code   222  stm32f10x_i2c.o(i.I2C_Init)
    LED_Init                                 0x08000901   Thumb Code    98  led.o(i.LED_Init)
    MemManage_Handler                        0x0800096d   Thumb Code     4  stm32f10x_it.o(i.MemManage_Handler)
    NMI_Handler                              0x08000971   Thumb Code     2  stm32f10x_it.o(i.NMI_Handler)
    NVIC_Init                                0x08000975   Thumb Code   100  misc.o(i.NVIC_Init)
    NVIC_PriorityGroupConfig                 0x080009e5   Thumb Code    10  misc.o(i.NVIC_PriorityGroupConfig)
    OSCfg_Init                               0x080009f9   Thumb Code    86  os_cfg_app.o(i.OSCfg_Init)
    OSIdleTaskHook                           0x08000af5   Thumb Code    16  os_cpu_c.o(i.OSIdleTaskHook)
    OSInit                                   0x08000b09   Thumb Code   276  os_core.o(i.OSInit)
    OSInitHook                               0x08000c65   Thumb Code    20  os_cpu_c.o(i.OSInitHook)
    OSIntExit                                0x08000c85   Thumb Code   192  os_core.o(i.OSIntExit)
    OSSched                                  0x08000d69   Thumb Code   134  os_core.o(i.OSSched)
    OSSchedLock                              0x08000e11   Thumb Code   112  os_core.o(i.OSSchedLock)
    OSSchedUnlock                            0x08000e8d   Thumb Code   148  os_core.o(i.OSSchedUnlock)
    OSStart                                  0x08000f2d   Thumb Code    78  os_core.o(i.OSStart)
    OSStatReset                              0x08000f95   Thumb Code   204  os_stat.o(i.OSStatReset)
    OSStatTaskHook                           0x08001085   Thumb Code    16  os_cpu_c.o(i.OSStatTaskHook)
    OSTaskCreate                             0x08001099   Thumb Code   624  os_task.o(i.OSTaskCreate)
    OSTaskCreateHook                         0x0800132d   Thumb Code    20  os_cpu_c.o(i.OSTaskCreateHook)
    OSTaskDel                                0x08001345   Thumb Code   490  os_task.o(i.OSTaskDel)
    OSTaskDelHook                            0x0800154d   Thumb Code    20  os_cpu_c.o(i.OSTaskDelHook)
    OSTaskReturnHook                         0x08001565   Thumb Code    20  os_cpu_c.o(i.OSTaskReturnHook)
    OSTaskSemPend                            0x0800157d   Thumb Code   552  os_task.o(i.OSTaskSemPend)
    OSTaskStkChk                             0x080017b1   Thumb Code   220  os_task.o(i.OSTaskStkChk)
    OSTaskStkInit                            0x08001895   Thumb Code   188  os_cpu_c.o(i.OSTaskStkInit)
    OSTaskSwHook                             0x08001955   Thumb Code   154  os_cpu_c.o(i.OSTaskSwHook)
    OSTimeDly                                0x08001a01   Thumb Code   322  os_time.o(i.OSTimeDly)
    OSTimeDlyHMSM                            0x08001b51   Thumb Code   538  os_time.o(i.OSTimeDlyHMSM)
    OSTimeTick                               0x08001d7d   Thumb Code    54  os_time.o(i.OSTimeTick)
    OSTimeTickHook                           0x08001dc1   Thumb Code    16  os_cpu_c.o(i.OSTimeTickHook)
    OS_CPU_SysTickHandler                    0x08001dd5   Thumb Code    60  os_cpu_c.o(i.OS_CPU_SysTickHandler)
    OS_CPU_SysTickInit                       0x08001e15   Thumb Code    44  os_cpu_c.o(i.OS_CPU_SysTickInit)
    OS_Dbg_Init                              0x08001e45   Thumb Code   146  os_dbg.o(i.OS_Dbg_Init)
    OS_FlagInit                              0x08001ff5   Thumb Code    14  os_flag.o(i.OS_FlagInit)
    OS_FlagPost                              0x0800200d   Thumb Code   626  os_flag.o(i.OS_FlagPost)
    OS_FlagTaskRdy                           0x08002289   Thumb Code    86  os_flag.o(i.OS_FlagTaskRdy)
    OS_IdleTask                              0x080022e1   Thumb Code    68  os_core.o(i.OS_IdleTask)
    OS_IdleTaskInit                          0x0800232d   Thumb Code    66  os_core.o(i.OS_IdleTaskInit)
    OS_IntQPost                              0x0800239d   Thumb Code   218  os_int.o(i.OS_IntQPost)
    OS_IntQRePost                            0x0800249d   Thumb Code   320  os_int.o(i.OS_IntQRePost)
    OS_IntQTask                              0x08002611   Thumb Code   154  os_int.o(i.OS_IntQTask)
    OS_IntQTaskInit                          0x080026b9   Thumb Code   206  os_int.o(i.OS_IntQTaskInit)
    OS_MemInit                               0x080027e1   Thumb Code    14  os_mem.o(i.OS_MemInit)
    OS_MsgPoolCreate                         0x080027f9   Thumb Code    54  os_msg.o(i.OS_MsgPoolCreate)
    OS_MsgPoolInit                           0x08002831   Thumb Code    68  os_msg.o(i.OS_MsgPoolInit)
    OS_MsgQFreeAll                           0x08002881   Thumb Code    62  os_msg.o(i.OS_MsgQFreeAll)
    OS_MsgQInit                              0x080028c5   Thumb Code    14  os_msg.o(i.OS_MsgQInit)
    OS_MsgQPut                               0x080028d5   Thumb Code   216  os_msg.o(i.OS_MsgQPut)
    OS_MutexInit                             0x080029b1   Thumb Code    14  os_mutex.o(i.OS_MutexInit)
    OS_Pend                                  0x080029c9   Thumb Code    98  os_core.o(i.OS_Pend)
    OS_PendDataInit                          0x08002a31   Thumb Code    38  os_core.o(i.OS_PendDataInit)
    OS_PendDbgNameAdd                        0x08002a59   Thumb Code    66  os_core.o(i.OS_PendDbgNameAdd)
    OS_PendDbgNameRemove                     0x08002ab5   Thumb Code    30  os_core.o(i.OS_PendDbgNameRemove)
    OS_PendListInsertPrio                    0x08002ad9   Thumb Code   102  os_core.o(i.OS_PendListInsertPrio)
    OS_PendListRemove                        0x08002b3f   Thumb Code    48  os_core.o(i.OS_PendListRemove)
    OS_PendListRemove1                       0x08002b6f   Thumb Code    66  os_core.o(i.OS_PendListRemove1)
    OS_Post                                  0x08002bb1   Thumb Code   192  os_core.o(i.OS_Post)
    OS_Post1                                 0x08002c71   Thumb Code    42  os_core.o(i.OS_Post1)
    OS_PrioGetHighest                        0x08002c9d   Thumb Code    36  os_prio.o(i.OS_PrioGetHighest)
    OS_PrioInit                              0x08002cc5   Thumb Code    20  os_prio.o(i.OS_PrioInit)
    OS_PrioInsert                            0x08002cdd   Thumb Code    32  os_prio.o(i.OS_PrioInsert)
    OS_PrioRemove                            0x08002d01   Thumb Code    32  os_prio.o(i.OS_PrioRemove)
    OS_QInit                                 0x08002d25   Thumb Code    14  os_q.o(i.OS_QInit)
    OS_QPost                                 0x08002d3d   Thumb Code   382  os_q.o(i.OS_QPost)
    OS_RdyListInit                           0x08002ec5   Thumb Code    32  os_core.o(i.OS_RdyListInit)
    OS_RdyListInsert                         0x08002ee9   Thumb Code    40  os_core.o(i.OS_RdyListInsert)
    OS_RdyListInsertHead                     0x08002f15   Thumb Code    58  os_core.o(i.OS_RdyListInsertHead)
    OS_RdyListInsertTail                     0x08002f55   Thumb Code    56  os_core.o(i.OS_RdyListInsertTail)
    OS_RdyListMoveHeadToTail                 0x08002f91   Thumb Code    68  os_core.o(i.OS_RdyListMoveHeadToTail)
    OS_RdyListRemove                         0x08002fd5   Thumb Code    86  os_core.o(i.OS_RdyListRemove)
    OS_Sched0                                0x08003031   Thumb Code    72  os_core.o(i.OS_Sched0)
    OS_SchedLockTimeMeasStart                0x0800308d   Thumb Code    20  os_core.o(i.OS_SchedLockTimeMeasStart)
    OS_SchedLockTimeMeasStop                 0x080030a9   Thumb Code    44  os_core.o(i.OS_SchedLockTimeMeasStop)
    OS_SchedRoundRobin                       0x080030e5   Thumb Code   218  os_core.o(i.OS_SchedRoundRobin)
    OS_SemInit                               0x080031d1   Thumb Code    14  os_sem.o(i.OS_SemInit)
    OS_SemPost                               0x080031e9   Thumb Code   404  os_sem.o(i.OS_SemPost)
    OS_StatTask                              0x08003381   Thumb Code   570  os_stat.o(i.OS_StatTask)
    OS_StatTaskInit                          0x080035f1   Thumb Code   136  os_stat.o(i.OS_StatTaskInit)
    OS_TaskBlock                             0x080036bd   Thumb Code    56  os_core.o(i.OS_TaskBlock)
    OS_TaskDbgListAdd                        0x080036f5   Thumb Code    42  os_task.o(i.OS_TaskDbgListAdd)
    OS_TaskDbgListRemove                     0x08003725   Thumb Code    64  os_task.o(i.OS_TaskDbgListRemove)
    OS_TaskInit                              0x08003769   Thumb Code    18  os_task.o(i.OS_TaskInit)
    OS_TaskInitTCB                           0x08003789   Thumb Code   196  os_task.o(i.OS_TaskInitTCB)
    OS_TaskQPost                             0x08003859   Thumb Code   606  os_task.o(i.OS_TaskQPost)
    OS_TaskRdy                               0x08003ac5   Thumb Code    28  os_core.o(i.OS_TaskRdy)
    OS_TaskReturn                            0x08003ae1   Thumb Code    20  os_task.o(i.OS_TaskReturn)
    OS_TaskSemPost                           0x08003af9   Thumb Code  1012  os_task.o(i.OS_TaskSemPost)
    OS_TickListInit                          0x08003ef9   Thumb Code    32  os_tick.o(i.OS_TickListInit)
    OS_TickListInsert                        0x08003f21   Thumb Code   430  os_tick.o(i.OS_TickListInsert)
    OS_TickListRemove                        0x080040dd   Thumb Code    56  os_tick.o(i.OS_TickListRemove)
    OS_TickListResetPeak                     0x08004115   Thumb Code    28  os_tick.o(i.OS_TickListResetPeak)
    OS_TickListUpdate                        0x08004139   Thumb Code   520  os_tick.o(i.OS_TickListUpdate)
    OS_TickTask                              0x08004359   Thumb Code    38  os_tick.o(i.OS_TickTask)
    OS_TickTaskInit                          0x08004385   Thumb Code    92  os_tick.o(i.OS_TickTaskInit)
    OS_TmrInit                               0x08004415   Thumb Code   206  os_tmr.o(i.OS_TmrInit)
    OS_TmrLink                               0x0800453d   Thumb Code   196  os_tmr.o(i.OS_TmrLink)
    OS_TmrResetPeak                          0x0800460d   Thumb Code    28  os_tmr.o(i.OS_TmrResetPeak)
    OS_TmrTask                               0x08004631   Thumb Code   176  os_tmr.o(i.OS_TmrTask)
    OS_TmrUnlink                             0x080046f1   Thumb Code    72  os_tmr.o(i.OS_TmrUnlink)
    RCC_APB1PeriphClockCmd                   0x08004741   Thumb Code    26  stm32f10x_rcc.o(i.RCC_APB1PeriphClockCmd)
    RCC_APB1PeriphResetCmd                   0x08004761   Thumb Code    26  stm32f10x_rcc.o(i.RCC_APB1PeriphResetCmd)
    RCC_APB2PeriphClockCmd                   0x08004781   Thumb Code    26  stm32f10x_rcc.o(i.RCC_APB2PeriphClockCmd)
    RCC_GetClocksFreq                        0x080047a1   Thumb Code   192  stm32f10x_rcc.o(i.RCC_GetClocksFreq)
    SPI3_init                                0x08004875   Thumb Code   166  spi_flash.o(i.SPI3_init)
    SPI_Cmd                                  0x0800492d   Thumb Code    24  stm32f10x_spi.o(i.SPI_Cmd)
    SPI_Init                                 0x08004945   Thumb Code    60  stm32f10x_spi.o(i.SPI_Init)
    SVC_Handler                              0x08004981   Thumb Code     2  stm32f10x_it.o(i.SVC_Handler)
    SystemInit                               0x08004a6d   Thumb Code    78  system_stm32f10x.o(i.SystemInit)
    TIM1_PWM_Init                            0x08004acd   Thumb Code   136  beep.o(i.TIM1_PWM_Init)
    TIM_Cmd                                  0x08004b5d   Thumb Code    24  stm32f10x_tim.o(i.TIM_Cmd)
    TIM_CtrlPWMOutputs                       0x08004b75   Thumb Code    30  stm32f10x_tim.o(i.TIM_CtrlPWMOutputs)
    TIM_OC4Init                              0x08004b95   Thumb Code   114  stm32f10x_tim.o(i.TIM_OC4Init)
    TIM_OC4PreloadConfig                     0x08004c11   Thumb Code    26  stm32f10x_tim.o(i.TIM_OC4PreloadConfig)
    TIM_TimeBaseInit                         0x08004c2d   Thumb Code   122  stm32f10x_tim.o(i.TIM_TimeBaseInit)
    USART1_IRQHandler                        0x08004cd1   Thumb Code    46  usart.o(i.USART1_IRQHandler)
    USART2_IRQHandler                        0x08004d09   Thumb Code    76  usart.o(i.USART2_IRQHandler)
    USART_ClearFlag                          0x08004d65   Thumb Code    18  stm32f10x_usart.o(i.USART_ClearFlag)
    USART_Cmd                                0x08004d77   Thumb Code    24  stm32f10x_usart.o(i.USART_Cmd)
    USART_GetFlagStatus                      0x08004d8f   Thumb Code    26  stm32f10x_usart.o(i.USART_GetFlagStatus)
    USART_GetITStatus                        0x08004da9   Thumb Code    84  stm32f10x_usart.o(i.USART_GetITStatus)
    USART_ITConfig                           0x08004dfd   Thumb Code    74  stm32f10x_usart.o(i.USART_ITConfig)
    USART_Init                               0x08004e49   Thumb Code   210  stm32f10x_usart.o(i.USART_Init)
    USART_ReceiveData                        0x08004f21   Thumb Code    10  stm32f10x_usart.o(i.USART_ReceiveData)
    USART_SendData                           0x08004f2b   Thumb Code     8  stm32f10x_usart.o(i.USART_SendData)
    UsageFault_Handler                       0x08004f33   Thumb Code     4  stm32f10x_it.o(i.UsageFault_Handler)
    __0sprintf$3                             0x08004f39   Thumb Code    34  printf3.o(i.__0sprintf$3)
    __1sprintf$3                             0x08004f39   Thumb Code     0  printf3.o(i.__0sprintf$3)
    __2sprintf                               0x08004f39   Thumb Code     0  printf3.o(i.__0sprintf$3)
    __scatterload_copy                       0x08004f61   Thumb Code    14  handlers.o(i.__scatterload_copy)
    __scatterload_null                       0x08004f6f   Thumb Code     2  handlers.o(i.__scatterload_null)
    __scatterload_zeroinit                   0x08004f71   Thumb Code    14  handlers.o(i.__scatterload_zeroinit)
    at24c02_init                             0x080051a1   Thumb Code    46  at24c02.o(i.at24c02_init)
    beep_init                                0x080051d5   Thumb Code    16  beep.o(i.beep_init)
    bus_recieve                              0x080051e5   Thumb Code    10  bus.o(i.bus_recieve)
    bus_recieve_string                       0x080051f5   Thumb Code    36  esp8266.o(i.bus_recieve_string)
    bus_send                                 0x0800521d   Thumb Code    18  bus.o(i.bus_send)
    bus_send_string                          0x08005235   Thumb Code   184  esp8266.o(i.bus_send_string)
    char2u32                                 0x080052f5   Thumb Code    34  string.o(i.char2u32)
    close_conn                               0x08005319   Thumb Code    54  esp8266.o(i.close_conn)
    connect_ap                               0x08005369   Thumb Code    88  esp8266.o(i.connect_ap)
    enbale_esp8266                           0x080053e9   Thumb Code    14  esp8266.o(i.enbale_esp8266)
    err_log                                  0x080053fd   Thumb Code     2  string.o(i.err_log)
    esp8266_gpio_init                        0x08005401   Thumb Code   100  esp8266.o(i.esp8266_gpio_init)
    get_ip_suffix                            0x080054c5   Thumb Code    14  key.o(i.get_ip_suffix)
    get_key_blod                             0x080054d9   Thumb Code    14  key.o(i.get_key_blod)
    get_key_gpio                             0x080054ed   Thumb Code     4  key.o(i.get_key_gpio)
    get_key_sn                               0x080054f1   Thumb Code    16  key.o(i.get_key_sn)
    i2c_init                                 0x080055b5   Thumb Code   120  i2c.o(i.i2c_init)
    int2chars                                0x08005639   Thumb Code    62  string.o(i.int2chars)
    key_state_machine                        0x08005679   Thumb Code    88  key.o(i.key_state_machine)
    led_off                                  0x080056d5   Thumb Code    34  led.o(i.led_off)
    main                                     0x08005701   Thumb Code    70  main.o(i.main)
    main_loop                                0x08005765   Thumb Code   170  clothes.o(i.main_loop)
    read_key_from_eeprom                     0x080059d9   Thumb Code    22  key.o(i.read_key_from_eeprom)
    recv_data                                0x080059f9   Thumb Code   226  esp8266.o(i.recv_data)
    red_led_on                               0x08005c95   Thumb Code    20  led.o(i.red_led_on)
    reduce_blod                              0x08005cad   Thumb Code    28  clothes.o(i.reduce_blod)
    register_bus                             0x08005ccd   Thumb Code     8  bus.o(i.register_bus)
    reset_buffer                             0x08005cd9   Thumb Code    10  usart.o(i.reset_buffer)
    reset_esp8266                            0x08005ced   Thumb Code   126  esp8266.o(i.reset_esp8266)
    send_data                                0x08005d71   Thumb Code   104  esp8266.o(i.send_data)
    set_ap                                   0x08005e4d   Thumb Code    62  esp8266.o(i.set_ap)
    set_auto_conn                            0x08005eb5   Thumb Code    58  esp8266.o(i.set_auto_conn)
    set_bound                                0x08005f11   Thumb Code    54  esp8266.o(i.set_bound)
    set_echo                                 0x08005f71   Thumb Code    62  esp8266.o(i.set_echo)
    set_ip                                   0x08005fc5   Thumb Code    58  esp8266.o(i.set_ip)
    set_mac_addr                             0x08006039   Thumb Code    54  esp8266.o(i.set_mac_addr)
    set_mode                                 0x080060a1   Thumb Code    58  esp8266.o(i.set_mode)
    set_mux                                  0x080060f9   Thumb Code    58  esp8266.o(i.set_mux)
    set_time                                 0x08006151   Thumb Code    62  time.o(i.set_time)
    str_include                              0x08006231   Thumb Code    82  esp8266.o(i.str_include)
    uart1_putc                               0x08006285   Thumb Code    28  usart.o(i.uart1_putc)
    uart2_putc                               0x080062a5   Thumb Code    28  usart.o(i.uart2_putc)
    uart_inint                               0x08006329   Thumb Code   300  usart.o(i.uart_inint)
    udp_close                                0x08006479   Thumb Code    58  esp8266.o(i.udp_close)
    udp_setup                                0x080064d5   Thumb Code   152  esp8266.o(i.udp_setup)
    work_esp8266                             0x080066b5   Thumb Code    24  esp8266.o(i.work_esp8266)
    yellow_led_on                            0x080066d5   Thumb Code    18  led.o(i.yellow_led_on)
    OSCfg_IdleTaskStkBasePtr                 0x0800674c   Data           4  os_cfg_app.o(.constdata)
    OSCfg_IdleTaskStkLimit                   0x08006750   Data           4  os_cfg_app.o(.constdata)
    OSCfg_IdleTaskStkSize                    0x08006754   Data           4  os_cfg_app.o(.constdata)
    OSCfg_IdleTaskStkSizeRAM                 0x08006758   Data           4  os_cfg_app.o(.constdata)
    OSCfg_IntQBasePtr                        0x0800675c   Data           4  os_cfg_app.o(.constdata)
    OSCfg_IntQSize                           0x08006760   Data           2  os_cfg_app.o(.constdata)
    OSCfg_IntQSizeRAM                        0x08006764   Data           4  os_cfg_app.o(.constdata)
    OSCfg_IntQTaskStkBasePtr                 0x08006768   Data           4  os_cfg_app.o(.constdata)
    OSCfg_IntQTaskStkLimit                   0x0800676c   Data           4  os_cfg_app.o(.constdata)
    OSCfg_IntQTaskStkSize                    0x08006770   Data           4  os_cfg_app.o(.constdata)
    OSCfg_IntQTaskStkSizeRAM                 0x08006774   Data           4  os_cfg_app.o(.constdata)
    OSCfg_ISRStkBasePtr                      0x08006778   Data           4  os_cfg_app.o(.constdata)
    OSCfg_ISRStkSize                         0x0800677c   Data           4  os_cfg_app.o(.constdata)
    OSCfg_ISRStkSizeRAM                      0x08006780   Data           4  os_cfg_app.o(.constdata)
    OSCfg_MsgPoolSize                        0x08006784   Data           2  os_cfg_app.o(.constdata)
    OSCfg_MsgPoolSizeRAM                     0x08006788   Data           4  os_cfg_app.o(.constdata)
    OSCfg_MsgPoolBasePtr                     0x0800678c   Data           4  os_cfg_app.o(.constdata)
    OSCfg_StatTaskPrio                       0x08006790   Data           1  os_cfg_app.o(.constdata)
    OSCfg_StatTaskRate_Hz                    0x08006794   Data           4  os_cfg_app.o(.constdata)
    OSCfg_StatTaskStkBasePtr                 0x08006798   Data           4  os_cfg_app.o(.constdata)
    OSCfg_StatTaskStkLimit                   0x0800679c   Data           4  os_cfg_app.o(.constdata)
    OSCfg_StatTaskStkSize                    0x080067a0   Data           4  os_cfg_app.o(.constdata)
    OSCfg_StatTaskStkSizeRAM                 0x080067a4   Data           4  os_cfg_app.o(.constdata)
    OSCfg_StkSizeMin                         0x080067a8   Data           4  os_cfg_app.o(.constdata)
    OSCfg_TickRate_Hz                        0x080067ac   Data           4  os_cfg_app.o(.constdata)
    OSCfg_TickTaskPrio                       0x080067b0   Data           1  os_cfg_app.o(.constdata)
    OSCfg_TickTaskStkBasePtr                 0x080067b4   Data           4  os_cfg_app.o(.constdata)
    OSCfg_TickTaskStkLimit                   0x080067b8   Data           4  os_cfg_app.o(.constdata)
    OSCfg_TickTaskStkSize                    0x080067bc   Data           4  os_cfg_app.o(.constdata)
    OSCfg_TickTaskStkSizeRAM                 0x080067c0   Data           4  os_cfg_app.o(.constdata)
    OSCfg_TickWheelSize                      0x080067c4   Data           2  os_cfg_app.o(.constdata)
    OSCfg_TickWheelSizeRAM                   0x080067c8   Data           4  os_cfg_app.o(.constdata)
    OSCfg_TmrTaskPrio                        0x080067cc   Data           1  os_cfg_app.o(.constdata)
    OSCfg_TmrTaskRate_Hz                     0x080067d0   Data           4  os_cfg_app.o(.constdata)
    OSCfg_TmrTaskStkBasePtr                  0x080067d4   Data           4  os_cfg_app.o(.constdata)
    OSCfg_TmrTaskStkLimit                    0x080067d8   Data           4  os_cfg_app.o(.constdata)
    OSCfg_TmrTaskStkSize                     0x080067dc   Data           4  os_cfg_app.o(.constdata)
    OSCfg_TmrTaskStkSizeRAM                  0x080067e0   Data           4  os_cfg_app.o(.constdata)
    OSCfg_TmrWheelSize                       0x080067e4   Data           2  os_cfg_app.o(.constdata)
    OSCfg_TmrWheelSizeRAM                    0x080067e8   Data           4  os_cfg_app.o(.constdata)
    OSCfg_DataSizeRAM                        0x080067ec   Data           4  os_cfg_app.o(.constdata)
    OSDbg_DbgEn                              0x080067f0   Data           2  os_dbg.o(.constdata)
    OSDbg_ArgChkEn                           0x080067f2   Data           1  os_dbg.o(.constdata)
    OSDbg_AppHooksEn                         0x080067f3   Data           1  os_dbg.o(.constdata)
    OSDbg_EndiannessTest                     0x080067f4   Data           4  os_dbg.o(.constdata)
    OSDbg_CalledFromISRChkEn                 0x080067f8   Data           1  os_dbg.o(.constdata)
    OSDbg_FlagEn                             0x080067f9   Data           1  os_dbg.o(.constdata)
    OSDbg_FlagGrp                            0x080067fc   Data          40  os_dbg.o(.constdata)
    OSDbg_FlagDelEn                          0x08006824   Data           1  os_dbg.o(.constdata)
    OSDbg_FlagModeClrEn                      0x08006825   Data           1  os_dbg.o(.constdata)
    OSDbg_FlagPendAbortEn                    0x08006826   Data           1  os_dbg.o(.constdata)
    OSDbg_FlagGrpSize                        0x08006828   Data           2  os_dbg.o(.constdata)
    OSDbg_FlagWidth                          0x0800682a   Data           2  os_dbg.o(.constdata)
    OSDbg_IntQ                               0x0800682c   Data           2  os_dbg.o(.constdata)
    OSDbg_ISRPostDeferredEn                  0x0800682e   Data           1  os_dbg.o(.constdata)
    OSDbg_Mem                                0x08006830   Data          32  os_dbg.o(.constdata)
    OSDbg_MemEn                              0x08006850   Data           1  os_dbg.o(.constdata)
    OSDbg_MemSize                            0x08006852   Data           2  os_dbg.o(.constdata)
    OSDbg_MsgEn                              0x08006854   Data           1  os_dbg.o(.constdata)
    OSDbg_MsgSize                            0x08006856   Data           2  os_dbg.o(.constdata)
    OSDbg_MsgPoolSize                        0x08006858   Data           2  os_dbg.o(.constdata)
    OSDbg_MsgQSize                           0x0800685a   Data           2  os_dbg.o(.constdata)
    OSDbg_Mutex                              0x0800685c   Data          44  os_dbg.o(.constdata)
    OSDbg_MutexEn                            0x08006888   Data           1  os_dbg.o(.constdata)
    OSDbg_MutexDelEn                         0x08006889   Data           1  os_dbg.o(.constdata)
    OSDbg_MutexPendAbortEn                   0x0800688a   Data           1  os_dbg.o(.constdata)
    OSDbg_MutexSize                          0x0800688c   Data           2  os_dbg.o(.constdata)
    OSDbg_ObjTypeChkEn                       0x0800688e   Data           1  os_dbg.o(.constdata)
    OSDbg_PendMultiEn                        0x0800688f   Data           1  os_dbg.o(.constdata)
    OSDbg_PendDataSize                       0x08006890   Data           2  os_dbg.o(.constdata)
    OSDbg_PendListSize                       0x08006892   Data           2  os_dbg.o(.constdata)
    OSDbg_PendObjSize                        0x08006894   Data           2  os_dbg.o(.constdata)
    OSDbg_PrioMax                            0x08006896   Data           2  os_dbg.o(.constdata)
    OSDbg_PrioTblSize                        0x08006898   Data           2  os_dbg.o(.constdata)
    OSDbg_PtrSize                            0x0800689a   Data           2  os_dbg.o(.constdata)
    OSDbg_Q                                  0x0800689c   Data          48  os_dbg.o(.constdata)
    OSDbg_QEn                                0x080068cc   Data           1  os_dbg.o(.constdata)
    OSDbg_QDelEn                             0x080068cd   Data           1  os_dbg.o(.constdata)
    OSDbg_QFlushEn                           0x080068ce   Data           1  os_dbg.o(.constdata)
    OSDbg_QPendAbortEn                       0x080068cf   Data           1  os_dbg.o(.constdata)
    OSDbg_QSize                              0x080068d0   Data           2  os_dbg.o(.constdata)
    OSDbg_SchedRoundRobinEn                  0x080068d2   Data           1  os_dbg.o(.constdata)
    OSDbg_Sem                                0x080068d4   Data          40  os_dbg.o(.constdata)
    OSDbg_SemEn                              0x080068fc   Data           1  os_dbg.o(.constdata)
    OSDbg_SemDelEn                           0x080068fd   Data           1  os_dbg.o(.constdata)
    OSDbg_SemPendAbortEn                     0x080068fe   Data           1  os_dbg.o(.constdata)
    OSDbg_SemSetEn                           0x080068ff   Data           1  os_dbg.o(.constdata)
    OSDbg_SemSize                            0x08006900   Data           2  os_dbg.o(.constdata)
    OSDbg_RdyList                            0x08006902   Data           2  os_dbg.o(.constdata)
    OSDbg_RdyListSize                        0x08006904   Data           4  os_dbg.o(.constdata)
    OSDbg_StkWidth                           0x08006908   Data           1  os_dbg.o(.constdata)
    OSDbg_StatTaskEn                         0x08006909   Data           1  os_dbg.o(.constdata)
    OSDbg_StatTaskStkChkEn                   0x0800690a   Data           1  os_dbg.o(.constdata)
    OSDbg_TaskChangePrioEn                   0x0800690b   Data           1  os_dbg.o(.constdata)
    OSDbg_TaskDelEn                          0x0800690c   Data           1  os_dbg.o(.constdata)
    OSDbg_TaskQEn                            0x0800690d   Data           1  os_dbg.o(.constdata)
    OSDbg_TaskQPendAbortEn                   0x0800690e   Data           1  os_dbg.o(.constdata)
    OSDbg_TaskProfileEn                      0x0800690f   Data           1  os_dbg.o(.constdata)
    OSDbg_TaskRegTblSize                     0x08006910   Data           2  os_dbg.o(.constdata)
    OSDbg_TaskSemPendAbortEn                 0x08006912   Data           1  os_dbg.o(.constdata)
    OSDbg_TaskSuspendEn                      0x08006913   Data           1  os_dbg.o(.constdata)
    OSDbg_TCBSize                            0x08006914   Data           2  os_dbg.o(.constdata)
    OSDbg_TickSpokeSize                      0x08006916   Data           2  os_dbg.o(.constdata)
    OSDbg_TimeDlyHMSMEn                      0x08006918   Data           1  os_dbg.o(.constdata)
    OSDbg_TimeDlyResumeEn                    0x08006919   Data           1  os_dbg.o(.constdata)
    OSDbg_Tmr                                0x0800691c   Data          52  os_dbg.o(.constdata)
    OSDbg_TmrEn                              0x08006950   Data           1  os_dbg.o(.constdata)
    OSDbg_TmrDelEn                           0x08006951   Data           1  os_dbg.o(.constdata)
    OSDbg_TmrSize                            0x08006952   Data           2  os_dbg.o(.constdata)
    OSDbg_TmrSpokeSize                       0x08006954   Data           2  os_dbg.o(.constdata)
    OSDbg_VersionNbr                         0x08006956   Data           2  os_dbg.o(.constdata)
    OSDbg_DataSize                           0x08006958   Data           4  os_dbg.o(.constdata)
    Region$$Table$$Base                      0x0800695c   Number         0  anon$$obj.o(Region$$Table)
    Region$$Table$$Limit                     0x0800697c   Number         0  anon$$obj.o(Region$$Table)
    uart1_recv_hook                          0x2000001c   Data           4  usart.o(.data)
    uart2_recv_hook                          0x20000020   Data           4  usart.o(.data)
    eeprom                                   0x20000030   Data          42  key.o(.data)
    CPU_TS_TmrFreq_Hz                        0x20000100   Data           4  cpu_core.o(.data)
    CPU_IntDisMeasCtr                        0x20000104   Data           2  cpu_core.o(.data)
    CPU_IntDisNestCtr                        0x20000106   Data           2  cpu_core.o(.data)
    CPU_IntDisMeasStart_cnts                 0x20000108   Data           4  cpu_core.o(.data)
    CPU_IntDisMeasStop_cnts                  0x2000010c   Data           4  cpu_core.o(.data)
    CPU_IntDisMeasOvrhd_cnts                 0x20000110   Data           4  cpu_core.o(.data)
    CPU_IntDisMeasMaxCur_cnts                0x20000114   Data           4  cpu_core.o(.data)
    CPU_IntDisMeasMax_cnts                   0x20000118   Data           4  cpu_core.o(.data)
    OS_CPU_ExceptStkBase                     0x2000011c   Data           4  os_cpu_c.o(.data)
    OSPrioTbl                                0x20000120   Data           8  os_prio.o(.data)
    OS_AppTaskCreateHookPtr                  0x20000128   Data           4  os_var.o(.data)
    OS_AppTaskDelHookPtr                     0x2000012c   Data           4  os_var.o(.data)
    OS_AppTaskReturnHookPtr                  0x20000130   Data           4  os_var.o(.data)
    OS_AppIdleTaskHookPtr                    0x20000134   Data           4  os_var.o(.data)
    OS_AppStatTaskHookPtr                    0x20000138   Data           4  os_var.o(.data)
    OS_AppTaskSwHookPtr                      0x2000013c   Data           4  os_var.o(.data)
    OS_AppTimeTickHookPtr                    0x20000140   Data           4  os_var.o(.data)
    OSIdleTaskCtr                            0x20000144   Data           4  os_var.o(.data)
    OSIntNestingCtr                          0x20000148   Data           1  os_var.o(.data)
    OSIntDisTimeMax                          0x2000014c   Data           4  os_var.o(.data)
    OSRunning                                0x20000150   Data           1  os_var.o(.data)
    OSIntQInPtr                              0x20000154   Data           4  os_var.o(.data)
    OSIntQOutPtr                             0x20000158   Data           4  os_var.o(.data)
    OSIntQNbrEntries                         0x2000015c   Data           2  os_var.o(.data)
    OSIntQMaxNbrEntries                      0x2000015e   Data           2  os_var.o(.data)
    OSIntQOvfCtr                             0x20000160   Data           2  os_var.o(.data)
    OSIntQTaskTimeMax                        0x20000164   Data           4  os_var.o(.data)
    OSFlagDbgListPtr                         0x20000168   Data           4  os_var.o(.data)
    OSFlagQty                                0x2000016c   Data           2  os_var.o(.data)
    OSMemDbgListPtr                          0x20000170   Data           4  os_var.o(.data)
    OSMemQty                                 0x20000174   Data           2  os_var.o(.data)
    OSMsgPool                                0x20000178   Data           8  os_var.o(.data)
    OSMutexDbgListPtr                        0x20000180   Data           4  os_var.o(.data)
    OSMutexQty                               0x20000184   Data           2  os_var.o(.data)
    OSPrioCur                                0x20000186   Data           1  os_var.o(.data)
    OSPrioHighRdy                            0x20000187   Data           1  os_var.o(.data)
    OSPrioSaved                              0x20000188   Data           1  os_var.o(.data)
    OSQDbgListPtr                            0x2000018c   Data           4  os_var.o(.data)
    OSQQty                                   0x20000190   Data           2  os_var.o(.data)
    OSSchedLockTimeBegin                     0x20000194   Data           4  os_var.o(.data)
    OSSchedLockTimeMax                       0x20000198   Data           4  os_var.o(.data)
    OSSchedLockTimeMaxCur                    0x2000019c   Data           4  os_var.o(.data)
    OSSchedLockNestingCtr                    0x200001a0   Data           1  os_var.o(.data)
    OSSchedRoundRobinDfltTimeQuanta          0x200001a4   Data           4  os_var.o(.data)
    OSSchedRoundRobinEn                      0x200001a8   Data           1  os_var.o(.data)
    OSSemDbgListPtr                          0x200001ac   Data           4  os_var.o(.data)
    OSSemQty                                 0x200001b0   Data           2  os_var.o(.data)
    OSStatTaskCPUUsage                       0x200001b2   Data           1  os_var.o(.data)
    OSStatTaskCtr                            0x200001b4   Data           4  os_var.o(.data)
    OSStatTaskCtrMax                         0x200001b8   Data           4  os_var.o(.data)
    OSStatTaskCtrRun                         0x200001bc   Data           4  os_var.o(.data)
    OSStatTaskRdy                            0x200001c0   Data           1  os_var.o(.data)
    OSStatTaskTimeMax                        0x200001c4   Data           4  os_var.o(.data)
    OSStatResetFlag                          0x200001c8   Data           1  os_var.o(.data)
    OSTaskCtxSwCtr                           0x200001cc   Data           4  os_var.o(.data)
    OSTaskDbgListPtr                         0x200001d0   Data           4  os_var.o(.data)
    OSTaskQty                                0x200001d4   Data           2  os_var.o(.data)
    OSTickCtr                                0x200001d8   Data           4  os_var.o(.data)
    OSTickTaskTimeMax                        0x200001dc   Data           4  os_var.o(.data)
    OSTmrDbgListPtr                          0x200001e0   Data           4  os_var.o(.data)
    OSTmrQty                                 0x200001e4   Data           2  os_var.o(.data)
    OSTmrTaskTimeMax                         0x200001e8   Data           4  os_var.o(.data)
    OSTmrTickCtr                             0x200001ec   Data           4  os_var.o(.data)
    OSTmrUpdateCnt                           0x200001f0   Data           4  os_var.o(.data)
    OSTmrUpdateCtr                           0x200001f4   Data           4  os_var.o(.data)
    OSTCBCurPtr                              0x200001f8   Data           4  os_var.o(.data)
    OSTCBHighRdyPtr                          0x200001fc   Data           4  os_var.o(.data)
    ip_map                                   0x20000ed0   Data         160  esp8266.o(.bss)
    data_i                                   0x200017d4   Data         100  esp8266.o(.bss)
    OSCfg_IdleTaskStk                        0x20002108   Data         512  os_cfg_app.o(.bss)
    OSCfg_IntQ                               0x20002308   Data         320  os_cfg_app.o(.bss)
    OSCfg_IntQTaskStk                        0x20002448   Data         512  os_cfg_app.o(.bss)
    OSCfg_ISRStk                             0x20002648   Data         512  os_cfg_app.o(.bss)
    OSCfg_MsgPool                            0x20002848   Data        1600  os_cfg_app.o(.bss)
    OSCfg_StatTaskStk                        0x20002e88   Data         512  os_cfg_app.o(.bss)
    OSCfg_TickTaskStk                        0x20003088   Data         512  os_cfg_app.o(.bss)
    OSCfg_TickWheel                          0x20003288   Data         104  os_cfg_app.o(.bss)
    OSCfg_TmrTaskStk                         0x200032f0   Data         512  os_cfg_app.o(.bss)
    OSCfg_TmrWheel                           0x200034f0   Data         104  os_cfg_app.o(.bss)
    OSIdleTaskTCB                            0x20003558   Data         208  os_var.o(.bss)
    OSIntQTaskTCB                            0x20003628   Data         208  os_var.o(.bss)
    OSRdyList                                0x200036f8   Data         768  os_var.o(.bss)
    OSStatTaskTCB                            0x200039f8   Data         208  os_var.o(.bss)
    OSTickTaskTCB                            0x20003ac8   Data         208  os_var.o(.bss)
    OSTmrTaskTCB                             0x20003b98   Data         208  os_var.o(.bss)
    __initial_sp                             0x20004068   Data           0  startup_stm32f10x_hd.o(STACK)



==============================================================================

Memory Map of the image

  Image Entry point : 0x08000131

  Load Region LR_IROM1 (Base: 0x08000000, Size: 0x00006b7c, Max: 0x00040000, ABSOLUTE, COMPRESSED[0x00006a0c])

    Execution Region ER_IROM1 (Base: 0x08000000, Size: 0x0000697c, Max: 0x00040000, ABSOLUTE)

    Base Addr    Size         Type   Attr      Idx    E Section Name        Object

    0x08000000   0x00000130   Data   RO         3191    RESET               startup_stm32f10x_hd.o
    0x08000130   0x00000000   Code   RO         6087  * .ARM.Collect$$$$00000000  mc_w.l(entry.o)
    0x08000130   0x00000004   Code   RO         6395    .ARM.Collect$$$$00000001  mc_w.l(entry2.o)
    0x08000134   0x00000004   Code   RO         6398    .ARM.Collect$$$$00000004  mc_w.l(entry5.o)
    0x08000138   0x00000000   Code   RO         6400    .ARM.Collect$$$$00000008  mc_w.l(entry7b.o)
    0x08000138   0x00000000   Code   RO         6402    .ARM.Collect$$$$0000000A  mc_w.l(entry8b.o)
    0x08000138   0x00000008   Code   RO         6403    .ARM.Collect$$$$0000000B  mc_w.l(entry9a.o)
    0x08000140   0x00000000   Code   RO         6405    .ARM.Collect$$$$0000000D  mc_w.l(entry10a.o)
    0x08000140   0x00000000   Code   RO         6407    .ARM.Collect$$$$0000000F  mc_w.l(entry11a.o)
    0x08000140   0x00000004   Code   RO         6396    .ARM.Collect$$$$00002712  mc_w.l(entry2.o)
    0x08000144   0x00000024   Code   RO         3192    .text               startup_stm32f10x_hd.o
    0x08000168   0x0000002a   Code   RO         4351    .text               cpu_a.o
    0x08000192   0x00000002   PAD
    0x08000194   0x00000084   Code   RO         4519    .text               os_cpu_a.o
    0x08000218   0x00000062   Code   RO         6090    .text               mc_w.l(uldiv.o)
    0x0800027a   0x00000024   Code   RO         6092    .text               mc_w.l(memcpya.o)
    0x0800029e   0x00000024   Code   RO         6094    .text               mc_w.l(memseta.o)
    0x080002c2   0x0000000e   Code   RO         6096    .text               mc_w.l(strlen.o)
    0x080002d0   0x0000001e   Code   RO         6098    .text               mc_w.l(strncmp.o)
    0x080002ee   0x0000002c   Code   RO         6410    .text               mc_w.l(uidiv.o)
    0x0800031a   0x0000001e   Code   RO         6412    .text               mc_w.l(llshl.o)
    0x08000338   0x00000020   Code   RO         6414    .text               mc_w.l(llushr.o)
    0x08000358   0x00000024   Code   RO         6442    .text               mc_w.l(init.o)
    0x0800037c   0x00000056   Code   RO         6454    .text               mc_w.l(__dczerorl2.o)
    0x080003d2   0x00000002   PAD
    0x080003d4   0x00000028   Code   RO         6054    i.AppTaskStart      task.o
    0x080003fc   0x00000010   Code   RO         3382    i.BSP_CPU_ClkFreq   bsp.o
    0x0800040c   0x00000020   Code   RO         3383    i.BSP_Init          bsp.o
    0x0800042c   0x00000004   Code   RO         3321    i.BusFault_Handler  stm32f10x_it.o
    0x08000430   0x0000001c   Code   RO         4404    i.CPU_IntDisMeasMaxCalc  cpu_core.o
    0x0800044c   0x0000002c   Code   RO         4405    i.CPU_IntDisMeasMaxCurGet  cpu_core.o
    0x08000478   0x0000002c   Code   RO         4406    i.CPU_IntDisMeasMaxCurReset  cpu_core.o
    0x080004a4   0x0000002c   Code   RO         4407    i.CPU_IntDisMeasMaxGet  cpu_core.o
    0x080004d0   0x00000034   Code   RO         4408    i.CPU_IntDisMeasStart  cpu_core.o
    0x08000504   0x00000054   Code   RO         4409    i.CPU_IntDisMeasStop  cpu_core.o
    0x08000558   0x0000000c   Code   RO         3385    i.CPU_TS_TmrRd      bsp.o
    0x08000564   0x00000002   Code   RO         3322    i.DebugMon_Handler  stm32f10x_it.o
    0x08000566   0x00000116   Code   RO         1340    i.GPIO_Init         stm32f10x_gpio.o
    0x0800067c   0x00000090   Code   RO         1342    i.GPIO_PinRemapConfig  stm32f10x_gpio.o
    0x0800070c   0x00000004   Code   RO         1347    i.GPIO_ResetBits    stm32f10x_gpio.o
    0x08000710   0x00000004   Code   RO         1348    i.GPIO_SetBits      stm32f10x_gpio.o
    0x08000714   0x0000000a   Code   RO         1351    i.GPIO_WriteBit     stm32f10x_gpio.o
    0x0800071e   0x00000004   Code   RO         3323    i.HardFault_Handler  stm32f10x_it.o
    0x08000722   0x00000002   PAD
    0x08000724   0x00000054   Code   RO         4107    i.I2C1_EV_IRQHandler  irda.o
    0x08000778   0x00000018   Code   RO         1452    i.I2C_AcknowledgeConfig  stm32f10x_i2c.o
    0x08000790   0x0000000c   Code   RO         1456    i.I2C_ClearITPendingBit  stm32f10x_i2c.o
    0x0800079c   0x00000018   Code   RO         1457    i.I2C_Cmd           stm32f10x_i2c.o
    0x080007b4   0x00000038   Code   RO         1460    i.I2C_DeInit        stm32f10x_i2c.o
    0x080007ec   0x00000026   Code   RO         1467    i.I2C_GetITStatus   stm32f10x_i2c.o
    0x08000812   0x00000002   PAD
    0x08000814   0x000000ec   Code   RO         1471    i.I2C_Init          stm32f10x_i2c.o
    0x08000900   0x0000006c   Code   RO         3514    i.LED_Init          led.o
    0x0800096c   0x00000004   Code   RO         3324    i.MemManage_Handler  stm32f10x_it.o
    0x08000970   0x00000002   Code   RO         3325    i.NMI_Handler       stm32f10x_it.o
    0x08000972   0x00000002   PAD
    0x08000974   0x00000070   Code   RO          130    i.NVIC_Init         misc.o
    0x080009e4   0x00000014   Code   RO          131    i.NVIC_PriorityGroupConfig  misc.o
    0x080009f8   0x000000fc   Code   RO         4600    i.OSCfg_Init        os_cfg_app.o
    0x08000af4   0x00000014   Code   RO         4522    i.OSIdleTaskHook    os_cpu_c.o
    0x08000b08   0x0000015c   Code   RO         4623    i.OSInit            os_core.o
    0x08000c64   0x00000020   Code   RO         4523    i.OSInitHook        os_cpu_c.o
    0x08000c84   0x000000e4   Code   RO         4625    i.OSIntExit         os_core.o
    0x08000d68   0x000000a8   Code   RO         4626    i.OSSched           os_core.o
    0x08000e10   0x0000007c   Code   RO         4627    i.OSSchedLock       os_core.o
    0x08000e8c   0x000000a0   Code   RO         4630    i.OSSchedUnlock     os_core.o
    0x08000f2c   0x00000068   Code   RO         4631    i.OSStart           os_core.o
    0x08000f94   0x000000f0   Code   RO         5359    i.OSStatReset       os_stat.o
    0x08001084   0x00000014   Code   RO         4524    i.OSStatTaskHook    os_cpu_c.o
    0x08001098   0x00000294   Code   RO         5390    i.OSTaskCreate      os_task.o
    0x0800132c   0x00000018   Code   RO         4525    i.OSTaskCreateHook  os_cpu_c.o
    0x08001344   0x00000208   Code   RO         5391    i.OSTaskDel         os_task.o
    0x0800154c   0x00000018   Code   RO         4526    i.OSTaskDelHook     os_cpu_c.o
    0x08001564   0x00000018   Code   RO         4527    i.OSTaskReturnHook  os_cpu_c.o
    0x0800157c   0x00000234   Code   RO         5399    i.OSTaskSemPend     os_task.o
    0x080017b0   0x000000e4   Code   RO         5403    i.OSTaskStkChk      os_task.o
    0x08001894   0x000000c0   Code   RO         4528    i.OSTaskStkInit     os_cpu_c.o
    0x08001954   0x000000ac   Code   RO         4529    i.OSTaskSwHook      os_cpu_c.o
    0x08001a00   0x00000150   Code   RO         5587    i.OSTimeDly         os_time.o
    0x08001b50   0x0000022c   Code   RO         5588    i.OSTimeDlyHMSM     os_time.o
    0x08001d7c   0x00000044   Code   RO         5592    i.OSTimeTick        os_time.o
    0x08001dc0   0x00000014   Code   RO         4530    i.OSTimeTickHook    os_cpu_c.o
    0x08001dd4   0x00000040   Code   RO         4531    i.OS_CPU_SysTickHandler  os_cpu_c.o
    0x08001e14   0x00000030   Code   RO         4532    i.OS_CPU_SysTickInit  os_cpu_c.o
    0x08001e44   0x000001b0   Code   RO         4869    i.OS_Dbg_Init       os_dbg.o
    0x08001ff4   0x00000018   Code   RO         4894    i.OS_FlagInit       os_flag.o
    0x0800200c   0x0000027c   Code   RO         4895    i.OS_FlagPost       os_flag.o
    0x08002288   0x00000056   Code   RO         4896    i.OS_FlagTaskRdy    os_flag.o
    0x080022de   0x00000002   PAD
    0x080022e0   0x0000004c   Code   RO         4633    i.OS_IdleTask       os_core.o
    0x0800232c   0x00000070   Code   RO         4634    i.OS_IdleTaskInit   os_core.o
    0x0800239c   0x00000100   Code   RO         4968    i.OS_IntQPost       os_int.o
    0x0800249c   0x00000174   Code   RO         4969    i.OS_IntQRePost     os_int.o
    0x08002610   0x000000a8   Code   RO         4970    i.OS_IntQTask       os_int.o
    0x080026b8   0x00000128   Code   RO         4971    i.OS_IntQTaskInit   os_int.o
    0x080027e0   0x00000018   Code   RO         5002    i.OS_MemInit        os_mem.o
    0x080027f8   0x00000036   Code   RO         5035    i.OS_MsgPoolCreate  os_msg.o
    0x0800282e   0x00000002   PAD
    0x08002830   0x00000050   Code   RO         5036    i.OS_MsgPoolInit    os_msg.o
    0x08002880   0x00000044   Code   RO         5038    i.OS_MsgQFreeAll    os_msg.o
    0x080028c4   0x0000000e   Code   RO         5040    i.OS_MsgQInit       os_msg.o
    0x080028d2   0x00000002   PAD
    0x080028d4   0x000000dc   Code   RO         5041    i.OS_MsgQPut        os_msg.o
    0x080029b0   0x00000018   Code   RO         5096    i.OS_MutexInit      os_mutex.o
    0x080029c8   0x00000068   Code   RO         4635    i.OS_Pend           os_core.o
    0x08002a30   0x00000026   Code   RO         4638    i.OS_PendDataInit   os_core.o
    0x08002a56   0x00000002   PAD
    0x08002a58   0x0000005c   Code   RO         4639    i.OS_PendDbgNameAdd  os_core.o
    0x08002ab4   0x00000024   Code   RO         4640    i.OS_PendDbgNameRemove  os_core.o
    0x08002ad8   0x00000066   Code   RO         4644    i.OS_PendListInsertPrio  os_core.o
    0x08002b3e   0x00000030   Code   RO         4645    i.OS_PendListRemove  os_core.o
    0x08002b6e   0x00000042   Code   RO         4646    i.OS_PendListRemove1  os_core.o
    0x08002bb0   0x000000c0   Code   RO         4649    i.OS_Post           os_core.o
    0x08002c70   0x0000002a   Code   RO         4650    i.OS_Post1          os_core.o
    0x08002c9a   0x00000002   PAD
    0x08002c9c   0x00000028   Code   RO         5178    i.OS_PrioGetHighest  os_prio.o
    0x08002cc4   0x00000018   Code   RO         5179    i.OS_PrioInit       os_prio.o
    0x08002cdc   0x00000024   Code   RO         5180    i.OS_PrioInsert     os_prio.o
    0x08002d00   0x00000024   Code   RO         5181    i.OS_PrioRemove     os_prio.o
    0x08002d24   0x00000018   Code   RO         5224    i.OS_QInit          os_q.o
    0x08002d3c   0x00000188   Code   RO         5225    i.OS_QPost          os_q.o
    0x08002ec4   0x00000024   Code   RO         4651    i.OS_RdyListInit    os_core.o
    0x08002ee8   0x0000002c   Code   RO         4652    i.OS_RdyListInsert  os_core.o
    0x08002f14   0x00000040   Code   RO         4653    i.OS_RdyListInsertHead  os_core.o
    0x08002f54   0x0000003c   Code   RO         4654    i.OS_RdyListInsertTail  os_core.o
    0x08002f90   0x00000044   Code   RO         4655    i.OS_RdyListMoveHeadToTail  os_core.o
    0x08002fd4   0x0000005c   Code   RO         4656    i.OS_RdyListRemove  os_core.o
    0x08003030   0x0000005c   Code   RO         4657    i.OS_Sched0         os_core.o
    0x0800308c   0x0000001c   Code   RO         4658    i.OS_SchedLockTimeMeasStart  os_core.o
    0x080030a8   0x0000003c   Code   RO         4659    i.OS_SchedLockTimeMeasStop  os_core.o
    0x080030e4   0x000000ec   Code   RO         4660    i.OS_SchedRoundRobin  os_core.o
    0x080031d0   0x00000018   Code   RO         5296    i.OS_SemInit        os_sem.o
    0x080031e8   0x00000198   Code   RO         5297    i.OS_SemPost        os_sem.o
    0x08003380   0x00000270   Code   RO         5361    i.OS_StatTask       os_stat.o
    0x080035f0   0x000000cc   Code   RO         5362    i.OS_StatTaskInit   os_stat.o
    0x080036bc   0x00000038   Code   RO         4661    i.OS_TaskBlock      os_core.o
    0x080036f4   0x00000030   Code   RO         5406    i.OS_TaskDbgListAdd  os_task.o
    0x08003724   0x00000044   Code   RO         5407    i.OS_TaskDbgListRemove  os_task.o
    0x08003768   0x00000020   Code   RO         5408    i.OS_TaskInit       os_task.o
    0x08003788   0x000000d0   Code   RO         5409    i.OS_TaskInitTCB    os_task.o
    0x08003858   0x0000026c   Code   RO         5410    i.OS_TaskQPost      os_task.o
    0x08003ac4   0x0000001c   Code   RO         4662    i.OS_TaskRdy        os_core.o
    0x08003ae0   0x00000018   Code   RO         5411    i.OS_TaskReturn     os_task.o
    0x08003af8   0x00000400   Code   RO         5412    i.OS_TaskSemPost    os_task.o
    0x08003ef8   0x00000028   Code   RO         5539    i.OS_TickListInit   os_tick.o
    0x08003f20   0x000001bc   Code   RO         5540    i.OS_TickListInsert  os_tick.o
    0x080040dc   0x00000038   Code   RO         5541    i.OS_TickListRemove  os_tick.o
    0x08004114   0x00000024   Code   RO         5542    i.OS_TickListResetPeak  os_tick.o
    0x08004138   0x00000220   Code   RO         5543    i.OS_TickListUpdate  os_tick.o
    0x08004358   0x0000002c   Code   RO         5544    i.OS_TickTask       os_tick.o
    0x08004384   0x00000090   Code   RO         5545    i.OS_TickTaskInit   os_tick.o
    0x08004414   0x00000128   Code   RO         5638    i.OS_TmrInit        os_tmr.o
    0x0800453c   0x000000d0   Code   RO         5639    i.OS_TmrLink        os_tmr.o
    0x0800460c   0x00000024   Code   RO         5640    i.OS_TmrResetPeak   os_tmr.o
    0x08004630   0x000000c0   Code   RO         5641    i.OS_TmrTask        os_tmr.o
    0x080046f0   0x00000050   Code   RO         5642    i.OS_TmrUnlink      os_tmr.o
    0x08004740   0x00000020   Code   RO         1768    i.RCC_APB1PeriphClockCmd  stm32f10x_rcc.o
    0x08004760   0x00000020   Code   RO         1769    i.RCC_APB1PeriphResetCmd  stm32f10x_rcc.o
    0x08004780   0x00000020   Code   RO         1770    i.RCC_APB2PeriphClockCmd  stm32f10x_rcc.o
    0x080047a0   0x000000d4   Code   RO         1778    i.RCC_GetClocksFreq  stm32f10x_rcc.o
    0x08004874   0x000000b8   Code   RO         4009    i.SPI3_init         spi_flash.o
    0x0800492c   0x00000018   Code   RO         2256    i.SPI_Cmd           stm32f10x_spi.o
    0x08004944   0x0000003c   Code   RO         2269    i.SPI_Init          stm32f10x_spi.o
    0x08004980   0x00000002   Code   RO         3327    i.SVC_Handler       stm32f10x_it.o
    0x08004982   0x00000008   Code   RO           17    i.SetSysClock       system_stm32f10x.o
    0x0800498a   0x00000002   PAD
    0x0800498c   0x000000e0   Code   RO           18    i.SetSysClockTo72   system_stm32f10x.o
    0x08004a6c   0x00000060   Code   RO           20    i.SystemInit        system_stm32f10x.o
    0x08004acc   0x00000090   Code   RO         4155    i.TIM1_PWM_Init     beep.o
    0x08004b5c   0x00000018   Code   RO         2414    i.TIM_Cmd           stm32f10x_tim.o
    0x08004b74   0x0000001e   Code   RO         2416    i.TIM_CtrlPWMOutputs  stm32f10x_tim.o
    0x08004b92   0x00000002   PAD
    0x08004b94   0x0000007c   Code   RO         2458    i.TIM_OC4Init       stm32f10x_tim.o
    0x08004c10   0x0000001a   Code   RO         2460    i.TIM_OC4PreloadConfig  stm32f10x_tim.o
    0x08004c2a   0x00000002   PAD
    0x08004c2c   0x000000a4   Code   RO         2485    i.TIM_TimeBaseInit  stm32f10x_tim.o
    0x08004cd0   0x00000038   Code   RO         3421    i.USART1_IRQHandler  usart.o
    0x08004d08   0x0000005c   Code   RO         3422    i.USART2_IRQHandler  usart.o
    0x08004d64   0x00000012   Code   RO         2949    i.USART_ClearFlag   stm32f10x_usart.o
    0x08004d76   0x00000018   Code   RO         2953    i.USART_Cmd         stm32f10x_usart.o
    0x08004d8e   0x0000001a   Code   RO         2956    i.USART_GetFlagStatus  stm32f10x_usart.o
    0x08004da8   0x00000054   Code   RO         2957    i.USART_GetITStatus  stm32f10x_usart.o
    0x08004dfc   0x0000004a   Code   RO         2959    i.USART_ITConfig    stm32f10x_usart.o
    0x08004e46   0x00000002   PAD
    0x08004e48   0x000000d8   Code   RO         2960    i.USART_Init        stm32f10x_usart.o
    0x08004f20   0x0000000a   Code   RO         2967    i.USART_ReceiveData  stm32f10x_usart.o
    0x08004f2a   0x00000008   Code   RO         2970    i.USART_SendData    stm32f10x_usart.o
    0x08004f32   0x00000004   Code   RO         3328    i.UsageFault_Handler  stm32f10x_it.o
    0x08004f36   0x00000002   PAD
    0x08004f38   0x00000028   Code   RO         6193    i.__0sprintf$3      mc_w.l(printf3.o)
    0x08004f60   0x0000000e   Code   RO         6448    i.__scatterload_copy  mc_w.l(handlers.o)
    0x08004f6e   0x00000002   Code   RO         6449    i.__scatterload_null  mc_w.l(handlers.o)
    0x08004f70   0x0000000e   Code   RO         6450    i.__scatterload_zeroinit  mc_w.l(handlers.o)
    0x08004f7e   0x00000002   PAD
    0x08004f80   0x000001b8   Code   RO         6198    i._printf_core      mc_w.l(printf3.o)
    0x08005138   0x0000000a   Code   RO         6200    i._sputc            mc_w.l(printf3.o)
    0x08005142   0x00000002   PAD
    0x08005144   0x00000048   Code   RO         3880    i.active_request    clothes.o
    0x0800518c   0x00000014   Code   RO         3881    i.add_lifeLeft      clothes.o
    0x080051a0   0x00000034   Code   RO         3772    i.at24c02_init      at24c02.o
    0x080051d4   0x00000010   Code   RO         4156    i.beep_init         beep.o
    0x080051e4   0x00000010   Code   RO         3731    i.bus_recieve       bus.o
    0x080051f4   0x00000028   Code   RO         3550    i.bus_recieve_string  esp8266.o
    0x0800521c   0x00000018   Code   RO         3732    i.bus_send          bus.o
    0x08005234   0x000000c0   Code   RO         3551    i.bus_send_string   esp8266.o
    0x080052f4   0x00000022   Code   RO         4125    i.char2u32          string.o
    0x08005316   0x00000002   PAD
    0x08005318   0x00000050   Code   RO         3552    i.close_conn        esp8266.o
    0x08005368   0x0000007c   Code   RO         3553    i.connect_ap        esp8266.o
    0x080053e4   0x00000002   Code   RO         3882    i.dead              clothes.o
    0x080053e6   0x00000002   PAD
    0x080053e8   0x00000014   Code   RO         3555    i.enbale_esp8266    esp8266.o
    0x080053fc   0x00000002   Code   RO         4126    i.err_log           string.o
    0x080053fe   0x00000002   PAD
    0x08005400   0x0000006c   Code   RO         3556    i.esp8266_gpio_init  esp8266.o
    0x0800546c   0x00000004   Code   RO         3883    i.get_deviceSubType  clothes.o
    0x08005470   0x00000044   Code   RO         3558    i.get_id            esp8266.o
    0x080054b4   0x00000010   Code   RO         3559    i.get_ip_port       esp8266.o
    0x080054c4   0x00000014   Code   RO         3822    i.get_ip_suffix     key.o
    0x080054d8   0x00000014   Code   RO         3823    i.get_key_blod      key.o
    0x080054ec   0x00000004   Code   RO         3824    i.get_key_gpio      key.o
    0x080054f0   0x00000014   Code   RO         3825    i.get_key_sn        key.o
    0x08005504   0x00000030   Code   RO         3560    i.get_len           esp8266.o
    0x08005534   0x0000000c   Code   RO         3884    i.get_lifeLeft      clothes.o
    0x08005540   0x00000004   Code   RO         3885    i.get_power         clothes.o
    0x08005544   0x00000070   Code   RO         3886    i.hb_task           clothes.o
    0x080055b4   0x00000084   Code   RO         4253    i.i2c_init          i2c.o
    0x08005638   0x0000003e   Code   RO         4127    i.int2chars         string.o
    0x08005676   0x00000002   PAD
    0x08005678   0x0000005c   Code   RO         3827    i.key_state_machine  key.o
    0x080056d4   0x0000002c   Code   RO         3516    i.led_off           led.o
    0x08005700   0x00000064   Code   RO         3196    i.main              main.o
    0x08005764   0x000000b0   Code   RO         3887    i.main_loop         clothes.o
    0x08005814   0x000001c4   Code   RO         3888    i.net_init          clothes.o
    0x080059d8   0x00000020   Code   RO         3828    i.read_key_from_eeprom  key.o
    0x080059f8   0x000000ec   Code   RO         3561    i.recv_data         esp8266.o
    0x08005ae4   0x00000078   Code   RO         3889    i.recv_gun_handler  clothes.o
    0x08005b5c   0x00000040   Code   RO         3890    i.recv_host_handler  clothes.o
    0x08005b9c   0x00000010   Code   RO         3891    i.recv_lcd_handler  clothes.o
    0x08005bac   0x00000078   Code   RO         3892    i.recv_rifle_handler  clothes.o
    0x08005c24   0x00000070   Code   RO         3893    i.recv_task         clothes.o
    0x08005c94   0x00000018   Code   RO         3517    i.red_led_on        led.o
    0x08005cac   0x00000020   Code   RO         3894    i.reduce_blod       clothes.o
    0x08005ccc   0x0000000c   Code   RO         3733    i.register_bus      bus.o
    0x08005cd8   0x00000014   Code   RO         3424    i.reset_buffer      usart.o
    0x08005cec   0x00000084   Code   RO         3562    i.reset_esp8266     esp8266.o
    0x08005d70   0x00000088   Code   RO         3563    i.send_data         esp8266.o
    0x08005df8   0x0000001c   Code   RO         3895    i.sendto_gun        clothes.o
    0x08005e14   0x0000001c   Code   RO         3896    i.sendto_host       clothes.o
    0x08005e30   0x0000001c   Code   RO         3898    i.sendto_rifle      clothes.o
    0x08005e4c   0x00000068   Code   RO         3565    i.set_ap            esp8266.o
    0x08005eb4   0x0000005c   Code   RO         3566    i.set_auto_conn     esp8266.o
    0x08005f10   0x00000060   Code   RO         3567    i.set_bound         esp8266.o
    0x08005f70   0x00000054   Code   RO         3568    i.set_echo          esp8266.o
    0x08005fc4   0x0000005c   Code   RO         3569    i.set_ip            esp8266.o
    0x08006020   0x00000018   Code   RO         3899    i.set_lifeLeft      clothes.o
    0x08006038   0x00000068   Code   RO         3570    i.set_mac_addr      esp8266.o
    0x080060a0   0x00000058   Code   RO         3571    i.set_mode          esp8266.o
    0x080060f8   0x00000058   Code   RO         3572    i.set_mux           esp8266.o
    0x08006150   0x00000044   Code   RO         4266    i.set_time          time.o
    0x08006194   0x0000009c   Code   RO         3900    i.start_clothe_tasks  clothes.o
    0x08006230   0x00000052   Code   RO         3574    i.str_include       esp8266.o
    0x08006282   0x00000002   PAD
    0x08006284   0x00000020   Code   RO         3425    i.uart1_putc        usart.o
    0x080062a4   0x00000020   Code   RO         3426    i.uart2_putc        usart.o
    0x080062c4   0x0000004c   Code   RO         3427    i.uart2_recieve     usart.o
    0x08006310   0x00000018   Code   RO         3428    i.uart2_send        usart.o
    0x08006328   0x00000150   Code   RO         3429    i.uart_inint        usart.o
    0x08006478   0x0000005c   Code   RO         3575    i.udp_close         esp8266.o
    0x080064d4   0x000000dc   Code   RO         3576    i.udp_setup         esp8266.o
    0x080065b0   0x00000064   Code   RO         3901    i.upload_heartbeat  clothes.o
    0x08006614   0x000000a0   Code   RO         3902    i.upload_status_data  clothes.o
    0x080066b4   0x00000020   Code   RO         3578    i.work_esp8266      esp8266.o
    0x080066d4   0x00000018   Code   RO         3518    i.yellow_led_on     led.o
    0x080066ec   0x00000060   Data   RO         3904    .constdata          clothes.o
    0x0800674c   0x000000a4   Data   RO         4602    .constdata          os_cfg_app.o
    0x080067f0   0x0000016c   Data   RO         4870    .constdata          os_dbg.o
    0x0800695c   0x00000020   Data   RO         6446    Region$$Table       anon$$obj.o


    Execution Region RW_IRAM1 (Base: 0x20000000, Size: 0x00004068, Max: 0x0000c000, ABSOLUTE, COMPRESSED[0x00000090])

    Base Addr    Size         Type   Attr      Idx    E Section Name        Object

    0x20000000   0x00000014   Data   RW         1798    .data               stm32f10x_rcc.o
    0x20000014   0x00000010   Data   RW         3432    .data               usart.o
    0x20000024   0x00000001   Data   RW         3580    .data               esp8266.o
    0x20000025   0x00000003   PAD
    0x20000028   0x00000008   Data   RW         3734    .data               bus.o
    0x20000030   0x0000002b   Data   RW         3830    .data               key.o
    0x2000005b   0x00000001   PAD
    0x2000005c   0x0000009c   Data   RW         3905    .data               clothes.o
    0x200000f8   0x00000008   Data   RW         4267    .data               time.o
    0x20000100   0x0000001c   Data   RW         4421    .data               cpu_core.o
    0x2000011c   0x00000004   Data   RW         4533    .data               os_cpu_c.o
    0x20000120   0x00000008   Data   RW         5182    .data               os_prio.o
    0x20000128   0x000000d8   Data   RW         5720    .data               os_var.o
    0x20000200   0x000004d0   Zero   RW         3197    .bss                main.o
    0x200006d0   0x00000800   Zero   RW         3431    .bss                usart.o
    0x20000ed0   0x00000968   Zero   RW         3579    .bss                esp8266.o
    0x20001838   0x00000029   Zero   RW         3829    .bss                key.o
    0x20001861   0x00000007   PAD
    0x20001868   0x000008a0   Zero   RW         3903    .bss                clothes.o
    0x20002108   0x00001450   Zero   RW         4601    .bss                os_cfg_app.o
    0x20003558   0x00000710   Zero   RW         5719    .bss                os_var.o
    0x20003c68   0x00000400   Zero   RW         3189    STACK               startup_stm32f10x_hd.o


==============================================================================

Image component sizes


      Code (inc. data)   RO Data    RW Data    ZI Data      Debug   Object Name

        52          6          0          0          0        439   at24c02.o
       160          8          0          0          0       1064   beep.o
        60          6          0          0          0       1292   bsp.o
        52         16          0          8          0       1836   bus.o
      1842        252         96        156       2208      11498   clothes.o
         0          0          0          0          0       4536   core_cm3.o
        42          0          0          0          0        244   cpu_a.o
       296         52          0         28          0       4816   cpu_core.o
      2374        542          0          1       2408      14072   esp8266.o
       132         12          0          0          0        539   i2c.o
        84         12          0          0          0        445   irda.o
       188         30          0         43         41       3187   key.o
       200         30          0          0          0       1678   led.o
       100         30          0          0       1232      30339   main.o
       132         22          0          0          0     206215   misc.o
       252        166        164          0       5200      19839   os_cfg_app.o
      2904        378          0          0          0      17084   os_core.o
       132         32          0          0          0        272   os_cpu_a.o
       640         66          0          4          0       6293   os_cpu_c.o
       432        286        364          0          0       4515   os_dbg.o
       746         28          0          0          0       2705   os_flag.o
      1092        194          0          0          0       3202   os_int.o
        24         10          0          0          0        709   os_mem.o
       436         22          0          0          0       3220   os_msg.o
        24         10          0          0          0        711   os_mutex.o
       136         16          0          8          0       2406   os_prio.o
       416         20          0          0          0       1934   os_q.o
       432         14          0          0          0       1934   os_sem.o
      1068        158          0          0          0       2526   os_stat.o
      3996        184          0          0          0       9332   os_task.o
      1308        120          0          0          0       4801   os_tick.o
       960         46          0          0          0       2741   os_time.o
       812        134          0          0          0       3656   os_tmr.o
         0          0          0        216       1808      18442   os_var.o
       184         18          0          0          0        568   spi_flash.o
        36          8        304          0       1024        792   startup_stm32f10x_hd.o
       440          6          0          0          0      12646   stm32f10x_gpio.o
       390         20          0          0          0      13068   stm32f10x_i2c.o
        22          0          0          0          0       2739   stm32f10x_it.o
       308         38          0         20          0      13591   stm32f10x_rcc.o
        84          0          0          0          0       8973   stm32f10x_spi.o
       368         52          0          0          0      23771   stm32f10x_tim.o
       460          6          0          0          0      12499   stm32f10x_usart.o
        98          0          0          0          0       1593   string.o
       328         28          0          0          0      60157   system_stm32f10x.o
        40          6          0          0          0        519   task.o
        68          6          0          8          0        671   time.o
       668         94          0         16       2048     210440   usart.o

    ----------------------------------------------------------------------
     25056       3184        960        512      15976     750549   Object Totals
         0          0         32          0          0          0   (incl. Generated)
        38          0          0          4          7          0   (incl. Padding)

    ----------------------------------------------------------------------

      Code (inc. data)   RO Data    RW Data    ZI Data      Debug   Library Member Name

        86          0          0          0          0          0   __dczerorl2.o
         0          0          0          0          0          0   entry.o
         0          0          0          0          0          0   entry10a.o
         0          0          0          0          0          0   entry11a.o
         8          4          0          0          0          0   entry2.o
         4          0          0          0          0          0   entry5.o
         0          0          0          0          0          0   entry7b.o
         0          0          0          0          0          0   entry8b.o
         8          4          0          0          0          0   entry9a.o
        30          0          0          0          0          0   handlers.o
        36          8          0          0          0         68   init.o
        30          0          0          0          0         68   llshl.o
        32          0          0          0          0         68   llushr.o
        36          0          0          0          0         68   memcpya.o
        36          0          0          0          0        108   memseta.o
       490         10          0          0          0        252   printf3.o
        14          0          0          0          0         68   strlen.o
        30          0          0          0          0         80   strncmp.o
        44          0          0          0          0         80   uidiv.o
        98          0          0          0          0         92   uldiv.o

    ----------------------------------------------------------------------
       988         26          0          0          0        952   Library Totals
         6          0          0          0          0          0   (incl. Padding)

    ----------------------------------------------------------------------

      Code (inc. data)   RO Data    RW Data    ZI Data      Debug   Library Name

       982         26          0          0          0        952   mc_w.l

    ----------------------------------------------------------------------
       988         26          0          0          0        952   Library Totals

    ----------------------------------------------------------------------

==============================================================================


      Code (inc. data)   RO Data    RW Data    ZI Data      Debug   

     26044       3210        960        512      15976     739929   Grand Totals
     26044       3210        960        144      15976     739929   ELF Image Totals (compressed)
     26044       3210        960        144          0          0   ROM Totals

==============================================================================

    Total RO  Size (Code + RO Data)                27004 (  26.37kB)
    Total RW  Size (RW Data + ZI Data)             16488 (  16.10kB)
    Total ROM Size (Code + RO Data + RW Data)      27148 (  26.51kB)

==============================================================================

