<html>
<body>
<pre>
<h1>µVision Build Log</h1>
<h2>Tool Versions:</h2>
IDE-Version: ¦ÌVision V5.14.0.0
Copyright (C) 2015 ARM Ltd and ARM Germany GmbH. All rights reserved.
License Information: jj jj, jj, LIC=MGXAR-KU0TA-GP1ZR-KBERL-EPB18-37ZFE
 
Tool Versions:
Toolchain:       MDK-ARM Professional  Version: 5.14.0.0
Toolchain Path:  C:\Keil_v5\ARM\ARMCC\Bin
C Compiler:      Armcc.exe V5.05 update 1 (build 106)
Assembler:       Armasm.exe V5.05 update 1 (build 106)
Linker/Locator:  ArmLink.exe V5.05 update 1 (build 106)
Library Manager: ArmAr.exe V5.05 update 1 (build 106)
Hex Converter:   FromElf.exe V5.05 update 1 (build 106)
CPU DLL:         SARMCM3.DLL V5.14.0.0
Dialog DLL:      DCM.DLL V1.13.1.0
Target DLL:      Segger\JL2CM3.dll V2.99.13.0
Dialog DLL:      TCM.DLL V1.14.4.0
 
<h2>Project:</h2>
D:\Ë½»î\Ç¹\UCOS+3.02\UCOS 3.02\Project.uvprojx
Project File Date:  08/16/2016

<h2>Output:</h2>
Build target 'Target 1'
compiling clothes.c...
clothes.c(284): warning:  #223-D: function "set_bound" declared implicitly
        if (set_bound() < 0)
clothes.c(299): warning:  #223-D: function "set_mac_addr" declared implicitly
        if (set_mac_addr() < 0)
clothes.c(57): warning:  #177-D: function "sendto_lcd" was declared but never referenced
  static s8 sendto_lcd(char *buf, u16 len)
clothes.c: 3 warnings, 0 errors
linking...
Program Size: Code=26044 RO-data=960 RW-data=512 ZI-data=15976  
FromELF: creating hex file...
".\Out\Project.axf" - 0 Error(s), 3 Warning(s).

<h2>Collection of Component include folders:</h2>
  D:\Ë½»î\Ç¹\UCOS+3.02\UCOS 3.02\RTE
  C:\Keil_v5\ARM\PACK\Keil\STM32F1xx_DFP\2.1.0

<h2>Collection of Component Files used:</h2>
</pre>
</body>
</html>
